[0.009s] Invoking command in '/home/sanmaster/pim-kinova/build/custom_hardware_plugins': CMAKE_PREFIX_PATH=${CMAKE_PREFIX_PATH}:/home/sanmaster/pim-kinova/install/barrier_control:/opt/ros/humble /usr/bin/cmake --build /home/sanmaster/pim-kinova/build/custom_hardware_plugins -- -j12 -l12
[0.070s] [100%] Built target custom_hardware_plugins
[0.085s] Invoked command in '/home/sanmaster/pim-kinova/build/custom_hardware_plugins' returned '0': CMAKE_PREFIX_PATH=${CMAKE_PREFIX_PATH}:/home/sanmaster/pim-kinova/install/barrier_control:/opt/ros/humble /usr/bin/cmake --build /home/sanmaster/pim-kinova/build/custom_hardware_plugins -- -j12 -l12
[0.115s] Invoking command in '/home/sanmaster/pim-kinova/build/custom_hardware_plugins': CMAKE_PREFIX_PATH=${CMAKE_PREFIX_PATH}:/home/sanmaster/pim-kinova/install/barrier_control:/opt/ros/humble /usr/bin/cmake --install /home/sanmaster/pim-kinova/build/custom_hardware_plugins
[0.123s] -- Install configuration: ""
[0.123s] -- Execute custom install script
[0.124s] -- Up-to-date symlink: /home/sanmaster/pim-kinova/install/custom_hardware_plugins/share/custom_hardware_plugins//plugins.xml
[0.124s] -- Up-to-date symlink: /home/sanmaster/pim-kinova/install/custom_hardware_plugins/share/custom_hardware_plugins/plugins.xml
[0.124s] -- Up-to-date symlink: /home/sanmaster/pim-kinova/install/custom_hardware_plugins/share/custom_hardware_plugins/environment/library_path.sh
[0.125s] -- Up-to-date symlink: /home/sanmaster/pim-kinova/install/custom_hardware_plugins/share/custom_hardware_plugins/environment/library_path.dsv
[0.125s] -- Up-to-date symlink: /home/sanmaster/pim-kinova/install/custom_hardware_plugins/share/ament_index/resource_index/package_run_dependencies/custom_hardware_plugins
[0.125s] -- Up-to-date symlink: /home/sanmaster/pim-kinova/install/custom_hardware_plugins/share/ament_index/resource_index/parent_prefix_path/custom_hardware_plugins
[0.126s] -- Up-to-date symlink: /home/sanmaster/pim-kinova/install/custom_hardware_plugins/share/custom_hardware_plugins/environment/ament_prefix_path.sh
[0.126s] -- Up-to-date symlink: /home/sanmaster/pim-kinova/install/custom_hardware_plugins/share/custom_hardware_plugins/environment/ament_prefix_path.dsv
[0.126s] -- Up-to-date symlink: /home/sanmaster/pim-kinova/install/custom_hardware_plugins/share/custom_hardware_plugins/environment/path.sh
[0.127s] -- Up-to-date symlink: /home/sanmaster/pim-kinova/install/custom_hardware_plugins/share/custom_hardware_plugins/environment/path.dsv
[0.127s] -- Up-to-date symlink: /home/sanmaster/pim-kinova/install/custom_hardware_plugins/share/custom_hardware_plugins/local_setup.bash
[0.127s] -- Up-to-date symlink: /home/sanmaster/pim-kinova/install/custom_hardware_plugins/share/custom_hardware_plugins/local_setup.sh
[0.127s] -- Up-to-date symlink: /home/sanmaster/pim-kinova/install/custom_hardware_plugins/share/custom_hardware_plugins/local_setup.zsh
[0.128s] -- Up-to-date symlink: /home/sanmaster/pim-kinova/install/custom_hardware_plugins/share/custom_hardware_plugins/local_setup.dsv
[0.128s] -- Symlinking: /home/sanmaster/pim-kinova/install/custom_hardware_plugins/share/custom_hardware_plugins/package.dsv
[0.139s] -- Up-to-date symlink: /home/sanmaster/pim-kinova/install/custom_hardware_plugins/share/ament_index/resource_index/packages/custom_hardware_plugins
[0.139s] -- Up-to-date symlink: /home/sanmaster/pim-kinova/install/custom_hardware_plugins/share/ament_index/resource_index/custom_hardware_plugins__pluginlib__plugin/custom_hardware_plugins
[0.139s] -- Up-to-date symlink: /home/sanmaster/pim-kinova/install/custom_hardware_plugins/share/custom_hardware_plugins/cmake/ament_cmake_export_dependencies-extras.cmake
[0.140s] -- Up-to-date symlink: /home/sanmaster/pim-kinova/install/custom_hardware_plugins/share/custom_hardware_plugins/cmake/ament_cmake_export_targets-extras.cmake
[0.140s] -- Up-to-date symlink: /home/sanmaster/pim-kinova/install/custom_hardware_plugins/share/custom_hardware_plugins/cmake/custom_hardware_pluginsConfig.cmake
[0.140s] -- Up-to-date symlink: /home/sanmaster/pim-kinova/install/custom_hardware_plugins/share/custom_hardware_plugins/cmake/custom_hardware_pluginsConfig-version.cmake
[0.141s] -- Up-to-date symlink: /home/sanmaster/pim-kinova/install/custom_hardware_plugins/share/custom_hardware_plugins/package.xml
[0.141s] -- Up-to-date: /home/sanmaster/pim-kinova/install/custom_hardware_plugins/lib/libcustom_hardware_plugins.so
[0.141s] -- Up-to-date: /home/sanmaster/pim-kinova/install/custom_hardware_plugins/share/custom_hardware_plugins/cmake/custom_hardware_pluginsExport.cmake
[0.142s] -- Up-to-date: /home/sanmaster/pim-kinova/install/custom_hardware_plugins/share/custom_hardware_plugins/cmake/custom_hardware_pluginsExport-noconfig.cmake
[0.145s] Invoked command in '/home/sanmaster/pim-kinova/build/custom_hardware_plugins' returned '0': CMAKE_PREFIX_PATH=${CMAKE_PREFIX_PATH}:/home/sanmaster/pim-kinova/install/barrier_control:/opt/ros/humble /usr/bin/cmake --install /home/sanmaster/pim-kinova/build/custom_hardware_plugins
