running develop
/usr/lib/python3/dist-packages/setuptools/command/easy_install.py:158: EasyInstallDeprecationWarning: easy_install command is deprecated. Use build and pip and other standards-based tools.
  warnings.warn(
running egg_info
writing barrier_control.egg-info/PKG-INFO
writing dependency_links to barrier_control.egg-info/dependency_links.txt
writing entry points to barrier_control.egg-info/entry_points.txt
writing requirements to barrier_control.egg-info/requires.txt
writing top-level names to barrier_control.egg-info/top_level.txt
reading manifest file 'barrier_control.egg-info/SOURCES.txt'
writing manifest file 'barrier_control.egg-info/SOURCES.txt'
running build_ext
Creating /home/sanmaster/pim-kinova/install/barrier_control/lib/python3.10/site-packages/barrier-control.egg-link (link to .)
Installing pose_listener script to /home/sanmaster/pim-kinova/install/barrier_control/lib/barrier_control
Installing rigid_body_dynamics_controller script to /home/sanmaster/pim-kinova/install/barrier_control/lib/barrier_control
Installing state_listener script to /home/sanmaster/pim-kinova/install/barrier_control/lib/barrier_control

Installed /home/sanmaster/pim-kinova/build/barrier_control
running symlink_data
creating /home/sanmaster/pim-kinova/install/barrier_control/share/barrier_control/launch
symbolically linking /home/sanmaster/pim-kinova/build/barrier_control/launch/launch_control.py -> /home/sanmaster/pim-kinova/install/barrier_control/share/barrier_control/launch
