[0.012s] Invoking command in '/home/sanmaster/pim-kinova/build/custom_hardware_plugins': CMAKE_PREFIX_PATH=/opt/ros/humble /usr/bin/cmake --build /home/sanmaster/pim-kinova/build/custom_hardware_plugins -- -j12 -l12
[0.039s] -- Found ament_cmake: 1.3.10 (/opt/ros/humble/share/ament_cmake/cmake)
[0.165s] -- Override CMake install command with custom implementation using symlinks instead of copying resources
[0.173s] -- Found hardware_interface: 2.43.0 (/opt/ros/humble/share/hardware_interface/cmake)
[0.206s] -- Found rosidl_generator_c: 3.1.5 (/opt/ros/humble/share/rosidl_generator_c/cmake)
[0.208s] -- Found rosidl_adapter: 3.1.5 (/opt/ros/humble/share/rosidl_adapter/cmake)
[0.215s] -- Found rosidl_generator_cpp: 3.1.5 (/opt/ros/humble/share/rosidl_generator_cpp/cmake)
[0.226s] -- Using all available rosidl_typesupport_c: rosidl_typesupport_fastrtps_c;rosidl_typesupport_introspection_c
[0.243s] -- Using all available rosidl_typesupport_cpp: rosidl_typesupport_fastrtps_cpp;rosidl_typesupport_introspection_cpp
[0.466s] -- Found rmw_implementation_cmake: 6.1.2 (/opt/ros/humble/share/rmw_implementation_cmake/cmake)
[0.468s] -- Found rmw_fastrtps_cpp: 6.2.7 (/opt/ros/humble/share/rmw_fastrtps_cpp/cmake)
[0.490s] -- Found TinyXML2 via Config file: TinyXML2_DIR-NOTFOUND
[0.499s] -- Found TinyXML2 via Config file: TinyXML2_DIR-NOTFOUND
[0.518s] -- Found TinyXML2 via Config file: TinyXML2_DIR-NOTFOUND
[0.527s] -- Found TinyXML2 via Config file: TinyXML2_DIR-NOTFOUND
[0.538s] -- Using RMW implementation 'rmw_fastrtps_cpp' as default
[0.588s] [31mCMake Error at CMakeLists.txt:17 (target_include_directories):
[0.588s]   Cannot specify include directories for target
[0.588s]   "velocity_integrator_hardware" which is not built by this project.
[0.588s] 
[0.588s] [0m
[0.588s] [31mCMake Error at /opt/ros/humble/share/ament_cmake_target_dependencies/cmake/ament_target_dependencies.cmake:42 (message):
[0.588s]   ament_target_dependencies() the first argument must be a valid target name
[0.589s] Call Stack (most recent call first):
[0.589s]   CMakeLists.txt:22 (ament_target_dependencies)
[0.589s] 
[0.589s] [0m
[0.589s] -- Configuring incomplete, errors occurred!
[0.589s] See also "/home/sanmaster/pim-kinova/build/custom_hardware_plugins/CMakeFiles/CMakeOutput.log".
[0.595s] gmake: *** [Makefile:267: cmake_check_build_system] Error 1
[0.597s] Invoked command in '/home/sanmaster/pim-kinova/build/custom_hardware_plugins' returned '2': CMAKE_PREFIX_PATH=/opt/ros/humble /usr/bin/cmake --build /home/sanmaster/pim-kinova/build/custom_hardware_plugins -- -j12 -l12
