[0.125s] DEBUG:colcon:Command line arguments: ['/usr/bin/colcon', 'build', '--symlink-install', '--parallel-workers', '2']
[0.125s] DEBUG:colcon:Parsed command line arguments: Namespace(log_base=None, log_level=None, verb_name='build', build_base='build', install_base='install', merge_install=False, symlink_install=True, test_result_base=None, continue_on_error=False, executor='parallel', parallel_workers=2, event_handlers=None, ignore_user_meta=False, metas=['./colcon.meta'], base_paths=['.'], packages_ignore=None, packages_ignore_regex=None, paths=None, packages_up_to=None, packages_up_to_regex=None, packages_above=None, packages_above_and_dependencies=None, packages_above_depth=None, packages_select_by_dep=None, packages_skip_by_dep=None, packages_skip_up_to=None, packages_select_build_failed=False, packages_skip_build_finished=False, packages_select_test_failures=False, packages_skip_test_passed=False, packages_select=None, packages_skip=None, packages_select_regex=None, packages_skip_regex=None, packages_start=None, packages_end=None, allow_overriding=[], cmake_args=None, cmake_target=None, cmake_target_skip_unavailable=False, cmake_clean_cache=False, cmake_clean_first=False, cmake_force_configure=False, ament_cmake_args=None, catkin_cmake_args=None, catkin_skip_building_tests=False, mixin_files=None, mixin=None, verb_parser=<colcon_mixin.mixin.mixin_argument.MixinArgumentDecorator object at 0x779b078737f0>, verb_extension=<colcon_core.verb.build.BuildVerb object at 0x779b078731f0>, main=<bound method BuildVerb.main of <colcon_core.verb.build.BuildVerb object at 0x779b078731f0>>, mixin_verb=('build',))
[0.334s] Level 1:colcon.colcon_core.package_discovery:discover_packages(colcon_meta) check parameters
[0.334s] Level 1:colcon.colcon_core.package_discovery:discover_packages(recursive) check parameters
[0.334s] Level 1:colcon.colcon_core.package_discovery:discover_packages(ignore) check parameters
[0.334s] Level 1:colcon.colcon_core.package_discovery:discover_packages(path) check parameters
[0.334s] Level 1:colcon.colcon_core.package_discovery:discover_packages(colcon_meta) discover
[0.334s] Level 1:colcon.colcon_core.package_discovery:discover_packages(recursive) discover
[0.334s] INFO:colcon.colcon_core.package_discovery:Crawling recursively for packages in '/home/sanmaster/pim-kinova'
[0.334s] Level 1:colcon.colcon_core.package_identification:_identify(.) by extensions ['ignore', 'ignore_ament_install']
[0.335s] Level 1:colcon.colcon_core.package_identification:_identify(.) by extension 'ignore'
[0.335s] Level 1:colcon.colcon_core.package_identification:_identify(.) by extension 'ignore_ament_install'
[0.335s] Level 1:colcon.colcon_core.package_identification:_identify(.) by extensions ['colcon_pkg']
[0.335s] Level 1:colcon.colcon_core.package_identification:_identify(.) by extension 'colcon_pkg'
[0.335s] Level 1:colcon.colcon_core.package_identification:_identify(.) by extensions ['colcon_meta']
[0.335s] Level 1:colcon.colcon_core.package_identification:_identify(.) by extension 'colcon_meta'
[0.335s] Level 1:colcon.colcon_core.package_identification:_identify(.) by extensions ['ros']
[0.335s] Level 1:colcon.colcon_core.package_identification:_identify(.) by extension 'ros'
[0.346s] Level 1:colcon.colcon_core.package_identification:_identify(.) by extensions ['cmake', 'python']
[0.347s] Level 1:colcon.colcon_core.package_identification:_identify(.) by extension 'cmake'
[0.347s] Level 1:colcon.colcon_core.package_identification:_identify(.) by extension 'python'
[0.347s] Level 1:colcon.colcon_core.package_identification:_identify(.) by extensions ['python_setup_py']
[0.347s] Level 1:colcon.colcon_core.package_identification:_identify(.) by extension 'python_setup_py'
[0.347s] Level 1:colcon.colcon_core.package_identification:_identify(build) by extensions ['ignore', 'ignore_ament_install']
[0.347s] Level 1:colcon.colcon_core.package_identification:_identify(build) by extension 'ignore'
[0.347s] Level 1:colcon.colcon_core.package_identification:_identify(build) ignored
[0.347s] Level 1:colcon.colcon_core.package_identification:_identify(install) by extensions ['ignore', 'ignore_ament_install']
[0.347s] Level 1:colcon.colcon_core.package_identification:_identify(install) by extension 'ignore'
[0.347s] Level 1:colcon.colcon_core.package_identification:_identify(install) ignored
[0.348s] Level 1:colcon.colcon_core.package_identification:_identify(log) by extensions ['ignore', 'ignore_ament_install']
[0.348s] Level 1:colcon.colcon_core.package_identification:_identify(log) by extension 'ignore'
[0.348s] Level 1:colcon.colcon_core.package_identification:_identify(log) ignored
[0.348s] Level 1:colcon.colcon_core.package_identification:_identify(src) by extensions ['ignore', 'ignore_ament_install']
[0.348s] Level 1:colcon.colcon_core.package_identification:_identify(src) by extension 'ignore'
[0.348s] Level 1:colcon.colcon_core.package_identification:_identify(src) by extension 'ignore_ament_install'
[0.348s] Level 1:colcon.colcon_core.package_identification:_identify(src) by extensions ['colcon_pkg']
[0.348s] Level 1:colcon.colcon_core.package_identification:_identify(src) by extension 'colcon_pkg'
[0.348s] Level 1:colcon.colcon_core.package_identification:_identify(src) by extensions ['colcon_meta']
[0.348s] Level 1:colcon.colcon_core.package_identification:_identify(src) by extension 'colcon_meta'
[0.348s] Level 1:colcon.colcon_core.package_identification:_identify(src) by extensions ['ros']
[0.348s] Level 1:colcon.colcon_core.package_identification:_identify(src) by extension 'ros'
[0.348s] Level 1:colcon.colcon_core.package_identification:_identify(src) by extensions ['cmake', 'python']
[0.348s] Level 1:colcon.colcon_core.package_identification:_identify(src) by extension 'cmake'
[0.349s] Level 1:colcon.colcon_core.package_identification:_identify(src) by extension 'python'
[0.349s] Level 1:colcon.colcon_core.package_identification:_identify(src) by extensions ['python_setup_py']
[0.349s] Level 1:colcon.colcon_core.package_identification:_identify(src) by extension 'python_setup_py'
[0.349s] Level 1:colcon.colcon_core.package_identification:_identify(src/barrier_control) by extensions ['ignore', 'ignore_ament_install']
[0.349s] Level 1:colcon.colcon_core.package_identification:_identify(src/barrier_control) by extension 'ignore'
[0.349s] Level 1:colcon.colcon_core.package_identification:_identify(src/barrier_control) by extension 'ignore_ament_install'
[0.349s] Level 1:colcon.colcon_core.package_identification:_identify(src/barrier_control) by extensions ['colcon_pkg']
[0.349s] Level 1:colcon.colcon_core.package_identification:_identify(src/barrier_control) by extension 'colcon_pkg'
[0.349s] Level 1:colcon.colcon_core.package_identification:_identify(src/barrier_control) by extensions ['colcon_meta']
[0.349s] Level 1:colcon.colcon_core.package_identification:_identify(src/barrier_control) by extension 'colcon_meta'
[0.349s] Level 1:colcon.colcon_core.package_identification:_identify(src/barrier_control) by extensions ['ros']
[0.349s] Level 1:colcon.colcon_core.package_identification:_identify(src/barrier_control) by extension 'ros'
[0.359s] DEBUG:colcon.colcon_core.package_identification:Package 'src/barrier_control' with type 'ros.ament_python' and name 'barrier_control'
[0.359s] Level 1:colcon.colcon_core.package_identification:_identify(src/custom_hardware_plugins) by extensions ['ignore', 'ignore_ament_install']
[0.359s] Level 1:colcon.colcon_core.package_identification:_identify(src/custom_hardware_plugins) by extension 'ignore'
[0.359s] Level 1:colcon.colcon_core.package_identification:_identify(src/custom_hardware_plugins) by extension 'ignore_ament_install'
[0.359s] Level 1:colcon.colcon_core.package_identification:_identify(src/custom_hardware_plugins) by extensions ['colcon_pkg']
[0.360s] Level 1:colcon.colcon_core.package_identification:_identify(src/custom_hardware_plugins) by extension 'colcon_pkg'
[0.360s] Level 1:colcon.colcon_core.package_identification:_identify(src/custom_hardware_plugins) by extensions ['colcon_meta']
[0.360s] Level 1:colcon.colcon_core.package_identification:_identify(src/custom_hardware_plugins) by extension 'colcon_meta'
[0.360s] Level 1:colcon.colcon_core.package_identification:_identify(src/custom_hardware_plugins) by extensions ['ros']
[0.360s] Level 1:colcon.colcon_core.package_identification:_identify(src/custom_hardware_plugins) by extension 'ros'
[0.361s] DEBUG:colcon.colcon_core.package_identification:Package 'src/custom_hardware_plugins' with type 'ros.ament_cmake' and name 'custom_hardware_plugins'
[0.361s] Level 1:colcon.colcon_core.package_identification:_identify(src/kortex_bringup) by extensions ['ignore', 'ignore_ament_install']
[0.361s] Level 1:colcon.colcon_core.package_identification:_identify(src/kortex_bringup) by extension 'ignore'
[0.361s] Level 1:colcon.colcon_core.package_identification:_identify(src/kortex_bringup) by extension 'ignore_ament_install'
[0.361s] Level 1:colcon.colcon_core.package_identification:_identify(src/kortex_bringup) by extensions ['colcon_pkg']
[0.361s] Level 1:colcon.colcon_core.package_identification:_identify(src/kortex_bringup) by extension 'colcon_pkg'
[0.361s] Level 1:colcon.colcon_core.package_identification:_identify(src/kortex_bringup) by extensions ['colcon_meta']
[0.361s] Level 1:colcon.colcon_core.package_identification:_identify(src/kortex_bringup) by extension 'colcon_meta'
[0.361s] Level 1:colcon.colcon_core.package_identification:_identify(src/kortex_bringup) by extensions ['ros']
[0.361s] Level 1:colcon.colcon_core.package_identification:_identify(src/kortex_bringup) by extension 'ros'
[0.362s] DEBUG:colcon.colcon_core.package_identification:Package 'src/kortex_bringup' with type 'ros.ament_cmake' and name 'kortex_bringup'
[0.362s] Level 1:colcon.colcon_core.package_identification:_identify(src/kortex_description) by extensions ['ignore', 'ignore_ament_install']
[0.362s] Level 1:colcon.colcon_core.package_identification:_identify(src/kortex_description) by extension 'ignore'
[0.362s] Level 1:colcon.colcon_core.package_identification:_identify(src/kortex_description) by extension 'ignore_ament_install'
[0.362s] Level 1:colcon.colcon_core.package_identification:_identify(src/kortex_description) by extensions ['colcon_pkg']
[0.362s] Level 1:colcon.colcon_core.package_identification:_identify(src/kortex_description) by extension 'colcon_pkg'
[0.362s] Level 1:colcon.colcon_core.package_identification:_identify(src/kortex_description) by extensions ['colcon_meta']
[0.362s] Level 1:colcon.colcon_core.package_identification:_identify(src/kortex_description) by extension 'colcon_meta'
[0.362s] Level 1:colcon.colcon_core.package_identification:_identify(src/kortex_description) by extensions ['ros']
[0.362s] Level 1:colcon.colcon_core.package_identification:_identify(src/kortex_description) by extension 'ros'
[0.363s] DEBUG:colcon.colcon_core.package_identification:Package 'src/kortex_description' with type 'ros.ament_cmake' and name 'kortex_description'
[0.363s] Level 1:colcon.colcon_core.package_discovery:discover_packages(recursive) using defaults
[0.363s] Level 1:colcon.colcon_core.package_discovery:discover_packages(ignore) discover
[0.363s] Level 1:colcon.colcon_core.package_discovery:discover_packages(ignore) using defaults
[0.363s] Level 1:colcon.colcon_core.package_discovery:discover_packages(path) discover
[0.363s] Level 1:colcon.colcon_core.package_discovery:discover_packages(path) using defaults
[0.384s] Level 1:colcon.colcon_core.package_discovery:discover_packages(prefix_path) check parameters
[0.384s] Level 1:colcon.colcon_core.package_discovery:discover_packages(prefix_path) discover
[0.386s] DEBUG:colcon.colcon_installed_package_information.package_discovery:Found 4 installed packages in /home/sanmaster/pim-kinova/install
[0.388s] DEBUG:colcon.colcon_installed_package_information.package_discovery:Found 453 installed packages in /opt/ros/humble
[0.391s] Level 1:colcon.colcon_core.package_discovery:discover_packages(prefix_path) using defaults
[0.451s] Level 5:colcon.colcon_core.verb:set package 'barrier_control' build argument 'cmake_args' from command line to 'None'
[0.451s] Level 5:colcon.colcon_core.verb:set package 'barrier_control' build argument 'cmake_target' from command line to 'None'
[0.451s] Level 5:colcon.colcon_core.verb:set package 'barrier_control' build argument 'cmake_target_skip_unavailable' from command line to 'False'
[0.451s] Level 5:colcon.colcon_core.verb:set package 'barrier_control' build argument 'cmake_clean_cache' from command line to 'False'
[0.451s] Level 5:colcon.colcon_core.verb:set package 'barrier_control' build argument 'cmake_clean_first' from command line to 'False'
[0.451s] Level 5:colcon.colcon_core.verb:set package 'barrier_control' build argument 'cmake_force_configure' from command line to 'False'
[0.451s] Level 5:colcon.colcon_core.verb:set package 'barrier_control' build argument 'ament_cmake_args' from command line to 'None'
[0.451s] Level 5:colcon.colcon_core.verb:set package 'barrier_control' build argument 'catkin_cmake_args' from command line to 'None'
[0.451s] Level 5:colcon.colcon_core.verb:set package 'barrier_control' build argument 'catkin_skip_building_tests' from command line to 'False'
[0.451s] DEBUG:colcon.colcon_core.verb:Building package 'barrier_control' with the following arguments: {'ament_cmake_args': None, 'build_base': '/home/sanmaster/pim-kinova/build/barrier_control', 'catkin_cmake_args': None, 'catkin_skip_building_tests': False, 'cmake_args': None, 'cmake_clean_cache': False, 'cmake_clean_first': False, 'cmake_force_configure': False, 'cmake_target': None, 'cmake_target_skip_unavailable': False, 'install_base': '/home/sanmaster/pim-kinova/install/barrier_control', 'merge_install': False, 'path': '/home/sanmaster/pim-kinova/src/barrier_control', 'symlink_install': True, 'test_result_base': None}
[0.451s] Level 5:colcon.colcon_core.verb:set package 'custom_hardware_plugins' build argument 'cmake_args' from command line to 'None'
[0.451s] Level 5:colcon.colcon_core.verb:set package 'custom_hardware_plugins' build argument 'cmake_target' from command line to 'None'
[0.451s] Level 5:colcon.colcon_core.verb:set package 'custom_hardware_plugins' build argument 'cmake_target_skip_unavailable' from command line to 'False'
[0.451s] Level 5:colcon.colcon_core.verb:set package 'custom_hardware_plugins' build argument 'cmake_clean_cache' from command line to 'False'
[0.451s] Level 5:colcon.colcon_core.verb:set package 'custom_hardware_plugins' build argument 'cmake_clean_first' from command line to 'False'
[0.452s] Level 5:colcon.colcon_core.verb:set package 'custom_hardware_plugins' build argument 'cmake_force_configure' from command line to 'False'
[0.452s] Level 5:colcon.colcon_core.verb:set package 'custom_hardware_plugins' build argument 'ament_cmake_args' from command line to 'None'
[0.452s] Level 5:colcon.colcon_core.verb:set package 'custom_hardware_plugins' build argument 'catkin_cmake_args' from command line to 'None'
[0.452s] Level 5:colcon.colcon_core.verb:set package 'custom_hardware_plugins' build argument 'catkin_skip_building_tests' from command line to 'False'
[0.452s] DEBUG:colcon.colcon_core.verb:Building package 'custom_hardware_plugins' with the following arguments: {'ament_cmake_args': None, 'build_base': '/home/sanmaster/pim-kinova/build/custom_hardware_plugins', 'catkin_cmake_args': None, 'catkin_skip_building_tests': False, 'cmake_args': None, 'cmake_clean_cache': False, 'cmake_clean_first': False, 'cmake_force_configure': False, 'cmake_target': None, 'cmake_target_skip_unavailable': False, 'install_base': '/home/sanmaster/pim-kinova/install/custom_hardware_plugins', 'merge_install': False, 'path': '/home/sanmaster/pim-kinova/src/custom_hardware_plugins', 'symlink_install': True, 'test_result_base': None}
[0.452s] Level 5:colcon.colcon_core.verb:set package 'kortex_description' build argument 'cmake_args' from command line to 'None'
[0.452s] Level 5:colcon.colcon_core.verb:set package 'kortex_description' build argument 'cmake_target' from command line to 'None'
[0.452s] Level 5:colcon.colcon_core.verb:set package 'kortex_description' build argument 'cmake_target_skip_unavailable' from command line to 'False'
[0.452s] Level 5:colcon.colcon_core.verb:set package 'kortex_description' build argument 'cmake_clean_cache' from command line to 'False'
[0.452s] Level 5:colcon.colcon_core.verb:set package 'kortex_description' build argument 'cmake_clean_first' from command line to 'False'
[0.452s] Level 5:colcon.colcon_core.verb:set package 'kortex_description' build argument 'cmake_force_configure' from command line to 'False'
[0.452s] Level 5:colcon.colcon_core.verb:set package 'kortex_description' build argument 'ament_cmake_args' from command line to 'None'
[0.452s] Level 5:colcon.colcon_core.verb:set package 'kortex_description' build argument 'catkin_cmake_args' from command line to 'None'
[0.452s] Level 5:colcon.colcon_core.verb:set package 'kortex_description' build argument 'catkin_skip_building_tests' from command line to 'False'
[0.452s] DEBUG:colcon.colcon_core.verb:Building package 'kortex_description' with the following arguments: {'ament_cmake_args': None, 'build_base': '/home/sanmaster/pim-kinova/build/kortex_description', 'catkin_cmake_args': None, 'catkin_skip_building_tests': False, 'cmake_args': None, 'cmake_clean_cache': False, 'cmake_clean_first': False, 'cmake_force_configure': False, 'cmake_target': None, 'cmake_target_skip_unavailable': False, 'install_base': '/home/sanmaster/pim-kinova/install/kortex_description', 'merge_install': False, 'path': '/home/sanmaster/pim-kinova/src/kortex_description', 'symlink_install': True, 'test_result_base': None}
[0.453s] Level 5:colcon.colcon_core.verb:set package 'kortex_bringup' build argument 'cmake_args' from command line to 'None'
[0.453s] Level 5:colcon.colcon_core.verb:set package 'kortex_bringup' build argument 'cmake_target' from command line to 'None'
[0.453s] Level 5:colcon.colcon_core.verb:set package 'kortex_bringup' build argument 'cmake_target_skip_unavailable' from command line to 'False'
[0.453s] Level 5:colcon.colcon_core.verb:set package 'kortex_bringup' build argument 'cmake_clean_cache' from command line to 'False'
[0.453s] Level 5:colcon.colcon_core.verb:set package 'kortex_bringup' build argument 'cmake_clean_first' from command line to 'False'
[0.453s] Level 5:colcon.colcon_core.verb:set package 'kortex_bringup' build argument 'cmake_force_configure' from command line to 'False'
[0.453s] Level 5:colcon.colcon_core.verb:set package 'kortex_bringup' build argument 'ament_cmake_args' from command line to 'None'
[0.453s] Level 5:colcon.colcon_core.verb:set package 'kortex_bringup' build argument 'catkin_cmake_args' from command line to 'None'
[0.453s] Level 5:colcon.colcon_core.verb:set package 'kortex_bringup' build argument 'catkin_skip_building_tests' from command line to 'False'
[0.453s] DEBUG:colcon.colcon_core.verb:Building package 'kortex_bringup' with the following arguments: {'ament_cmake_args': None, 'build_base': '/home/sanmaster/pim-kinova/build/kortex_bringup', 'catkin_cmake_args': None, 'catkin_skip_building_tests': False, 'cmake_args': None, 'cmake_clean_cache': False, 'cmake_clean_first': False, 'cmake_force_configure': False, 'cmake_target': None, 'cmake_target_skip_unavailable': False, 'install_base': '/home/sanmaster/pim-kinova/install/kortex_bringup', 'merge_install': False, 'path': '/home/sanmaster/pim-kinova/src/kortex_bringup', 'symlink_install': True, 'test_result_base': None}
[0.453s] INFO:colcon.colcon_core.executor:Executing jobs using 'parallel' executor
[0.454s] DEBUG:colcon.colcon_parallel_executor.executor.parallel:run_until_complete
[0.454s] INFO:colcon.colcon_ros.task.ament_cmake.build:Building ROS package in '/home/sanmaster/pim-kinova/src/kortex_description' with build type 'ament_cmake'
[0.455s] INFO:colcon.colcon_cmake.task.cmake.build:Building CMake package in '/home/sanmaster/pim-kinova/src/kortex_description'
[0.457s] INFO:colcon.colcon_core.plugin_system:Skipping extension 'colcon_core.shell.bat': Not used on non-Windows systems
[0.457s] INFO:colcon.colcon_core.shell:Skip shell extension 'powershell' for command environment: Not usable outside of PowerShell
[0.457s] DEBUG:colcon.colcon_core.shell:Skip shell extension 'dsv' for command environment
[0.461s] INFO:colcon.colcon_ros.task.ament_python.build:Building ROS package in '/home/sanmaster/pim-kinova/src/barrier_control' with build type 'ament_python'
[0.461s] Level 1:colcon.colcon_core.shell:create_environment_hook('barrier_control', 'ament_prefix_path')
[0.462s] INFO:colcon.colcon_core.shell:Creating environment hook '/home/sanmaster/pim-kinova/install/barrier_control/share/barrier_control/hook/ament_prefix_path.ps1'
[0.462s] INFO:colcon.colcon_core.shell:Creating environment descriptor '/home/sanmaster/pim-kinova/install/barrier_control/share/barrier_control/hook/ament_prefix_path.dsv'
[0.463s] INFO:colcon.colcon_core.shell:Creating environment hook '/home/sanmaster/pim-kinova/install/barrier_control/share/barrier_control/hook/ament_prefix_path.sh'
[0.464s] INFO:colcon.colcon_core.shell:Skip shell extension 'powershell' for command environment: Not usable outside of PowerShell
[0.464s] DEBUG:colcon.colcon_core.shell:Skip shell extension 'dsv' for command environment
[0.473s] DEBUG:colcon.colcon_core.event_handler.log_command:Invoking command in '/home/sanmaster/pim-kinova/build/kortex_description': CMAKE_PREFIX_PATH=${CMAKE_PREFIX_PATH}:/home/sanmaster/pim-kinova/install/barrier_control:/opt/ros/humble /usr/bin/cmake --build /home/sanmaster/pim-kinova/build/kortex_description -- -j12 -l12
[0.826s] INFO:colcon.colcon_core.task.python.build:Building Python package in '/home/sanmaster/pim-kinova/src/barrier_control'
[0.826s] INFO:colcon.colcon_core.shell:Skip shell extension 'powershell' for command environment: Not usable outside of PowerShell
[0.826s] DEBUG:colcon.colcon_core.shell:Skip shell extension 'dsv' for command environment
[0.831s] DEBUG:colcon.colcon_core.event_handler.log_command:Invoked command in '/home/sanmaster/pim-kinova/build/kortex_description' returned '0': CMAKE_PREFIX_PATH=${CMAKE_PREFIX_PATH}:/home/sanmaster/pim-kinova/install/barrier_control:/opt/ros/humble /usr/bin/cmake --build /home/sanmaster/pim-kinova/build/kortex_description -- -j12 -l12
[0.864s] DEBUG:colcon.colcon_core.event_handler.log_command:Invoking command in '/home/sanmaster/pim-kinova/build/kortex_description': CMAKE_PREFIX_PATH=${CMAKE_PREFIX_PATH}:/home/sanmaster/pim-kinova/install/barrier_control:/opt/ros/humble /usr/bin/cmake --install /home/sanmaster/pim-kinova/build/kortex_description
[0.899s] Level 1:colcon.colcon_core.environment:create_environment_scripts_only(kortex_description)
[0.900s] DEBUG:colcon.colcon_core.event_handler.log_command:Invoked command in '/home/sanmaster/pim-kinova/build/kortex_description' returned '0': CMAKE_PREFIX_PATH=${CMAKE_PREFIX_PATH}:/home/sanmaster/pim-kinova/install/barrier_control:/opt/ros/humble /usr/bin/cmake --install /home/sanmaster/pim-kinova/build/kortex_description
[0.903s] Level 1:colcon.colcon_core.environment:checking '/home/sanmaster/pim-kinova/install/kortex_description' for CMake module files
[0.904s] Level 1:colcon.colcon_core.environment:checking '/home/sanmaster/pim-kinova/install/kortex_description' for CMake config files
[0.905s] Level 1:colcon.colcon_core.shell:create_environment_hook('kortex_description', 'cmake_prefix_path')
[0.906s] INFO:colcon.colcon_core.shell:Creating environment hook '/home/sanmaster/pim-kinova/install/kortex_description/share/kortex_description/hook/cmake_prefix_path.ps1'
[0.906s] INFO:colcon.colcon_core.shell:Creating environment descriptor '/home/sanmaster/pim-kinova/install/kortex_description/share/kortex_description/hook/cmake_prefix_path.dsv'
[0.907s] INFO:colcon.colcon_core.shell:Creating environment hook '/home/sanmaster/pim-kinova/install/kortex_description/share/kortex_description/hook/cmake_prefix_path.sh'
[0.907s] Level 1:colcon.colcon_core.environment:checking '/home/sanmaster/pim-kinova/install/kortex_description/lib'
[0.908s] Level 1:colcon.colcon_core.shell:create_environment_hook('kortex_description', 'ld_library_path_lib')
[0.908s] INFO:colcon.colcon_core.shell:Creating environment hook '/home/sanmaster/pim-kinova/install/kortex_description/share/kortex_description/hook/ld_library_path_lib.ps1'
[0.908s] INFO:colcon.colcon_core.shell:Creating environment descriptor '/home/sanmaster/pim-kinova/install/kortex_description/share/kortex_description/hook/ld_library_path_lib.dsv'
[0.909s] INFO:colcon.colcon_core.shell:Creating environment hook '/home/sanmaster/pim-kinova/install/kortex_description/share/kortex_description/hook/ld_library_path_lib.sh'
[0.909s] Level 1:colcon.colcon_core.environment:checking '/home/sanmaster/pim-kinova/install/kortex_description/bin'
[0.909s] Level 1:colcon.colcon_core.environment:checking '/home/sanmaster/pim-kinova/install/kortex_description/lib/pkgconfig/kortex_description.pc'
[0.910s] Level 1:colcon.colcon_core.environment:checking '/home/sanmaster/pim-kinova/install/kortex_description/lib/python3.10/site-packages'
[0.910s] Level 1:colcon.colcon_core.environment:checking '/home/sanmaster/pim-kinova/install/kortex_description/bin'
[0.911s] INFO:colcon.colcon_core.shell:Creating package script '/home/sanmaster/pim-kinova/install/kortex_description/share/kortex_description/package.ps1'
[0.912s] INFO:colcon.colcon_core.shell:Creating package descriptor '/home/sanmaster/pim-kinova/install/kortex_description/share/kortex_description/package.dsv'
[0.912s] INFO:colcon.colcon_core.shell:Creating package script '/home/sanmaster/pim-kinova/install/kortex_description/share/kortex_description/package.sh'
[0.913s] INFO:colcon.colcon_core.shell:Creating package script '/home/sanmaster/pim-kinova/install/kortex_description/share/kortex_description/package.bash'
[0.915s] INFO:colcon.colcon_core.shell:Creating package script '/home/sanmaster/pim-kinova/install/kortex_description/share/kortex_description/package.zsh'
[0.916s] Level 1:colcon.colcon_core.environment:create_file_with_runtime_dependencies(/home/sanmaster/pim-kinova/install/kortex_description/share/colcon-core/packages/kortex_description)
[0.943s] Level 1:colcon.colcon_core.environment:create_environment_scripts_only(kortex_description)
[0.943s] Level 1:colcon.colcon_core.environment:checking '/home/sanmaster/pim-kinova/install/kortex_description' for CMake module files
[0.943s] Level 1:colcon.colcon_core.environment:checking '/home/sanmaster/pim-kinova/install/kortex_description' for CMake config files
[0.945s] Level 1:colcon.colcon_core.shell:create_environment_hook('kortex_description', 'cmake_prefix_path')
[0.945s] INFO:colcon.colcon_core.shell:Creating environment hook '/home/sanmaster/pim-kinova/install/kortex_description/share/kortex_description/hook/cmake_prefix_path.ps1'
[0.945s] INFO:colcon.colcon_core.shell:Creating environment descriptor '/home/sanmaster/pim-kinova/install/kortex_description/share/kortex_description/hook/cmake_prefix_path.dsv'
[0.946s] INFO:colcon.colcon_core.shell:Creating environment hook '/home/sanmaster/pim-kinova/install/kortex_description/share/kortex_description/hook/cmake_prefix_path.sh'
[0.947s] Level 1:colcon.colcon_core.environment:checking '/home/sanmaster/pim-kinova/install/kortex_description/lib'
[0.947s] Level 1:colcon.colcon_core.shell:create_environment_hook('kortex_description', 'ld_library_path_lib')
[0.947s] INFO:colcon.colcon_core.shell:Creating environment hook '/home/sanmaster/pim-kinova/install/kortex_description/share/kortex_description/hook/ld_library_path_lib.ps1'
[0.947s] INFO:colcon.colcon_core.shell:Creating environment descriptor '/home/sanmaster/pim-kinova/install/kortex_description/share/kortex_description/hook/ld_library_path_lib.dsv'
[0.947s] INFO:colcon.colcon_core.shell:Creating environment hook '/home/sanmaster/pim-kinova/install/kortex_description/share/kortex_description/hook/ld_library_path_lib.sh'
[0.948s] Level 1:colcon.colcon_core.environment:checking '/home/sanmaster/pim-kinova/install/kortex_description/bin'
[0.948s] Level 1:colcon.colcon_core.environment:checking '/home/sanmaster/pim-kinova/install/kortex_description/lib/pkgconfig/kortex_description.pc'
[0.948s] Level 1:colcon.colcon_core.environment:checking '/home/sanmaster/pim-kinova/install/kortex_description/lib/python3.10/site-packages'
[0.948s] Level 1:colcon.colcon_core.environment:checking '/home/sanmaster/pim-kinova/install/kortex_description/bin'
[0.949s] INFO:colcon.colcon_core.shell:Creating package script '/home/sanmaster/pim-kinova/install/kortex_description/share/kortex_description/package.ps1'
[0.949s] INFO:colcon.colcon_core.shell:Creating package descriptor '/home/sanmaster/pim-kinova/install/kortex_description/share/kortex_description/package.dsv'
[0.950s] INFO:colcon.colcon_core.shell:Creating package script '/home/sanmaster/pim-kinova/install/kortex_description/share/kortex_description/package.sh'
[0.950s] INFO:colcon.colcon_core.shell:Creating package script '/home/sanmaster/pim-kinova/install/kortex_description/share/kortex_description/package.bash'
[0.950s] INFO:colcon.colcon_core.shell:Creating package script '/home/sanmaster/pim-kinova/install/kortex_description/share/kortex_description/package.zsh'
[0.951s] Level 1:colcon.colcon_core.environment:create_file_with_runtime_dependencies(/home/sanmaster/pim-kinova/install/kortex_description/share/colcon-core/packages/kortex_description)
[0.951s] INFO:colcon.colcon_ros.task.ament_cmake.build:Building ROS package in '/home/sanmaster/pim-kinova/src/custom_hardware_plugins' with build type 'ament_cmake'
[0.951s] INFO:colcon.colcon_cmake.task.cmake.build:Building CMake package in '/home/sanmaster/pim-kinova/src/custom_hardware_plugins'
[0.951s] INFO:colcon.colcon_core.shell:Skip shell extension 'powershell' for command environment: Not usable outside of PowerShell
[0.952s] DEBUG:colcon.colcon_core.shell:Skip shell extension 'dsv' for command environment
[0.960s] DEBUG:colcon.colcon_core.event_handler.log_command:Invoking command in '/home/sanmaster/pim-kinova/build/custom_hardware_plugins': CMAKE_PREFIX_PATH=${CMAKE_PREFIX_PATH}:/home/sanmaster/pim-kinova/install/barrier_control:/opt/ros/humble /usr/bin/cmake --build /home/sanmaster/pim-kinova/build/custom_hardware_plugins -- -j12 -l12
[1.027s] DEBUG:colcon.colcon_core.event_handler.log_command:Invoked command in '/home/sanmaster/pim-kinova/build/custom_hardware_plugins' returned '0': CMAKE_PREFIX_PATH=${CMAKE_PREFIX_PATH}:/home/sanmaster/pim-kinova/install/barrier_control:/opt/ros/humble /usr/bin/cmake --build /home/sanmaster/pim-kinova/build/custom_hardware_plugins -- -j12 -l12
[1.055s] DEBUG:colcon.colcon_core.event_handler.log_command:Invoking command in '/home/sanmaster/pim-kinova/build/custom_hardware_plugins': CMAKE_PREFIX_PATH=${CMAKE_PREFIX_PATH}:/home/sanmaster/pim-kinova/install/barrier_control:/opt/ros/humble /usr/bin/cmake --install /home/sanmaster/pim-kinova/build/custom_hardware_plugins
[1.080s] Level 1:colcon.colcon_core.environment:create_environment_scripts_only(custom_hardware_plugins)
[1.080s] Level 1:colcon.colcon_core.environment:checking '/home/sanmaster/pim-kinova/install/custom_hardware_plugins' for CMake module files
[1.081s] DEBUG:colcon.colcon_core.event_handler.log_command:Invoked command in '/home/sanmaster/pim-kinova/build/custom_hardware_plugins' returned '0': CMAKE_PREFIX_PATH=${CMAKE_PREFIX_PATH}:/home/sanmaster/pim-kinova/install/barrier_control:/opt/ros/humble /usr/bin/cmake --install /home/sanmaster/pim-kinova/build/custom_hardware_plugins
[1.081s] Level 1:colcon.colcon_core.environment:checking '/home/sanmaster/pim-kinova/install/custom_hardware_plugins' for CMake config files
[1.082s] Level 1:colcon.colcon_core.shell:create_environment_hook('custom_hardware_plugins', 'cmake_prefix_path')
[1.082s] INFO:colcon.colcon_core.shell:Creating environment hook '/home/sanmaster/pim-kinova/install/custom_hardware_plugins/share/custom_hardware_plugins/hook/cmake_prefix_path.ps1'
[1.082s] INFO:colcon.colcon_core.shell:Creating environment descriptor '/home/sanmaster/pim-kinova/install/custom_hardware_plugins/share/custom_hardware_plugins/hook/cmake_prefix_path.dsv'
[1.083s] INFO:colcon.colcon_core.shell:Creating environment hook '/home/sanmaster/pim-kinova/install/custom_hardware_plugins/share/custom_hardware_plugins/hook/cmake_prefix_path.sh'
[1.083s] Level 1:colcon.colcon_core.environment:checking '/home/sanmaster/pim-kinova/install/custom_hardware_plugins/lib'
[1.084s] Level 1:colcon.colcon_core.shell:create_environment_hook('custom_hardware_plugins', 'ld_library_path_lib')
[1.084s] INFO:colcon.colcon_core.shell:Creating environment hook '/home/sanmaster/pim-kinova/install/custom_hardware_plugins/share/custom_hardware_plugins/hook/ld_library_path_lib.ps1'
[1.084s] INFO:colcon.colcon_core.shell:Creating environment descriptor '/home/sanmaster/pim-kinova/install/custom_hardware_plugins/share/custom_hardware_plugins/hook/ld_library_path_lib.dsv'
[1.084s] INFO:colcon.colcon_core.shell:Creating environment hook '/home/sanmaster/pim-kinova/install/custom_hardware_plugins/share/custom_hardware_plugins/hook/ld_library_path_lib.sh'
[1.085s] Level 1:colcon.colcon_core.environment:checking '/home/sanmaster/pim-kinova/install/custom_hardware_plugins/bin'
[1.085s] Level 1:colcon.colcon_core.environment:checking '/home/sanmaster/pim-kinova/install/custom_hardware_plugins/lib/pkgconfig/custom_hardware_plugins.pc'
[1.085s] Level 1:colcon.colcon_core.environment:checking '/home/sanmaster/pim-kinova/install/custom_hardware_plugins/lib/python3.10/site-packages'
[1.085s] Level 1:colcon.colcon_core.environment:checking '/home/sanmaster/pim-kinova/install/custom_hardware_plugins/bin'
[1.086s] INFO:colcon.colcon_core.shell:Creating package script '/home/sanmaster/pim-kinova/install/custom_hardware_plugins/share/custom_hardware_plugins/package.ps1'
[1.086s] INFO:colcon.colcon_core.shell:Creating package descriptor '/home/sanmaster/pim-kinova/install/custom_hardware_plugins/share/custom_hardware_plugins/package.dsv'
[1.087s] INFO:colcon.colcon_core.shell:Creating package script '/home/sanmaster/pim-kinova/install/custom_hardware_plugins/share/custom_hardware_plugins/package.sh'
[1.087s] INFO:colcon.colcon_core.shell:Creating package script '/home/sanmaster/pim-kinova/install/custom_hardware_plugins/share/custom_hardware_plugins/package.bash'
[1.087s] INFO:colcon.colcon_core.shell:Creating package script '/home/sanmaster/pim-kinova/install/custom_hardware_plugins/share/custom_hardware_plugins/package.zsh'
[1.088s] Level 1:colcon.colcon_core.environment:create_file_with_runtime_dependencies(/home/sanmaster/pim-kinova/install/custom_hardware_plugins/share/colcon-core/packages/custom_hardware_plugins)
[1.116s] Level 1:colcon.colcon_core.environment:create_environment_scripts_only(custom_hardware_plugins)
[1.116s] Level 1:colcon.colcon_core.environment:checking '/home/sanmaster/pim-kinova/install/custom_hardware_plugins' for CMake module files
[1.116s] Level 1:colcon.colcon_core.environment:checking '/home/sanmaster/pim-kinova/install/custom_hardware_plugins' for CMake config files
[1.117s] Level 1:colcon.colcon_core.shell:create_environment_hook('custom_hardware_plugins', 'cmake_prefix_path')
[1.117s] INFO:colcon.colcon_core.shell:Creating environment hook '/home/sanmaster/pim-kinova/install/custom_hardware_plugins/share/custom_hardware_plugins/hook/cmake_prefix_path.ps1'
[1.117s] INFO:colcon.colcon_core.shell:Creating environment descriptor '/home/sanmaster/pim-kinova/install/custom_hardware_plugins/share/custom_hardware_plugins/hook/cmake_prefix_path.dsv'
[1.118s] INFO:colcon.colcon_core.shell:Creating environment hook '/home/sanmaster/pim-kinova/install/custom_hardware_plugins/share/custom_hardware_plugins/hook/cmake_prefix_path.sh'
[1.118s] Level 1:colcon.colcon_core.environment:checking '/home/sanmaster/pim-kinova/install/custom_hardware_plugins/lib'
[1.118s] Level 1:colcon.colcon_core.shell:create_environment_hook('custom_hardware_plugins', 'ld_library_path_lib')
[1.118s] INFO:colcon.colcon_core.shell:Creating environment hook '/home/sanmaster/pim-kinova/install/custom_hardware_plugins/share/custom_hardware_plugins/hook/ld_library_path_lib.ps1'
[1.119s] INFO:colcon.colcon_core.shell:Creating environment descriptor '/home/sanmaster/pim-kinova/install/custom_hardware_plugins/share/custom_hardware_plugins/hook/ld_library_path_lib.dsv'
[1.119s] INFO:colcon.colcon_core.shell:Creating environment hook '/home/sanmaster/pim-kinova/install/custom_hardware_plugins/share/custom_hardware_plugins/hook/ld_library_path_lib.sh'
[1.120s] Level 1:colcon.colcon_core.environment:checking '/home/sanmaster/pim-kinova/install/custom_hardware_plugins/bin'
[1.120s] Level 1:colcon.colcon_core.environment:checking '/home/sanmaster/pim-kinova/install/custom_hardware_plugins/lib/pkgconfig/custom_hardware_plugins.pc'
[1.120s] Level 1:colcon.colcon_core.environment:checking '/home/sanmaster/pim-kinova/install/custom_hardware_plugins/lib/python3.10/site-packages'
[1.120s] Level 1:colcon.colcon_core.environment:checking '/home/sanmaster/pim-kinova/install/custom_hardware_plugins/bin'
[1.120s] INFO:colcon.colcon_core.shell:Creating package script '/home/sanmaster/pim-kinova/install/custom_hardware_plugins/share/custom_hardware_plugins/package.ps1'
[1.121s] INFO:colcon.colcon_core.shell:Creating package descriptor '/home/sanmaster/pim-kinova/install/custom_hardware_plugins/share/custom_hardware_plugins/package.dsv'
[1.121s] INFO:colcon.colcon_core.shell:Creating package script '/home/sanmaster/pim-kinova/install/custom_hardware_plugins/share/custom_hardware_plugins/package.sh'
[1.122s] INFO:colcon.colcon_core.shell:Creating package script '/home/sanmaster/pim-kinova/install/custom_hardware_plugins/share/custom_hardware_plugins/package.bash'
[1.122s] INFO:colcon.colcon_core.shell:Creating package script '/home/sanmaster/pim-kinova/install/custom_hardware_plugins/share/custom_hardware_plugins/package.zsh'
[1.122s] Level 1:colcon.colcon_core.environment:create_file_with_runtime_dependencies(/home/sanmaster/pim-kinova/install/custom_hardware_plugins/share/colcon-core/packages/custom_hardware_plugins)
[1.123s] INFO:colcon.colcon_ros.task.ament_cmake.build:Building ROS package in '/home/sanmaster/pim-kinova/src/kortex_bringup' with build type 'ament_cmake'
[1.123s] INFO:colcon.colcon_cmake.task.cmake.build:Building CMake package in '/home/sanmaster/pim-kinova/src/kortex_bringup'
[1.123s] INFO:colcon.colcon_core.shell:Skip shell extension 'powershell' for command environment: Not usable outside of PowerShell
[1.123s] DEBUG:colcon.colcon_core.shell:Skip shell extension 'dsv' for command environment
[1.135s] DEBUG:colcon.colcon_core.event_handler.log_command:Invoking command in '/home/sanmaster/pim-kinova/build/kortex_bringup': CMAKE_PREFIX_PATH=/home/sanmaster/pim-kinova/install/kortex_description:/home/sanmaster/pim-kinova/install/kortex_bringup:/home/sanmaster/pim-kinova/install/custom_hardware_plugins:/home/sanmaster/pim-kinova/install/barrier_control:/opt/ros/humble /usr/bin/cmake --build /home/sanmaster/pim-kinova/build/kortex_bringup -- -j12 -l12
[1.174s] DEBUG:colcon.colcon_core.event_handler.log_command:Invoked command in '/home/sanmaster/pim-kinova/build/kortex_bringup' returned '0': CMAKE_PREFIX_PATH=/home/sanmaster/pim-kinova/install/kortex_description:/home/sanmaster/pim-kinova/install/kortex_bringup:/home/sanmaster/pim-kinova/install/custom_hardware_plugins:/home/sanmaster/pim-kinova/install/barrier_control:/opt/ros/humble /usr/bin/cmake --build /home/sanmaster/pim-kinova/build/kortex_bringup -- -j12 -l12
[1.199s] DEBUG:colcon.colcon_core.event_handler.log_command:Invoking command in '/home/sanmaster/pim-kinova/build/kortex_bringup': CMAKE_PREFIX_PATH=/home/sanmaster/pim-kinova/install/kortex_description:/home/sanmaster/pim-kinova/install/kortex_bringup:/home/sanmaster/pim-kinova/install/custom_hardware_plugins:/home/sanmaster/pim-kinova/install/barrier_control:/opt/ros/humble /usr/bin/cmake --install /home/sanmaster/pim-kinova/build/kortex_bringup
[1.224s] Level 1:colcon.colcon_core.environment:create_environment_scripts_only(kortex_bringup)
[1.224s] Level 1:colcon.colcon_core.environment:checking '/home/sanmaster/pim-kinova/install/kortex_bringup' for CMake module files
[1.225s] DEBUG:colcon.colcon_core.event_handler.log_command:Invoked command in '/home/sanmaster/pim-kinova/build/kortex_bringup' returned '0': CMAKE_PREFIX_PATH=/home/sanmaster/pim-kinova/install/kortex_description:/home/sanmaster/pim-kinova/install/kortex_bringup:/home/sanmaster/pim-kinova/install/custom_hardware_plugins:/home/sanmaster/pim-kinova/install/barrier_control:/opt/ros/humble /usr/bin/cmake --install /home/sanmaster/pim-kinova/build/kortex_bringup
[1.225s] Level 1:colcon.colcon_core.environment:checking '/home/sanmaster/pim-kinova/install/kortex_bringup' for CMake config files
[1.226s] Level 1:colcon.colcon_core.shell:create_environment_hook('kortex_bringup', 'cmake_prefix_path')
[1.226s] INFO:colcon.colcon_core.shell:Creating environment hook '/home/sanmaster/pim-kinova/install/kortex_bringup/share/kortex_bringup/hook/cmake_prefix_path.ps1'
[1.227s] INFO:colcon.colcon_core.shell:Creating environment descriptor '/home/sanmaster/pim-kinova/install/kortex_bringup/share/kortex_bringup/hook/cmake_prefix_path.dsv'
[1.227s] INFO:colcon.colcon_core.shell:Creating environment hook '/home/sanmaster/pim-kinova/install/kortex_bringup/share/kortex_bringup/hook/cmake_prefix_path.sh'
[1.227s] Level 1:colcon.colcon_core.environment:checking '/home/sanmaster/pim-kinova/install/kortex_bringup/lib'
[1.227s] Level 1:colcon.colcon_core.environment:checking '/home/sanmaster/pim-kinova/install/kortex_bringup/bin'
[1.228s] Level 1:colcon.colcon_core.environment:checking '/home/sanmaster/pim-kinova/install/kortex_bringup/lib/pkgconfig/kortex_bringup.pc'
[1.228s] Level 1:colcon.colcon_core.environment:checking '/home/sanmaster/pim-kinova/install/kortex_bringup/lib/python3.10/site-packages'
[1.228s] Level 1:colcon.colcon_core.environment:checking '/home/sanmaster/pim-kinova/install/kortex_bringup/bin'
[1.228s] INFO:colcon.colcon_core.shell:Creating package script '/home/sanmaster/pim-kinova/install/kortex_bringup/share/kortex_bringup/package.ps1'
[1.229s] INFO:colcon.colcon_core.shell:Creating package descriptor '/home/sanmaster/pim-kinova/install/kortex_bringup/share/kortex_bringup/package.dsv'
[1.229s] INFO:colcon.colcon_core.shell:Creating package script '/home/sanmaster/pim-kinova/install/kortex_bringup/share/kortex_bringup/package.sh'
[1.230s] INFO:colcon.colcon_core.shell:Creating package script '/home/sanmaster/pim-kinova/install/kortex_bringup/share/kortex_bringup/package.bash'
[1.230s] INFO:colcon.colcon_core.shell:Creating package script '/home/sanmaster/pim-kinova/install/kortex_bringup/share/kortex_bringup/package.zsh'
[1.231s] Level 1:colcon.colcon_core.environment:create_file_with_runtime_dependencies(/home/sanmaster/pim-kinova/install/kortex_bringup/share/colcon-core/packages/kortex_bringup)
[1.254s] Level 1:colcon.colcon_core.environment:create_environment_scripts_only(kortex_bringup)
[1.255s] Level 1:colcon.colcon_core.environment:checking '/home/sanmaster/pim-kinova/install/kortex_bringup' for CMake module files
[1.255s] Level 1:colcon.colcon_core.environment:checking '/home/sanmaster/pim-kinova/install/kortex_bringup' for CMake config files
[1.255s] Level 1:colcon.colcon_core.shell:create_environment_hook('kortex_bringup', 'cmake_prefix_path')
[1.256s] INFO:colcon.colcon_core.shell:Creating environment hook '/home/sanmaster/pim-kinova/install/kortex_bringup/share/kortex_bringup/hook/cmake_prefix_path.ps1'
[1.256s] INFO:colcon.colcon_core.shell:Creating environment descriptor '/home/sanmaster/pim-kinova/install/kortex_bringup/share/kortex_bringup/hook/cmake_prefix_path.dsv'
[1.257s] INFO:colcon.colcon_core.shell:Creating environment hook '/home/sanmaster/pim-kinova/install/kortex_bringup/share/kortex_bringup/hook/cmake_prefix_path.sh'
[1.257s] Level 1:colcon.colcon_core.environment:checking '/home/sanmaster/pim-kinova/install/kortex_bringup/lib'
[1.257s] Level 1:colcon.colcon_core.environment:checking '/home/sanmaster/pim-kinova/install/kortex_bringup/bin'
[1.257s] Level 1:colcon.colcon_core.environment:checking '/home/sanmaster/pim-kinova/install/kortex_bringup/lib/pkgconfig/kortex_bringup.pc'
[1.258s] Level 1:colcon.colcon_core.environment:checking '/home/sanmaster/pim-kinova/install/kortex_bringup/lib/python3.10/site-packages'
[1.258s] Level 1:colcon.colcon_core.environment:checking '/home/sanmaster/pim-kinova/install/kortex_bringup/bin'
[1.258s] INFO:colcon.colcon_core.shell:Creating package script '/home/sanmaster/pim-kinova/install/kortex_bringup/share/kortex_bringup/package.ps1'
[1.259s] INFO:colcon.colcon_core.shell:Creating package descriptor '/home/sanmaster/pim-kinova/install/kortex_bringup/share/kortex_bringup/package.dsv'
[1.259s] INFO:colcon.colcon_core.shell:Creating package script '/home/sanmaster/pim-kinova/install/kortex_bringup/share/kortex_bringup/package.sh'
[1.259s] INFO:colcon.colcon_core.shell:Creating package script '/home/sanmaster/pim-kinova/install/kortex_bringup/share/kortex_bringup/package.bash'
[1.260s] INFO:colcon.colcon_core.shell:Creating package script '/home/sanmaster/pim-kinova/install/kortex_bringup/share/kortex_bringup/package.zsh'
[1.260s] Level 1:colcon.colcon_core.environment:create_file_with_runtime_dependencies(/home/sanmaster/pim-kinova/install/kortex_bringup/share/colcon-core/packages/kortex_bringup)
[1.274s] DEBUG:colcon.colcon_core.event_handler.log_command:Invoking command in '/home/sanmaster/pim-kinova/build/barrier_control': PYTHONPATH=/home/sanmaster/pim-kinova/build/barrier_control/prefix_override:/usr/lib/python3/dist-packages/colcon_core/task/python/colcon_distutils_commands:/home/sanmaster/pim-kinova/install/barrier_control/lib/python3.10/site-packages:${PYTHONPATH} /usr/bin/python3 -W ignore:setup.py install is deprecated setup.py develop --editable --build-directory /home/sanmaster/pim-kinova/build/barrier_control/build --no-deps symlink_data
[1.852s] Level 1:colcon.colcon_core.shell:create_environment_hook('barrier_control', 'pythonpath_develop')
[1.852s] INFO:colcon.colcon_core.shell:Creating environment hook '/home/sanmaster/pim-kinova/build/barrier_control/share/barrier_control/hook/pythonpath_develop.ps1'
[1.853s] DEBUG:colcon.colcon_core.event_handler.log_command:Invoked command in '/home/sanmaster/pim-kinova/build/barrier_control' returned '0': PYTHONPATH=/home/sanmaster/pim-kinova/build/barrier_control/prefix_override:/usr/lib/python3/dist-packages/colcon_core/task/python/colcon_distutils_commands:/home/sanmaster/pim-kinova/install/barrier_control/lib/python3.10/site-packages:${PYTHONPATH} /usr/bin/python3 -W ignore:setup.py install is deprecated setup.py develop --editable --build-directory /home/sanmaster/pim-kinova/build/barrier_control/build --no-deps symlink_data
[1.853s] INFO:colcon.colcon_core.shell:Creating environment descriptor '/home/sanmaster/pim-kinova/build/barrier_control/share/barrier_control/hook/pythonpath_develop.dsv'
[1.854s] INFO:colcon.colcon_core.shell:Creating environment hook '/home/sanmaster/pim-kinova/build/barrier_control/share/barrier_control/hook/pythonpath_develop.sh'
[1.854s] Level 1:colcon.colcon_core.environment:checking '/home/sanmaster/pim-kinova/install/barrier_control' for CMake module files
[1.855s] Level 1:colcon.colcon_core.environment:checking '/home/sanmaster/pim-kinova/install/barrier_control' for CMake config files
[1.855s] Level 1:colcon.colcon_core.environment:checking '/home/sanmaster/pim-kinova/install/barrier_control/lib'
[1.855s] Level 1:colcon.colcon_core.environment:checking '/home/sanmaster/pim-kinova/install/barrier_control/bin'
[1.855s] Level 1:colcon.colcon_core.environment:checking '/home/sanmaster/pim-kinova/install/barrier_control/lib/pkgconfig/barrier_control.pc'
[1.855s] Level 1:colcon.colcon_core.environment:checking '/home/sanmaster/pim-kinova/install/barrier_control/lib/python3.10/site-packages'
[1.855s] Level 1:colcon.colcon_core.shell:create_environment_hook('barrier_control', 'pythonpath')
[1.856s] INFO:colcon.colcon_core.shell:Creating environment hook '/home/sanmaster/pim-kinova/install/barrier_control/share/barrier_control/hook/pythonpath.ps1'
[1.856s] INFO:colcon.colcon_core.shell:Creating environment descriptor '/home/sanmaster/pim-kinova/install/barrier_control/share/barrier_control/hook/pythonpath.dsv'
[1.856s] INFO:colcon.colcon_core.shell:Creating environment hook '/home/sanmaster/pim-kinova/install/barrier_control/share/barrier_control/hook/pythonpath.sh'
[1.857s] Level 1:colcon.colcon_core.environment:checking '/home/sanmaster/pim-kinova/install/barrier_control/bin'
[1.857s] Level 1:colcon.colcon_core.environment:create_environment_scripts_only(barrier_control)
[1.857s] INFO:colcon.colcon_core.shell:Creating package script '/home/sanmaster/pim-kinova/install/barrier_control/share/barrier_control/package.ps1'
[1.857s] INFO:colcon.colcon_core.shell:Creating package descriptor '/home/sanmaster/pim-kinova/install/barrier_control/share/barrier_control/package.dsv'
[1.858s] INFO:colcon.colcon_core.shell:Creating package script '/home/sanmaster/pim-kinova/install/barrier_control/share/barrier_control/package.sh'
[1.858s] INFO:colcon.colcon_core.shell:Creating package script '/home/sanmaster/pim-kinova/install/barrier_control/share/barrier_control/package.bash'
[1.858s] INFO:colcon.colcon_core.shell:Creating package script '/home/sanmaster/pim-kinova/install/barrier_control/share/barrier_control/package.zsh'
[1.859s] Level 1:colcon.colcon_core.environment:create_file_with_runtime_dependencies(/home/sanmaster/pim-kinova/install/barrier_control/share/colcon-core/packages/barrier_control)
[1.859s] DEBUG:colcon.colcon_parallel_executor.executor.parallel:closing loop
[1.859s] DEBUG:colcon.colcon_parallel_executor.executor.parallel:loop closed
[1.859s] DEBUG:colcon.colcon_parallel_executor.executor.parallel:run_until_complete finished with '0'
[1.859s] DEBUG:colcon.colcon_core.event_reactor:joining thread
[1.864s] INFO:colcon.colcon_core.plugin_system:Skipping extension 'colcon_notification.desktop_notification.terminal_notifier': Not used on non-Darwin systems
[1.864s] INFO:colcon.colcon_core.plugin_system:Skipping extension 'colcon_notification.desktop_notification.win32': Not used on non-Windows systems
[1.864s] INFO:colcon.colcon_notification.desktop_notification:Sending desktop notification using 'notify2'
[1.874s] DEBUG:colcon.colcon_core.event_reactor:joined thread
[1.875s] INFO:colcon.colcon_core.shell:Creating prefix script '/home/sanmaster/pim-kinova/install/local_setup.ps1'
[1.876s] INFO:colcon.colcon_core.shell:Creating prefix util module '/home/sanmaster/pim-kinova/install/_local_setup_util_ps1.py'
[1.877s] INFO:colcon.colcon_core.shell:Creating prefix chain script '/home/sanmaster/pim-kinova/install/setup.ps1'
[1.878s] INFO:colcon.colcon_core.shell:Creating prefix script '/home/sanmaster/pim-kinova/install/local_setup.sh'
[1.879s] INFO:colcon.colcon_core.shell:Creating prefix util module '/home/sanmaster/pim-kinova/install/_local_setup_util_sh.py'
[1.879s] INFO:colcon.colcon_core.shell:Creating prefix chain script '/home/sanmaster/pim-kinova/install/setup.sh'
[1.880s] INFO:colcon.colcon_core.shell:Creating prefix script '/home/sanmaster/pim-kinova/install/local_setup.bash'
[1.880s] INFO:colcon.colcon_core.shell:Creating prefix chain script '/home/sanmaster/pim-kinova/install/setup.bash'
[1.881s] INFO:colcon.colcon_core.shell:Creating prefix script '/home/sanmaster/pim-kinova/install/local_setup.zsh'
[1.882s] INFO:colcon.colcon_core.shell:Creating prefix chain script '/home/sanmaster/pim-kinova/install/setup.zsh'
