[0.119s] DEBUG:colcon:Command line arguments: ['/usr/bin/colcon', 'build', '--symlink-install', '--packages-select', 'kortex_description', 'kortex_bringup']
[0.119s] DEBUG:colcon:Parsed command line arguments: Namespace(log_base=None, log_level=None, verb_name='build', build_base='build', install_base='install', merge_install=False, symlink_install=True, test_result_base=None, continue_on_error=False, executor='parallel', parallel_workers=12, event_handlers=None, ignore_user_meta=False, metas=['./colcon.meta'], base_paths=['.'], packages_ignore=None, packages_ignore_regex=None, paths=None, packages_up_to=None, packages_up_to_regex=None, packages_above=None, packages_above_and_dependencies=None, packages_above_depth=None, packages_select_by_dep=None, packages_skip_by_dep=None, packages_skip_up_to=None, packages_select_build_failed=False, packages_skip_build_finished=False, packages_select_test_failures=False, packages_skip_test_passed=False, packages_select=['kortex_description', 'kortex_bringup'], packages_skip=None, packages_select_regex=None, packages_skip_regex=None, packages_start=None, packages_end=None, allow_overriding=[], cmake_args=None, cmake_target=None, cmake_target_skip_unavailable=False, cmake_clean_cache=False, cmake_clean_first=False, cmake_force_configure=False, ament_cmake_args=None, catkin_cmake_args=None, catkin_skip_building_tests=False, mixin_files=None, mixin=None, verb_parser=<colcon_mixin.mixin.mixin_argument.MixinArgumentDecorator object at 0x7fa014682a40>, verb_extension=<colcon_core.verb.build.BuildVerb object at 0x7fa0146824d0>, main=<bound method BuildVerb.main of <colcon_core.verb.build.BuildVerb object at 0x7fa0146824d0>>, mixin_verb=('build',))
[0.316s] Level 1:colcon.colcon_core.package_discovery:discover_packages(colcon_meta) check parameters
[0.316s] Level 1:colcon.colcon_core.package_discovery:discover_packages(recursive) check parameters
[0.316s] Level 1:colcon.colcon_core.package_discovery:discover_packages(ignore) check parameters
[0.316s] Level 1:colcon.colcon_core.package_discovery:discover_packages(path) check parameters
[0.316s] Level 1:colcon.colcon_core.package_discovery:discover_packages(colcon_meta) discover
[0.316s] Level 1:colcon.colcon_core.package_discovery:discover_packages(recursive) discover
[0.316s] INFO:colcon.colcon_core.package_discovery:Crawling recursively for packages in '/home/sanmaster/pim-kinova'
[0.317s] Level 1:colcon.colcon_core.package_identification:_identify(.) by extensions ['ignore', 'ignore_ament_install']
[0.317s] Level 1:colcon.colcon_core.package_identification:_identify(.) by extension 'ignore'
[0.317s] Level 1:colcon.colcon_core.package_identification:_identify(.) by extension 'ignore_ament_install'
[0.317s] Level 1:colcon.colcon_core.package_identification:_identify(.) by extensions ['colcon_pkg']
[0.317s] Level 1:colcon.colcon_core.package_identification:_identify(.) by extension 'colcon_pkg'
[0.317s] Level 1:colcon.colcon_core.package_identification:_identify(.) by extensions ['colcon_meta']
[0.317s] Level 1:colcon.colcon_core.package_identification:_identify(.) by extension 'colcon_meta'
[0.317s] Level 1:colcon.colcon_core.package_identification:_identify(.) by extensions ['ros']
[0.317s] Level 1:colcon.colcon_core.package_identification:_identify(.) by extension 'ros'
[0.327s] Level 1:colcon.colcon_core.package_identification:_identify(.) by extensions ['cmake', 'python']
[0.327s] Level 1:colcon.colcon_core.package_identification:_identify(.) by extension 'cmake'
[0.327s] Level 1:colcon.colcon_core.package_identification:_identify(.) by extension 'python'
[0.328s] Level 1:colcon.colcon_core.package_identification:_identify(.) by extensions ['python_setup_py']
[0.328s] Level 1:colcon.colcon_core.package_identification:_identify(.) by extension 'python_setup_py'
[0.328s] Level 1:colcon.colcon_core.package_identification:_identify(build) by extensions ['ignore', 'ignore_ament_install']
[0.328s] Level 1:colcon.colcon_core.package_identification:_identify(build) by extension 'ignore'
[0.328s] Level 1:colcon.colcon_core.package_identification:_identify(build) ignored
[0.328s] Level 1:colcon.colcon_core.package_identification:_identify(install) by extensions ['ignore', 'ignore_ament_install']
[0.328s] Level 1:colcon.colcon_core.package_identification:_identify(install) by extension 'ignore'
[0.328s] Level 1:colcon.colcon_core.package_identification:_identify(install) ignored
[0.328s] Level 1:colcon.colcon_core.package_identification:_identify(log) by extensions ['ignore', 'ignore_ament_install']
[0.328s] Level 1:colcon.colcon_core.package_identification:_identify(log) by extension 'ignore'
[0.328s] Level 1:colcon.colcon_core.package_identification:_identify(log) ignored
[0.328s] Level 1:colcon.colcon_core.package_identification:_identify(src) by extensions ['ignore', 'ignore_ament_install']
[0.328s] Level 1:colcon.colcon_core.package_identification:_identify(src) by extension 'ignore'
[0.329s] Level 1:colcon.colcon_core.package_identification:_identify(src) by extension 'ignore_ament_install'
[0.329s] Level 1:colcon.colcon_core.package_identification:_identify(src) by extensions ['colcon_pkg']
[0.329s] Level 1:colcon.colcon_core.package_identification:_identify(src) by extension 'colcon_pkg'
[0.329s] Level 1:colcon.colcon_core.package_identification:_identify(src) by extensions ['colcon_meta']
[0.329s] Level 1:colcon.colcon_core.package_identification:_identify(src) by extension 'colcon_meta'
[0.329s] Level 1:colcon.colcon_core.package_identification:_identify(src) by extensions ['ros']
[0.329s] Level 1:colcon.colcon_core.package_identification:_identify(src) by extension 'ros'
[0.329s] Level 1:colcon.colcon_core.package_identification:_identify(src) by extensions ['cmake', 'python']
[0.329s] Level 1:colcon.colcon_core.package_identification:_identify(src) by extension 'cmake'
[0.329s] Level 1:colcon.colcon_core.package_identification:_identify(src) by extension 'python'
[0.329s] Level 1:colcon.colcon_core.package_identification:_identify(src) by extensions ['python_setup_py']
[0.329s] Level 1:colcon.colcon_core.package_identification:_identify(src) by extension 'python_setup_py'
[0.329s] Level 1:colcon.colcon_core.package_identification:_identify(src/custom_hardware_plugins) by extensions ['ignore', 'ignore_ament_install']
[0.329s] Level 1:colcon.colcon_core.package_identification:_identify(src/custom_hardware_plugins) by extension 'ignore'
[0.329s] Level 1:colcon.colcon_core.package_identification:_identify(src/custom_hardware_plugins) by extension 'ignore_ament_install'
[0.329s] Level 1:colcon.colcon_core.package_identification:_identify(src/custom_hardware_plugins) by extensions ['colcon_pkg']
[0.329s] Level 1:colcon.colcon_core.package_identification:_identify(src/custom_hardware_plugins) by extension 'colcon_pkg'
[0.329s] Level 1:colcon.colcon_core.package_identification:_identify(src/custom_hardware_plugins) by extensions ['colcon_meta']
[0.329s] Level 1:colcon.colcon_core.package_identification:_identify(src/custom_hardware_plugins) by extension 'colcon_meta'
[0.329s] Level 1:colcon.colcon_core.package_identification:_identify(src/custom_hardware_plugins) by extensions ['ros']
[0.329s] Level 1:colcon.colcon_core.package_identification:_identify(src/custom_hardware_plugins) by extension 'ros'
[0.333s] DEBUG:colcon.colcon_core.package_identification:Package 'src/custom_hardware_plugins' with type 'ros.ament_cmake' and name 'custom_hardware_plugins'
[0.333s] Level 1:colcon.colcon_core.package_identification:_identify(src/kortex_bringup) by extensions ['ignore', 'ignore_ament_install']
[0.333s] Level 1:colcon.colcon_core.package_identification:_identify(src/kortex_bringup) by extension 'ignore'
[0.333s] Level 1:colcon.colcon_core.package_identification:_identify(src/kortex_bringup) by extension 'ignore_ament_install'
[0.334s] Level 1:colcon.colcon_core.package_identification:_identify(src/kortex_bringup) by extensions ['colcon_pkg']
[0.334s] Level 1:colcon.colcon_core.package_identification:_identify(src/kortex_bringup) by extension 'colcon_pkg'
[0.334s] Level 1:colcon.colcon_core.package_identification:_identify(src/kortex_bringup) by extensions ['colcon_meta']
[0.334s] Level 1:colcon.colcon_core.package_identification:_identify(src/kortex_bringup) by extension 'colcon_meta'
[0.334s] Level 1:colcon.colcon_core.package_identification:_identify(src/kortex_bringup) by extensions ['ros']
[0.334s] Level 1:colcon.colcon_core.package_identification:_identify(src/kortex_bringup) by extension 'ros'
[0.335s] DEBUG:colcon.colcon_core.package_identification:Package 'src/kortex_bringup' with type 'ros.ament_cmake' and name 'kortex_bringup'
[0.335s] Level 1:colcon.colcon_core.package_identification:_identify(src/kortex_description) by extensions ['ignore', 'ignore_ament_install']
[0.335s] Level 1:colcon.colcon_core.package_identification:_identify(src/kortex_description) by extension 'ignore'
[0.335s] Level 1:colcon.colcon_core.package_identification:_identify(src/kortex_description) by extension 'ignore_ament_install'
[0.335s] Level 1:colcon.colcon_core.package_identification:_identify(src/kortex_description) by extensions ['colcon_pkg']
[0.335s] Level 1:colcon.colcon_core.package_identification:_identify(src/kortex_description) by extension 'colcon_pkg'
[0.335s] Level 1:colcon.colcon_core.package_identification:_identify(src/kortex_description) by extensions ['colcon_meta']
[0.335s] Level 1:colcon.colcon_core.package_identification:_identify(src/kortex_description) by extension 'colcon_meta'
[0.335s] Level 1:colcon.colcon_core.package_identification:_identify(src/kortex_description) by extensions ['ros']
[0.335s] Level 1:colcon.colcon_core.package_identification:_identify(src/kortex_description) by extension 'ros'
[0.336s] DEBUG:colcon.colcon_core.package_identification:Package 'src/kortex_description' with type 'ros.ament_cmake' and name 'kortex_description'
[0.336s] Level 1:colcon.colcon_core.package_discovery:discover_packages(recursive) using defaults
[0.336s] Level 1:colcon.colcon_core.package_discovery:discover_packages(ignore) discover
[0.336s] Level 1:colcon.colcon_core.package_discovery:discover_packages(ignore) using defaults
[0.336s] Level 1:colcon.colcon_core.package_discovery:discover_packages(path) discover
[0.336s] Level 1:colcon.colcon_core.package_discovery:discover_packages(path) using defaults
[0.362s] INFO:colcon.colcon_core.package_selection:Skipping not selected package 'custom_hardware_plugins' in 'src/custom_hardware_plugins'
[0.363s] Level 1:colcon.colcon_core.package_discovery:discover_packages(prefix_path) check parameters
[0.363s] Level 1:colcon.colcon_core.package_discovery:discover_packages(prefix_path) discover
[0.364s] DEBUG:colcon.colcon_installed_package_information.package_discovery:Found 3 installed packages in /home/sanmaster/pim-kinova/install
[0.367s] DEBUG:colcon.colcon_installed_package_information.package_discovery:Found 450 installed packages in /opt/ros/humble
[0.369s] Level 1:colcon.colcon_core.package_discovery:discover_packages(prefix_path) using defaults
[0.426s] Level 5:colcon.colcon_core.verb:set package 'kortex_description' build argument 'cmake_args' from command line to 'None'
[0.426s] Level 5:colcon.colcon_core.verb:set package 'kortex_description' build argument 'cmake_target' from command line to 'None'
[0.426s] Level 5:colcon.colcon_core.verb:set package 'kortex_description' build argument 'cmake_target_skip_unavailable' from command line to 'False'
[0.426s] Level 5:colcon.colcon_core.verb:set package 'kortex_description' build argument 'cmake_clean_cache' from command line to 'False'
[0.426s] Level 5:colcon.colcon_core.verb:set package 'kortex_description' build argument 'cmake_clean_first' from command line to 'False'
[0.426s] Level 5:colcon.colcon_core.verb:set package 'kortex_description' build argument 'cmake_force_configure' from command line to 'False'
[0.426s] Level 5:colcon.colcon_core.verb:set package 'kortex_description' build argument 'ament_cmake_args' from command line to 'None'
[0.426s] Level 5:colcon.colcon_core.verb:set package 'kortex_description' build argument 'catkin_cmake_args' from command line to 'None'
[0.426s] Level 5:colcon.colcon_core.verb:set package 'kortex_description' build argument 'catkin_skip_building_tests' from command line to 'False'
[0.427s] DEBUG:colcon.colcon_core.verb:Building package 'kortex_description' with the following arguments: {'ament_cmake_args': None, 'build_base': '/home/sanmaster/pim-kinova/build/kortex_description', 'catkin_cmake_args': None, 'catkin_skip_building_tests': False, 'cmake_args': None, 'cmake_clean_cache': False, 'cmake_clean_first': False, 'cmake_force_configure': False, 'cmake_target': None, 'cmake_target_skip_unavailable': False, 'install_base': '/home/sanmaster/pim-kinova/install/kortex_description', 'merge_install': False, 'path': '/home/sanmaster/pim-kinova/src/kortex_description', 'symlink_install': True, 'test_result_base': None}
[0.427s] Level 5:colcon.colcon_core.verb:set package 'kortex_bringup' build argument 'cmake_args' from command line to 'None'
[0.427s] Level 5:colcon.colcon_core.verb:set package 'kortex_bringup' build argument 'cmake_target' from command line to 'None'
[0.427s] Level 5:colcon.colcon_core.verb:set package 'kortex_bringup' build argument 'cmake_target_skip_unavailable' from command line to 'False'
[0.427s] Level 5:colcon.colcon_core.verb:set package 'kortex_bringup' build argument 'cmake_clean_cache' from command line to 'False'
[0.427s] Level 5:colcon.colcon_core.verb:set package 'kortex_bringup' build argument 'cmake_clean_first' from command line to 'False'
[0.427s] Level 5:colcon.colcon_core.verb:set package 'kortex_bringup' build argument 'cmake_force_configure' from command line to 'False'
[0.427s] Level 5:colcon.colcon_core.verb:set package 'kortex_bringup' build argument 'ament_cmake_args' from command line to 'None'
[0.427s] Level 5:colcon.colcon_core.verb:set package 'kortex_bringup' build argument 'catkin_cmake_args' from command line to 'None'
[0.427s] Level 5:colcon.colcon_core.verb:set package 'kortex_bringup' build argument 'catkin_skip_building_tests' from command line to 'False'
[0.427s] DEBUG:colcon.colcon_core.verb:Building package 'kortex_bringup' with the following arguments: {'ament_cmake_args': None, 'build_base': '/home/sanmaster/pim-kinova/build/kortex_bringup', 'catkin_cmake_args': None, 'catkin_skip_building_tests': False, 'cmake_args': None, 'cmake_clean_cache': False, 'cmake_clean_first': False, 'cmake_force_configure': False, 'cmake_target': None, 'cmake_target_skip_unavailable': False, 'install_base': '/home/sanmaster/pim-kinova/install/kortex_bringup', 'merge_install': False, 'path': '/home/sanmaster/pim-kinova/src/kortex_bringup', 'symlink_install': True, 'test_result_base': None}
[0.427s] INFO:colcon.colcon_core.executor:Executing jobs using 'parallel' executor
[0.428s] DEBUG:colcon.colcon_parallel_executor.executor.parallel:run_until_complete
[0.428s] INFO:colcon.colcon_ros.task.ament_cmake.build:Building ROS package in '/home/sanmaster/pim-kinova/src/kortex_description' with build type 'ament_cmake'
[0.429s] INFO:colcon.colcon_cmake.task.cmake.build:Building CMake package in '/home/sanmaster/pim-kinova/src/kortex_description'
[0.431s] INFO:colcon.colcon_core.plugin_system:Skipping extension 'colcon_core.shell.bat': Not used on non-Windows systems
[0.431s] INFO:colcon.colcon_core.shell:Skip shell extension 'powershell' for command environment: Not usable outside of PowerShell
[0.431s] DEBUG:colcon.colcon_core.shell:Skip shell extension 'dsv' for command environment
[0.441s] DEBUG:colcon.colcon_core.event_handler.log_command:Invoking command in '/home/sanmaster/pim-kinova/build/kortex_description': CMAKE_PREFIX_PATH=${CMAKE_PREFIX_PATH}:/opt/ros/humble /usr/bin/cmake --build /home/sanmaster/pim-kinova/build/kortex_description -- -j12 -l12
[1.259s] DEBUG:colcon.colcon_core.event_handler.log_command:Invoked command in '/home/sanmaster/pim-kinova/build/kortex_description' returned '0': CMAKE_PREFIX_PATH=${CMAKE_PREFIX_PATH}:/opt/ros/humble /usr/bin/cmake --build /home/sanmaster/pim-kinova/build/kortex_description -- -j12 -l12
[1.291s] DEBUG:colcon.colcon_core.event_handler.log_command:Invoking command in '/home/sanmaster/pim-kinova/build/kortex_description': CMAKE_PREFIX_PATH=${CMAKE_PREFIX_PATH}:/opt/ros/humble /usr/bin/cmake --install /home/sanmaster/pim-kinova/build/kortex_description
[1.398s] Level 1:colcon.colcon_core.environment:create_environment_scripts_only(kortex_description)
[1.399s] DEBUG:colcon.colcon_core.event_handler.log_command:Invoked command in '/home/sanmaster/pim-kinova/build/kortex_description' returned '0': CMAKE_PREFIX_PATH=${CMAKE_PREFIX_PATH}:/opt/ros/humble /usr/bin/cmake --install /home/sanmaster/pim-kinova/build/kortex_description
[1.401s] Level 1:colcon.colcon_core.environment:checking '/home/sanmaster/pim-kinova/install/kortex_description' for CMake module files
[1.401s] Level 1:colcon.colcon_core.environment:checking '/home/sanmaster/pim-kinova/install/kortex_description' for CMake config files
[1.403s] Level 1:colcon.colcon_core.shell:create_environment_hook('kortex_description', 'cmake_prefix_path')
[1.403s] INFO:colcon.colcon_core.shell:Creating environment hook '/home/sanmaster/pim-kinova/install/kortex_description/share/kortex_description/hook/cmake_prefix_path.ps1'
[1.403s] INFO:colcon.colcon_core.shell:Creating environment descriptor '/home/sanmaster/pim-kinova/install/kortex_description/share/kortex_description/hook/cmake_prefix_path.dsv'
[1.404s] INFO:colcon.colcon_core.shell:Creating environment hook '/home/sanmaster/pim-kinova/install/kortex_description/share/kortex_description/hook/cmake_prefix_path.sh'
[1.405s] Level 1:colcon.colcon_core.environment:checking '/home/sanmaster/pim-kinova/install/kortex_description/lib'
[1.405s] Level 1:colcon.colcon_core.shell:create_environment_hook('kortex_description', 'ld_library_path_lib')
[1.405s] INFO:colcon.colcon_core.shell:Creating environment hook '/home/sanmaster/pim-kinova/install/kortex_description/share/kortex_description/hook/ld_library_path_lib.ps1'
[1.405s] INFO:colcon.colcon_core.shell:Creating environment descriptor '/home/sanmaster/pim-kinova/install/kortex_description/share/kortex_description/hook/ld_library_path_lib.dsv'
[1.405s] INFO:colcon.colcon_core.shell:Creating environment hook '/home/sanmaster/pim-kinova/install/kortex_description/share/kortex_description/hook/ld_library_path_lib.sh'
[1.406s] Level 1:colcon.colcon_core.environment:checking '/home/sanmaster/pim-kinova/install/kortex_description/bin'
[1.406s] Level 1:colcon.colcon_core.environment:checking '/home/sanmaster/pim-kinova/install/kortex_description/lib/pkgconfig/kortex_description.pc'
[1.406s] Level 1:colcon.colcon_core.environment:checking '/home/sanmaster/pim-kinova/install/kortex_description/lib/python3.10/site-packages'
[1.406s] Level 1:colcon.colcon_core.environment:checking '/home/sanmaster/pim-kinova/install/kortex_description/bin'
[1.406s] INFO:colcon.colcon_core.shell:Creating package script '/home/sanmaster/pim-kinova/install/kortex_description/share/kortex_description/package.ps1'
[1.407s] INFO:colcon.colcon_core.shell:Creating package descriptor '/home/sanmaster/pim-kinova/install/kortex_description/share/kortex_description/package.dsv'
[1.408s] INFO:colcon.colcon_core.shell:Creating package script '/home/sanmaster/pim-kinova/install/kortex_description/share/kortex_description/package.sh'
[1.408s] INFO:colcon.colcon_core.shell:Creating package script '/home/sanmaster/pim-kinova/install/kortex_description/share/kortex_description/package.bash'
[1.409s] INFO:colcon.colcon_core.shell:Creating package script '/home/sanmaster/pim-kinova/install/kortex_description/share/kortex_description/package.zsh'
[1.409s] Level 1:colcon.colcon_core.environment:create_file_with_runtime_dependencies(/home/sanmaster/pim-kinova/install/kortex_description/share/colcon-core/packages/kortex_description)
[1.433s] Level 1:colcon.colcon_core.environment:create_environment_scripts_only(kortex_description)
[1.433s] Level 1:colcon.colcon_core.environment:checking '/home/sanmaster/pim-kinova/install/kortex_description' for CMake module files
[1.434s] Level 1:colcon.colcon_core.environment:checking '/home/sanmaster/pim-kinova/install/kortex_description' for CMake config files
[1.435s] Level 1:colcon.colcon_core.shell:create_environment_hook('kortex_description', 'cmake_prefix_path')
[1.435s] INFO:colcon.colcon_core.shell:Creating environment hook '/home/sanmaster/pim-kinova/install/kortex_description/share/kortex_description/hook/cmake_prefix_path.ps1'
[1.435s] INFO:colcon.colcon_core.shell:Creating environment descriptor '/home/sanmaster/pim-kinova/install/kortex_description/share/kortex_description/hook/cmake_prefix_path.dsv'
[1.436s] INFO:colcon.colcon_core.shell:Creating environment hook '/home/sanmaster/pim-kinova/install/kortex_description/share/kortex_description/hook/cmake_prefix_path.sh'
[1.436s] Level 1:colcon.colcon_core.environment:checking '/home/sanmaster/pim-kinova/install/kortex_description/lib'
[1.436s] Level 1:colcon.colcon_core.shell:create_environment_hook('kortex_description', 'ld_library_path_lib')
[1.436s] INFO:colcon.colcon_core.shell:Creating environment hook '/home/sanmaster/pim-kinova/install/kortex_description/share/kortex_description/hook/ld_library_path_lib.ps1'
[1.437s] INFO:colcon.colcon_core.shell:Creating environment descriptor '/home/sanmaster/pim-kinova/install/kortex_description/share/kortex_description/hook/ld_library_path_lib.dsv'
[1.437s] INFO:colcon.colcon_core.shell:Creating environment hook '/home/sanmaster/pim-kinova/install/kortex_description/share/kortex_description/hook/ld_library_path_lib.sh'
[1.437s] Level 1:colcon.colcon_core.environment:checking '/home/sanmaster/pim-kinova/install/kortex_description/bin'
[1.437s] Level 1:colcon.colcon_core.environment:checking '/home/sanmaster/pim-kinova/install/kortex_description/lib/pkgconfig/kortex_description.pc'
[1.438s] Level 1:colcon.colcon_core.environment:checking '/home/sanmaster/pim-kinova/install/kortex_description/lib/python3.10/site-packages'
[1.438s] Level 1:colcon.colcon_core.environment:checking '/home/sanmaster/pim-kinova/install/kortex_description/bin'
[1.438s] INFO:colcon.colcon_core.shell:Creating package script '/home/sanmaster/pim-kinova/install/kortex_description/share/kortex_description/package.ps1'
[1.438s] INFO:colcon.colcon_core.shell:Creating package descriptor '/home/sanmaster/pim-kinova/install/kortex_description/share/kortex_description/package.dsv'
[1.439s] INFO:colcon.colcon_core.shell:Creating package script '/home/sanmaster/pim-kinova/install/kortex_description/share/kortex_description/package.sh'
[1.439s] INFO:colcon.colcon_core.shell:Creating package script '/home/sanmaster/pim-kinova/install/kortex_description/share/kortex_description/package.bash'
[1.440s] INFO:colcon.colcon_core.shell:Creating package script '/home/sanmaster/pim-kinova/install/kortex_description/share/kortex_description/package.zsh'
[1.440s] Level 1:colcon.colcon_core.environment:create_file_with_runtime_dependencies(/home/sanmaster/pim-kinova/install/kortex_description/share/colcon-core/packages/kortex_description)
[1.440s] INFO:colcon.colcon_ros.task.ament_cmake.build:Building ROS package in '/home/sanmaster/pim-kinova/src/kortex_bringup' with build type 'ament_cmake'
[1.440s] INFO:colcon.colcon_cmake.task.cmake.build:Building CMake package in '/home/sanmaster/pim-kinova/src/kortex_bringup'
[1.441s] INFO:colcon.colcon_core.shell:Skip shell extension 'powershell' for command environment: Not usable outside of PowerShell
[1.441s] DEBUG:colcon.colcon_core.shell:Skip shell extension 'dsv' for command environment
[1.450s] DEBUG:colcon.colcon_core.event_handler.log_command:Invoking command in '/home/sanmaster/pim-kinova/build/kortex_bringup': CMAKE_PREFIX_PATH=/home/sanmaster/pim-kinova/install/kortex_description:/home/sanmaster/pim-kinova/install/kortex_bringup:/home/sanmaster/pim-kinova/install/custom_hardware_plugins:/opt/ros/humble LD_LIBRARY_PATH=/home/sanmaster/pim-kinova/install/kortex_description/lib:${LD_LIBRARY_PATH} /usr/bin/cmake --build /home/sanmaster/pim-kinova/build/kortex_bringup -- -j12 -l12
[1.484s] DEBUG:colcon.colcon_core.event_handler.log_command:Invoked command in '/home/sanmaster/pim-kinova/build/kortex_bringup' returned '0': CMAKE_PREFIX_PATH=/home/sanmaster/pim-kinova/install/kortex_description:/home/sanmaster/pim-kinova/install/kortex_bringup:/home/sanmaster/pim-kinova/install/custom_hardware_plugins:/opt/ros/humble LD_LIBRARY_PATH=/home/sanmaster/pim-kinova/install/kortex_description/lib:${LD_LIBRARY_PATH} /usr/bin/cmake --build /home/sanmaster/pim-kinova/build/kortex_bringup -- -j12 -l12
[1.506s] DEBUG:colcon.colcon_core.event_handler.log_command:Invoking command in '/home/sanmaster/pim-kinova/build/kortex_bringup': CMAKE_PREFIX_PATH=/home/sanmaster/pim-kinova/install/kortex_description:/home/sanmaster/pim-kinova/install/kortex_bringup:/home/sanmaster/pim-kinova/install/custom_hardware_plugins:/opt/ros/humble LD_LIBRARY_PATH=/home/sanmaster/pim-kinova/install/kortex_description/lib:${LD_LIBRARY_PATH} /usr/bin/cmake --install /home/sanmaster/pim-kinova/build/kortex_bringup
[1.525s] Level 1:colcon.colcon_core.environment:create_environment_scripts_only(kortex_bringup)
[1.525s] DEBUG:colcon.colcon_core.event_handler.log_command:Invoked command in '/home/sanmaster/pim-kinova/build/kortex_bringup' returned '0': CMAKE_PREFIX_PATH=/home/sanmaster/pim-kinova/install/kortex_description:/home/sanmaster/pim-kinova/install/kortex_bringup:/home/sanmaster/pim-kinova/install/custom_hardware_plugins:/opt/ros/humble LD_LIBRARY_PATH=/home/sanmaster/pim-kinova/install/kortex_description/lib:${LD_LIBRARY_PATH} /usr/bin/cmake --install /home/sanmaster/pim-kinova/build/kortex_bringup
[1.526s] Level 1:colcon.colcon_core.environment:checking '/home/sanmaster/pim-kinova/install/kortex_bringup' for CMake module files
[1.526s] Level 1:colcon.colcon_core.environment:checking '/home/sanmaster/pim-kinova/install/kortex_bringup' for CMake config files
[1.526s] Level 1:colcon.colcon_core.shell:create_environment_hook('kortex_bringup', 'cmake_prefix_path')
[1.527s] INFO:colcon.colcon_core.shell:Creating environment hook '/home/sanmaster/pim-kinova/install/kortex_bringup/share/kortex_bringup/hook/cmake_prefix_path.ps1'
[1.527s] INFO:colcon.colcon_core.shell:Creating environment descriptor '/home/sanmaster/pim-kinova/install/kortex_bringup/share/kortex_bringup/hook/cmake_prefix_path.dsv'
[1.527s] INFO:colcon.colcon_core.shell:Creating environment hook '/home/sanmaster/pim-kinova/install/kortex_bringup/share/kortex_bringup/hook/cmake_prefix_path.sh'
[1.528s] Level 1:colcon.colcon_core.environment:checking '/home/sanmaster/pim-kinova/install/kortex_bringup/lib'
[1.528s] Level 1:colcon.colcon_core.environment:checking '/home/sanmaster/pim-kinova/install/kortex_bringup/bin'
[1.528s] Level 1:colcon.colcon_core.environment:checking '/home/sanmaster/pim-kinova/install/kortex_bringup/lib/pkgconfig/kortex_bringup.pc'
[1.528s] Level 1:colcon.colcon_core.environment:checking '/home/sanmaster/pim-kinova/install/kortex_bringup/lib/python3.10/site-packages'
[1.528s] Level 1:colcon.colcon_core.environment:checking '/home/sanmaster/pim-kinova/install/kortex_bringup/bin'
[1.528s] INFO:colcon.colcon_core.shell:Creating package script '/home/sanmaster/pim-kinova/install/kortex_bringup/share/kortex_bringup/package.ps1'
[1.529s] INFO:colcon.colcon_core.shell:Creating package descriptor '/home/sanmaster/pim-kinova/install/kortex_bringup/share/kortex_bringup/package.dsv'
[1.529s] INFO:colcon.colcon_core.shell:Creating package script '/home/sanmaster/pim-kinova/install/kortex_bringup/share/kortex_bringup/package.sh'
[1.529s] INFO:colcon.colcon_core.shell:Creating package script '/home/sanmaster/pim-kinova/install/kortex_bringup/share/kortex_bringup/package.bash'
[1.530s] INFO:colcon.colcon_core.shell:Creating package script '/home/sanmaster/pim-kinova/install/kortex_bringup/share/kortex_bringup/package.zsh'
[1.530s] Level 1:colcon.colcon_core.environment:create_file_with_runtime_dependencies(/home/sanmaster/pim-kinova/install/kortex_bringup/share/colcon-core/packages/kortex_bringup)
[1.551s] Level 1:colcon.colcon_core.environment:create_environment_scripts_only(kortex_bringup)
[1.551s] Level 1:colcon.colcon_core.environment:checking '/home/sanmaster/pim-kinova/install/kortex_bringup' for CMake module files
[1.551s] Level 1:colcon.colcon_core.environment:checking '/home/sanmaster/pim-kinova/install/kortex_bringup' for CMake config files
[1.552s] Level 1:colcon.colcon_core.shell:create_environment_hook('kortex_bringup', 'cmake_prefix_path')
[1.552s] INFO:colcon.colcon_core.shell:Creating environment hook '/home/sanmaster/pim-kinova/install/kortex_bringup/share/kortex_bringup/hook/cmake_prefix_path.ps1'
[1.552s] INFO:colcon.colcon_core.shell:Creating environment descriptor '/home/sanmaster/pim-kinova/install/kortex_bringup/share/kortex_bringup/hook/cmake_prefix_path.dsv'
[1.552s] INFO:colcon.colcon_core.shell:Creating environment hook '/home/sanmaster/pim-kinova/install/kortex_bringup/share/kortex_bringup/hook/cmake_prefix_path.sh'
[1.553s] Level 1:colcon.colcon_core.environment:checking '/home/sanmaster/pim-kinova/install/kortex_bringup/lib'
[1.553s] Level 1:colcon.colcon_core.environment:checking '/home/sanmaster/pim-kinova/install/kortex_bringup/bin'
[1.553s] Level 1:colcon.colcon_core.environment:checking '/home/sanmaster/pim-kinova/install/kortex_bringup/lib/pkgconfig/kortex_bringup.pc'
[1.553s] Level 1:colcon.colcon_core.environment:checking '/home/sanmaster/pim-kinova/install/kortex_bringup/lib/python3.10/site-packages'
[1.553s] Level 1:colcon.colcon_core.environment:checking '/home/sanmaster/pim-kinova/install/kortex_bringup/bin'
[1.554s] INFO:colcon.colcon_core.shell:Creating package script '/home/sanmaster/pim-kinova/install/kortex_bringup/share/kortex_bringup/package.ps1'
[1.554s] INFO:colcon.colcon_core.shell:Creating package descriptor '/home/sanmaster/pim-kinova/install/kortex_bringup/share/kortex_bringup/package.dsv'
[1.554s] INFO:colcon.colcon_core.shell:Creating package script '/home/sanmaster/pim-kinova/install/kortex_bringup/share/kortex_bringup/package.sh'
[1.555s] INFO:colcon.colcon_core.shell:Creating package script '/home/sanmaster/pim-kinova/install/kortex_bringup/share/kortex_bringup/package.bash'
[1.555s] INFO:colcon.colcon_core.shell:Creating package script '/home/sanmaster/pim-kinova/install/kortex_bringup/share/kortex_bringup/package.zsh'
[1.555s] Level 1:colcon.colcon_core.environment:create_file_with_runtime_dependencies(/home/sanmaster/pim-kinova/install/kortex_bringup/share/colcon-core/packages/kortex_bringup)
[1.555s] DEBUG:colcon.colcon_parallel_executor.executor.parallel:closing loop
[1.556s] DEBUG:colcon.colcon_parallel_executor.executor.parallel:loop closed
[1.556s] DEBUG:colcon.colcon_parallel_executor.executor.parallel:run_until_complete finished with '0'
[1.556s] DEBUG:colcon.colcon_core.event_reactor:joining thread
[1.561s] INFO:colcon.colcon_core.plugin_system:Skipping extension 'colcon_notification.desktop_notification.terminal_notifier': Not used on non-Darwin systems
[1.561s] INFO:colcon.colcon_core.plugin_system:Skipping extension 'colcon_notification.desktop_notification.win32': Not used on non-Windows systems
[1.561s] INFO:colcon.colcon_notification.desktop_notification:Sending desktop notification using 'notify2'
[1.570s] DEBUG:colcon.colcon_core.event_reactor:joined thread
[1.571s] INFO:colcon.colcon_core.shell:Creating prefix script '/home/sanmaster/pim-kinova/install/local_setup.ps1'
[1.572s] INFO:colcon.colcon_core.shell:Creating prefix util module '/home/sanmaster/pim-kinova/install/_local_setup_util_ps1.py'
[1.573s] INFO:colcon.colcon_core.shell:Creating prefix chain script '/home/sanmaster/pim-kinova/install/setup.ps1'
[1.574s] INFO:colcon.colcon_core.shell:Creating prefix script '/home/sanmaster/pim-kinova/install/local_setup.sh'
[1.574s] INFO:colcon.colcon_core.shell:Creating prefix util module '/home/sanmaster/pim-kinova/install/_local_setup_util_sh.py'
[1.575s] INFO:colcon.colcon_core.shell:Creating prefix chain script '/home/sanmaster/pim-kinova/install/setup.sh'
[1.575s] INFO:colcon.colcon_core.shell:Creating prefix script '/home/sanmaster/pim-kinova/install/local_setup.bash'
[1.576s] INFO:colcon.colcon_core.shell:Creating prefix chain script '/home/sanmaster/pim-kinova/install/setup.bash'
[1.577s] INFO:colcon.colcon_core.shell:Creating prefix script '/home/sanmaster/pim-kinova/install/local_setup.zsh'
[1.577s] INFO:colcon.colcon_core.shell:Creating prefix chain script '/home/sanmaster/pim-kinova/install/setup.zsh'
