[1.227s] Invoking command in '/home/sanmaster/pim-kinova/build/barrier_control': PYTHONPATH=/home/sanmaster/pim-kinova/build/barrier_control/prefix_override:/usr/lib/python3/dist-packages/colcon_core/task/python/colcon_distutils_commands:/home/sanmaster/pim-kinova/install/barrier_control/lib/python3.10/site-packages:${PYTHONPATH} /usr/bin/python3 -W ignore:setup.py install is deprecated setup.py develop --editable --build-directory /home/sanmaster/pim-kinova/build/barrier_control/build --no-deps symlink_data
[1.702s] running develop
[1.703s] /usr/lib/python3/dist-packages/setuptools/command/easy_install.py:158: EasyInstallDeprecationWarning: easy_install command is deprecated. Use build and pip and other standards-based tools.
[1.704s]   warnings.warn(
[2.066s] running egg_info
[2.066s] creating barrier_control.egg-info
[2.066s] writing barrier_control.egg-info/PKG-INFO
[2.066s] writing dependency_links to barrier_control.egg-info/dependency_links.txt
[2.067s] writing entry points to barrier_control.egg-info/entry_points.txt
[2.067s] writing requirements to barrier_control.egg-info/requires.txt
[2.067s] writing top-level names to barrier_control.egg-info/top_level.txt
[2.067s] writing manifest file 'barrier_control.egg-info/SOURCES.txt'
[2.068s] reading manifest file 'barrier_control.egg-info/SOURCES.txt'
[2.069s] writing manifest file 'barrier_control.egg-info/SOURCES.txt'
[2.071s] running build_ext
[2.072s] Creating /home/sanmaster/pim-kinova/install/barrier_control/lib/python3.10/site-packages/barrier-control.egg-link (link to .)
[2.073s] 
[2.073s] Installed /home/sanmaster/pim-kinova/build/barrier_control
[2.074s] running symlink_data
[2.074s] creating /home/sanmaster/pim-kinova/install/barrier_control/share/ament_index
[2.074s] creating /home/sanmaster/pim-kinova/install/barrier_control/share/ament_index/resource_index
[2.074s] creating /home/sanmaster/pim-kinova/install/barrier_control/share/ament_index/resource_index/packages
[2.074s] symbolically linking /home/sanmaster/pim-kinova/build/barrier_control/resource/barrier_control -> /home/sanmaster/pim-kinova/install/barrier_control/share/ament_index/resource_index/packages
[2.074s] symbolically linking /home/sanmaster/pim-kinova/build/barrier_control/package.xml -> /home/sanmaster/pim-kinova/install/barrier_control/share/barrier_control
[2.109s] Invoked command in '/home/sanmaster/pim-kinova/build/barrier_control' returned '0': PYTHONPATH=/home/sanmaster/pim-kinova/build/barrier_control/prefix_override:/usr/lib/python3/dist-packages/colcon_core/task/python/colcon_distutils_commands:/home/sanmaster/pim-kinova/install/barrier_control/lib/python3.10/site-packages:${PYTHONPATH} /usr/bin/python3 -W ignore:setup.py install is deprecated setup.py develop --editable --build-directory /home/sanmaster/pim-kinova/build/barrier_control/build --no-deps symlink_data
