[0.008s] Invoking command in '/home/sanmaster/pim-kinova/build/kortex_bringup': AMENT_PREFIX_PATH=/home/sanmaster/pim-kinova/install/kortex_description:${AMENT_PREFIX_PATH} CMAKE_PREFIX_PATH=/home/sanmaster/pim-kinova/install/kortex_description:/opt/ros/humble /usr/bin/cmake --build /home/sanmaster/pim-kinova/build/kortex_bringup -- -j12 -l12
[0.045s] Invoked command in '/home/sanmaster/pim-kinova/build/kortex_bringup' returned '0': AMENT_PREFIX_PATH=/home/sanmaster/pim-kinova/install/kortex_description:${AMENT_PREFIX_PATH} CMAKE_PREFIX_PATH=/home/sanmaster/pim-kinova/install/kortex_description:/opt/ros/humble /usr/bin/cmake --build /home/sanmaster/pim-kinova/build/kortex_bringup -- -j12 -l12
[0.068s] Invoking command in '/home/sanmaster/pim-kinova/build/kortex_bringup': AMENT_PREFIX_PATH=/home/sanmaster/pim-kinova/install/kortex_description:${AMENT_PREFIX_PATH} CMAKE_PREFIX_PATH=/home/sanmaster/pim-kinova/install/kortex_description:/opt/ros/humble /usr/bin/cmake --install /home/sanmaster/pim-kinova/build/kortex_bringup
[0.075s] -- Install configuration: ""
[0.076s] -- Execute custom install script
[0.076s] -- Up-to-date symlink: /home/sanmaster/pim-kinova/install/kortex_bringup/lib/kortex_bringup/test_huge_joint_space_jump.py
[0.076s] -- Up-to-date symlink: /home/sanmaster/pim-kinova/install/kortex_bringup/share/kortex_bringup/config/servo.yaml
[0.076s] -- Up-to-date symlink: /home/sanmaster/pim-kinova/install/kortex_bringup/share/kortex_bringup/config/test_huge_joint_space_jump_config.yaml
[0.077s] -- Up-to-date symlink: /home/sanmaster/pim-kinova/install/kortex_bringup/share/kortex_bringup/config/test_trajectory_goal_publishers_config.yaml
[0.077s] -- Up-to-date symlink: /home/sanmaster/pim-kinova/install/kortex_bringup/share/kortex_bringup/launch/gen3.launch.py
[0.077s] -- Up-to-date symlink: /home/sanmaster/pim-kinova/install/kortex_bringup/share/kortex_bringup/launch/gen3_lite.launch.py
[0.077s] -- Up-to-date symlink: /home/sanmaster/pim-kinova/install/kortex_bringup/share/kortex_bringup/launch/kortex_control.launch.py
[0.077s] -- Up-to-date symlink: /home/sanmaster/pim-kinova/install/kortex_bringup/share/kortex_bringup/launch/kortex_sim_control.launch.py
[0.078s] -- Up-to-date symlink: /home/sanmaster/pim-kinova/install/kortex_bringup/share/kortex_bringup/launch/test_huge_joint_space_jump.launch.py
[0.078s] -- Up-to-date symlink: /home/sanmaster/pim-kinova/install/kortex_bringup/share/kortex_bringup/launch/test_joint_trajectory_controller.launch.py
[0.078s] -- Up-to-date symlink: /home/sanmaster/pim-kinova/install/kortex_bringup/share/ament_index/resource_index/package_run_dependencies/kortex_bringup
[0.078s] -- Up-to-date symlink: /home/sanmaster/pim-kinova/install/kortex_bringup/share/ament_index/resource_index/parent_prefix_path/kortex_bringup
[0.079s] -- Up-to-date symlink: /home/sanmaster/pim-kinova/install/kortex_bringup/share/kortex_bringup/environment/ament_prefix_path.sh
[0.079s] -- Up-to-date symlink: /home/sanmaster/pim-kinova/install/kortex_bringup/share/kortex_bringup/environment/ament_prefix_path.dsv
[0.079s] -- Up-to-date symlink: /home/sanmaster/pim-kinova/install/kortex_bringup/share/kortex_bringup/environment/path.sh
[0.079s] -- Up-to-date symlink: /home/sanmaster/pim-kinova/install/kortex_bringup/share/kortex_bringup/environment/path.dsv
[0.080s] -- Up-to-date symlink: /home/sanmaster/pim-kinova/install/kortex_bringup/share/kortex_bringup/local_setup.bash
[0.080s] -- Up-to-date symlink: /home/sanmaster/pim-kinova/install/kortex_bringup/share/kortex_bringup/local_setup.sh
[0.080s] -- Up-to-date symlink: /home/sanmaster/pim-kinova/install/kortex_bringup/share/kortex_bringup/local_setup.zsh
[0.081s] -- Up-to-date symlink: /home/sanmaster/pim-kinova/install/kortex_bringup/share/kortex_bringup/local_setup.dsv
[0.081s] -- Symlinking: /home/sanmaster/pim-kinova/install/kortex_bringup/share/kortex_bringup/package.dsv
[0.090s] -- Up-to-date symlink: /home/sanmaster/pim-kinova/install/kortex_bringup/share/ament_index/resource_index/packages/kortex_bringup
[0.090s] -- Up-to-date symlink: /home/sanmaster/pim-kinova/install/kortex_bringup/share/kortex_bringup/cmake/kortex_bringupConfig.cmake
[0.090s] -- Up-to-date symlink: /home/sanmaster/pim-kinova/install/kortex_bringup/share/kortex_bringup/cmake/kortex_bringupConfig-version.cmake
[0.090s] -- Up-to-date symlink: /home/sanmaster/pim-kinova/install/kortex_bringup/share/kortex_bringup/package.xml
[0.093s] Invoked command in '/home/sanmaster/pim-kinova/build/kortex_bringup' returned '0': AMENT_PREFIX_PATH=/home/sanmaster/pim-kinova/install/kortex_description:${AMENT_PREFIX_PATH} CMAKE_PREFIX_PATH=/home/sanmaster/pim-kinova/install/kortex_description:/opt/ros/humble /usr/bin/cmake --install /home/sanmaster/pim-kinova/build/kortex_bringup
