[1.141s] Invoking command in '/home/sanmaster/pim-kinova/build/barrier_control': PYTHONPATH=/home/sanmaster/pim-kinova/build/barrier_control/prefix_override:/usr/lib/python3/dist-packages/colcon_core/task/python/colcon_distutils_commands:/home/sanmaster/pim-kinova/install/barrier_control/lib/python3.10/site-packages:${PYTHONPATH} /usr/bin/python3 -W ignore:setup.py install is deprecated setup.py develop --uninstall --editable --build-directory /home/sanmaster/pim-kinova/build/barrier_control/build
[1.627s] running develop
[1.627s] /usr/lib/python3/dist-packages/setuptools/command/easy_install.py:158: EasyInstallDeprecationWarning: easy_install command is deprecated. Use build and pip and other standards-based tools.
[1.627s]   warnings.warn(
[2.010s] Removing /home/sanmaster/pim-kinova/install/barrier_control/lib/python3.10/site-packages/barrier-control.egg-link (link to .)
[2.046s] Invoked command in '/home/sanmaster/pim-kinova/build/barrier_control' returned '0': PYTHONPATH=/home/sanmaster/pim-kinova/build/barrier_control/prefix_override:/usr/lib/python3/dist-packages/colcon_core/task/python/colcon_distutils_commands:/home/sanmaster/pim-kinova/install/barrier_control/lib/python3.10/site-packages:${PYTHONPATH} /usr/bin/python3 -W ignore:setup.py install is deprecated setup.py develop --uninstall --editable --build-directory /home/sanmaster/pim-kinova/build/barrier_control/build
[2.049s] Invoking command in '/home/sanmaster/pim-kinova/src/barrier_control': PYTHONPATH=/home/sanmaster/pim-kinova/build/barrier_control/prefix_override:/usr/lib/python3/dist-packages/colcon_core/task/python/colcon_distutils_commands:/home/sanmaster/pim-kinova/install/barrier_control/lib/python3.10/site-packages:${PYTHONPATH} /usr/bin/python3 -W ignore:setup.py install is deprecated setup.py egg_info --egg-base ../../build/barrier_control build --build-base /home/sanmaster/pim-kinova/build/barrier_control/build install --record /home/sanmaster/pim-kinova/build/barrier_control/install.log --single-version-externally-managed install_data --force
[2.526s] running egg_info
[2.527s] writing ../../build/barrier_control/barrier_control.egg-info/PKG-INFO
[2.527s] writing dependency_links to ../../build/barrier_control/barrier_control.egg-info/dependency_links.txt
[2.528s] writing entry points to ../../build/barrier_control/barrier_control.egg-info/entry_points.txt
[2.528s] writing requirements to ../../build/barrier_control/barrier_control.egg-info/requires.txt
[2.528s] writing top-level names to ../../build/barrier_control/barrier_control.egg-info/top_level.txt
[2.529s] reading manifest file '../../build/barrier_control/barrier_control.egg-info/SOURCES.txt'
[2.531s] writing manifest file '../../build/barrier_control/barrier_control.egg-info/SOURCES.txt'
[2.531s] running build
[2.531s] running install
[2.531s] running install_data
[2.531s] copying resource/barrier_control -> /home/sanmaster/pim-kinova/install/barrier_control/share/ament_index/resource_index/packages
[2.532s] copying package.xml -> /home/sanmaster/pim-kinova/install/barrier_control/share/barrier_control
[2.532s] running install_egg_info
[2.536s] Copying ../../build/barrier_control/barrier_control.egg-info to /home/sanmaster/pim-kinova/install/barrier_control/lib/python3.10/site-packages/barrier_control-0.0.0-py3.10.egg-info
[2.537s] running install_scripts
[2.571s] Installing pose_listener script to /home/sanmaster/pim-kinova/install/barrier_control/lib/barrier_control
[2.571s] Installing rigid_body_dynamics_controller script to /home/sanmaster/pim-kinova/install/barrier_control/lib/barrier_control
[2.571s] Installing state_listener script to /home/sanmaster/pim-kinova/install/barrier_control/lib/barrier_control
[2.571s] writing list of installed files to '/home/sanmaster/pim-kinova/build/barrier_control/install.log'
[2.603s] Invoked command in '/home/sanmaster/pim-kinova/src/barrier_control' returned '0': PYTHONPATH=/home/sanmaster/pim-kinova/build/barrier_control/prefix_override:/usr/lib/python3/dist-packages/colcon_core/task/python/colcon_distutils_commands:/home/sanmaster/pim-kinova/install/barrier_control/lib/python3.10/site-packages:${PYTHONPATH} /usr/bin/python3 -W ignore:setup.py install is deprecated setup.py egg_info --egg-base ../../build/barrier_control build --build-base /home/sanmaster/pim-kinova/build/barrier_control/build install --record /home/sanmaster/pim-kinova/build/barrier_control/install.log --single-version-externally-managed install_data --force
