-- Found ament_cmake: 1.3.10 (/opt/ros/humble/share/ament_cmake/cmake)
-- Override CMake install command with custom implementation using symlinks instead of copying resources
-- Found hardware_interface: 2.43.0 (/opt/ros/humble/share/hardware_interface/cmake)
-- Found rosidl_generator_c: 3.1.5 (/opt/ros/humble/share/rosidl_generator_c/cmake)
-- Found rosidl_adapter: 3.1.5 (/opt/ros/humble/share/rosidl_adapter/cmake)
-- Found rosidl_generator_cpp: 3.1.5 (/opt/ros/humble/share/rosidl_generator_cpp/cmake)
-- Using all available rosidl_typesupport_c: rosidl_typesupport_fastrtps_c;rosidl_typesupport_introspection_c
-- Using all available rosidl_typesupport_cpp: rosidl_typesupport_fastrtps_cpp;rosidl_typesupport_introspection_cpp
-- Found rmw_implementation_cmake: 6.1.2 (/opt/ros/humble/share/rmw_implementation_cmake/cmake)
-- Found rmw_fastrtps_cpp: 6.2.7 (/opt/ros/humble/share/rmw_fastrtps_cpp/cmake)
-- Found TinyXML2 via Config file: TinyXML2_DIR-NOTFOUND
-- Found TinyXML2 via Config file: TinyXML2_DIR-NOTFOUND
-- Found TinyXML2 via Config file: TinyXML2_DIR-NOTFOUND
-- Found TinyXML2 via Config file: TinyXML2_DIR-NOTFOUND
-- Using RMW implementation 'rmw_fastrtps_cpp' as default
-- Configuring done
-- Generating done
-- Build files have been written to: /home/sanmaster/pim-kinova/build/custom_hardware_plugins
[ 50%] [32mBuilding CXX object CMakeFiles/custom_hardware_plugins.dir/src/velocity_integrator_hardware.cpp.o[0m
[100%] [32m[1mLinking CXX shared library libcustom_hardware_plugins.so[0m
[100%] Built target custom_hardware_plugins
-- Install configuration: ""
-- Execute custom install script
-- Up-to-date symlink: /home/sanmaster/pim-kinova/install/custom_hardware_plugins/share/custom_hardware_plugins//plugins.xml
-- Up-to-date symlink: /home/sanmaster/pim-kinova/install/custom_hardware_plugins/share/custom_hardware_plugins/plugins.xml
-- Up-to-date symlink: /home/sanmaster/pim-kinova/install/custom_hardware_plugins/share/custom_hardware_plugins/environment/library_path.sh
-- Up-to-date symlink: /home/sanmaster/pim-kinova/install/custom_hardware_plugins/share/custom_hardware_plugins/environment/library_path.dsv
-- Up-to-date symlink: /home/sanmaster/pim-kinova/install/custom_hardware_plugins/share/ament_index/resource_index/package_run_dependencies/custom_hardware_plugins
-- Up-to-date symlink: /home/sanmaster/pim-kinova/install/custom_hardware_plugins/share/ament_index/resource_index/parent_prefix_path/custom_hardware_plugins
-- Up-to-date symlink: /home/sanmaster/pim-kinova/install/custom_hardware_plugins/share/custom_hardware_plugins/environment/ament_prefix_path.sh
-- Up-to-date symlink: /home/sanmaster/pim-kinova/install/custom_hardware_plugins/share/custom_hardware_plugins/environment/ament_prefix_path.dsv
-- Up-to-date symlink: /home/sanmaster/pim-kinova/install/custom_hardware_plugins/share/custom_hardware_plugins/environment/path.sh
-- Up-to-date symlink: /home/sanmaster/pim-kinova/install/custom_hardware_plugins/share/custom_hardware_plugins/environment/path.dsv
-- Up-to-date symlink: /home/sanmaster/pim-kinova/install/custom_hardware_plugins/share/custom_hardware_plugins/local_setup.bash
-- Up-to-date symlink: /home/sanmaster/pim-kinova/install/custom_hardware_plugins/share/custom_hardware_plugins/local_setup.sh
-- Up-to-date symlink: /home/sanmaster/pim-kinova/install/custom_hardware_plugins/share/custom_hardware_plugins/local_setup.zsh
-- Up-to-date symlink: /home/sanmaster/pim-kinova/install/custom_hardware_plugins/share/custom_hardware_plugins/local_setup.dsv
-- Symlinking: /home/sanmaster/pim-kinova/install/custom_hardware_plugins/share/custom_hardware_plugins/package.dsv
-- Up-to-date symlink: /home/sanmaster/pim-kinova/install/custom_hardware_plugins/share/ament_index/resource_index/packages/custom_hardware_plugins
-- Symlinking: /home/sanmaster/pim-kinova/install/custom_hardware_plugins/share/ament_index/resource_index/custom_hardware_plugins__pluginlib__plugin/custom_hardware_plugins
-- Up-to-date symlink: /home/sanmaster/pim-kinova/install/custom_hardware_plugins/share/custom_hardware_plugins/cmake/ament_cmake_export_dependencies-extras.cmake
-- Symlinking: /home/sanmaster/pim-kinova/install/custom_hardware_plugins/share/custom_hardware_plugins/cmake/ament_cmake_export_targets-extras.cmake
-- Up-to-date symlink: /home/sanmaster/pim-kinova/install/custom_hardware_plugins/share/custom_hardware_plugins/cmake/custom_hardware_pluginsConfig.cmake
-- Up-to-date symlink: /home/sanmaster/pim-kinova/install/custom_hardware_plugins/share/custom_hardware_plugins/cmake/custom_hardware_pluginsConfig-version.cmake
-- Up-to-date symlink: /home/sanmaster/pim-kinova/install/custom_hardware_plugins/share/custom_hardware_plugins/package.xml
-- Installing: /home/sanmaster/pim-kinova/install/custom_hardware_plugins/lib/libcustom_hardware_plugins.so
-- Set runtime path of "/home/sanmaster/pim-kinova/install/custom_hardware_plugins/lib/libcustom_hardware_plugins.so" to ""
-- Installing: /home/sanmaster/pim-kinova/install/custom_hardware_plugins/share/custom_hardware_plugins/cmake/custom_hardware_pluginsExport.cmake
-- Installing: /home/sanmaster/pim-kinova/install/custom_hardware_plugins/share/custom_hardware_plugins/cmake/custom_hardware_pluginsExport-noconfig.cmake
