[0.013s] Invoking command in '/home/sanmaster/pim-kinova/build/custom_hardware_plugins': CMAKE_PREFIX_PATH=/opt/ros/humble /usr/bin/cmake --build /home/sanmaster/pim-kinova/build/custom_hardware_plugins -- -j12 -l12
[0.036s] -- Found ament_cmake: 1.3.10 (/opt/ros/humble/share/ament_cmake/cmake)
[0.164s] -- Override CMake install command with custom implementation using symlinks instead of copying resources
[0.173s] -- Found hardware_interface: 2.43.0 (/opt/ros/humble/share/hardware_interface/cmake)
[0.204s] -- Found rosidl_generator_c: 3.1.5 (/opt/ros/humble/share/rosidl_generator_c/cmake)
[0.207s] -- Found rosidl_adapter: 3.1.5 (/opt/ros/humble/share/rosidl_adapter/cmake)
[0.214s] -- Found rosidl_generator_cpp: 3.1.5 (/opt/ros/humble/share/rosidl_generator_cpp/cmake)
[0.225s] -- Using all available rosidl_typesupport_c: rosidl_typesupport_fastrtps_c;rosidl_typesupport_introspection_c
[0.248s] -- Using all available rosidl_typesupport_cpp: rosidl_typesupport_fastrtps_cpp;rosidl_typesupport_introspection_cpp
[0.445s] -- Found rmw_implementation_cmake: 6.1.2 (/opt/ros/humble/share/rmw_implementation_cmake/cmake)
[0.446s] -- Found rmw_fastrtps_cpp: 6.2.7 (/opt/ros/humble/share/rmw_fastrtps_cpp/cmake)
[0.466s] -- Found TinyXML2 via Config file: TinyXML2_DIR-NOTFOUND
[0.474s] -- Found TinyXML2 via Config file: TinyXML2_DIR-NOTFOUND
[0.491s] -- Found TinyXML2 via Config file: TinyXML2_DIR-NOTFOUND
[0.499s] -- Found TinyXML2 via Config file: TinyXML2_DIR-NOTFOUND
[0.509s] -- Using RMW implementation 'rmw_fastrtps_cpp' as default
[0.630s] -- Configuring done
[0.661s] -- Generating done
[0.663s] -- Build files have been written to: /home/sanmaster/pim-kinova/build/custom_hardware_plugins
[0.699s] [ 50%] [32mBuilding CXX object CMakeFiles/custom_hardware_plugins.dir/src/velocity_integrator_hardware.cpp.o[0m
[2.060s] [100%] [32m[1mLinking CXX shared library libcustom_hardware_plugins.so[0m
[2.231s] [100%] Built target custom_hardware_plugins
[2.242s] Invoked command in '/home/sanmaster/pim-kinova/build/custom_hardware_plugins' returned '0': CMAKE_PREFIX_PATH=/opt/ros/humble /usr/bin/cmake --build /home/sanmaster/pim-kinova/build/custom_hardware_plugins -- -j12 -l12
[2.267s] Invoking command in '/home/sanmaster/pim-kinova/build/custom_hardware_plugins': CMAKE_PREFIX_PATH=/opt/ros/humble /usr/bin/cmake --install /home/sanmaster/pim-kinova/build/custom_hardware_plugins
[2.274s] -- Install configuration: ""
[2.274s] -- Execute custom install script
[2.274s] -- Up-to-date symlink: /home/sanmaster/pim-kinova/install/custom_hardware_plugins/share/custom_hardware_plugins//plugins.xml
[2.274s] -- Up-to-date symlink: /home/sanmaster/pim-kinova/install/custom_hardware_plugins/share/custom_hardware_plugins/plugins.xml
[2.275s] -- Up-to-date symlink: /home/sanmaster/pim-kinova/install/custom_hardware_plugins/share/custom_hardware_plugins/environment/library_path.sh
[2.275s] -- Up-to-date symlink: /home/sanmaster/pim-kinova/install/custom_hardware_plugins/share/custom_hardware_plugins/environment/library_path.dsv
[2.275s] -- Up-to-date symlink: /home/sanmaster/pim-kinova/install/custom_hardware_plugins/share/ament_index/resource_index/package_run_dependencies/custom_hardware_plugins
[2.275s] -- Up-to-date symlink: /home/sanmaster/pim-kinova/install/custom_hardware_plugins/share/ament_index/resource_index/parent_prefix_path/custom_hardware_plugins
[2.275s] -- Up-to-date symlink: /home/sanmaster/pim-kinova/install/custom_hardware_plugins/share/custom_hardware_plugins/environment/ament_prefix_path.sh
[2.275s] -- Up-to-date symlink: /home/sanmaster/pim-kinova/install/custom_hardware_plugins/share/custom_hardware_plugins/environment/ament_prefix_path.dsv
[2.276s] -- Up-to-date symlink: /home/sanmaster/pim-kinova/install/custom_hardware_plugins/share/custom_hardware_plugins/environment/path.sh
[2.276s] -- Up-to-date symlink: /home/sanmaster/pim-kinova/install/custom_hardware_plugins/share/custom_hardware_plugins/environment/path.dsv
[2.276s] -- Up-to-date symlink: /home/sanmaster/pim-kinova/install/custom_hardware_plugins/share/custom_hardware_plugins/local_setup.bash
[2.276s] -- Up-to-date symlink: /home/sanmaster/pim-kinova/install/custom_hardware_plugins/share/custom_hardware_plugins/local_setup.sh
[2.276s] -- Up-to-date symlink: /home/sanmaster/pim-kinova/install/custom_hardware_plugins/share/custom_hardware_plugins/local_setup.zsh
[2.276s] -- Up-to-date symlink: /home/sanmaster/pim-kinova/install/custom_hardware_plugins/share/custom_hardware_plugins/local_setup.dsv
[2.277s] -- Symlinking: /home/sanmaster/pim-kinova/install/custom_hardware_plugins/share/custom_hardware_plugins/package.dsv
[2.285s] -- Up-to-date symlink: /home/sanmaster/pim-kinova/install/custom_hardware_plugins/share/ament_index/resource_index/packages/custom_hardware_plugins
[2.286s] -- Symlinking: /home/sanmaster/pim-kinova/install/custom_hardware_plugins/share/ament_index/resource_index/custom_hardware_plugins__pluginlib__plugin/custom_hardware_plugins
[2.294s] -- Up-to-date symlink: /home/sanmaster/pim-kinova/install/custom_hardware_plugins/share/custom_hardware_plugins/cmake/ament_cmake_export_dependencies-extras.cmake
[2.294s] -- Symlinking: /home/sanmaster/pim-kinova/install/custom_hardware_plugins/share/custom_hardware_plugins/cmake/ament_cmake_export_targets-extras.cmake
[2.303s] -- Up-to-date symlink: /home/sanmaster/pim-kinova/install/custom_hardware_plugins/share/custom_hardware_plugins/cmake/custom_hardware_pluginsConfig.cmake
[2.303s] -- Up-to-date symlink: /home/sanmaster/pim-kinova/install/custom_hardware_plugins/share/custom_hardware_plugins/cmake/custom_hardware_pluginsConfig-version.cmake
[2.303s] -- Up-to-date symlink: /home/sanmaster/pim-kinova/install/custom_hardware_plugins/share/custom_hardware_plugins/package.xml
[2.303s] -- Installing: /home/sanmaster/pim-kinova/install/custom_hardware_plugins/lib/libcustom_hardware_plugins.so
[2.304s] -- Set runtime path of "/home/sanmaster/pim-kinova/install/custom_hardware_plugins/lib/libcustom_hardware_plugins.so" to ""
[2.304s] -- Installing: /home/sanmaster/pim-kinova/install/custom_hardware_plugins/share/custom_hardware_plugins/cmake/custom_hardware_pluginsExport.cmake
[2.304s] -- Installing: /home/sanmaster/pim-kinova/install/custom_hardware_plugins/share/custom_hardware_plugins/cmake/custom_hardware_pluginsExport-noconfig.cmake
[2.306s] Invoked command in '/home/sanmaster/pim-kinova/build/custom_hardware_plugins' returned '0': CMAKE_PREFIX_PATH=/opt/ros/humble /usr/bin/cmake --install /home/sanmaster/pim-kinova/build/custom_hardware_plugins
