[0.770s] Invoking command in '/home/sanmaster/pim-kinova/build/barrier_control': PYTHONPATH=/home/sanmaster/pim-kinova/build/barrier_control/prefix_override:/usr/lib/python3/dist-packages/colcon_core/task/python/colcon_distutils_commands:/home/sanmaster/pim-kinova/install/barrier_control/lib/python3.10/site-packages:${PYTHONPATH} /usr/bin/python3 -W ignore:setup.py install is deprecated setup.py develop --editable --build-directory /home/sanmaster/pim-kinova/build/barrier_control/build --no-deps symlink_data
[1.098s] running develop
[1.098s] /usr/lib/python3/dist-packages/setuptools/command/easy_install.py:158: EasyInstallDeprecationWarning: easy_install command is deprecated. Use build and pip and other standards-based tools.
[1.098s]   warnings.warn(
[1.353s] running egg_info
[1.353s] writing barrier_control.egg-info/PKG-INFO
[1.353s] writing dependency_links to barrier_control.egg-info/dependency_links.txt
[1.353s] writing entry points to barrier_control.egg-info/entry_points.txt
[1.353s] writing requirements to barrier_control.egg-info/requires.txt
[1.353s] writing top-level names to barrier_control.egg-info/top_level.txt
[1.355s] reading manifest file 'barrier_control.egg-info/SOURCES.txt'
[1.356s] writing manifest file 'barrier_control.egg-info/SOURCES.txt'
[1.358s] running build_ext
[1.358s] Creating /home/sanmaster/pim-kinova/install/barrier_control/lib/python3.10/site-packages/barrier-control.egg-link (link to .)
[1.359s] Installing pose_listener script to /home/sanmaster/pim-kinova/install/barrier_control/lib/barrier_control
[1.359s] Installing rigid_body_dynamics_controller script to /home/sanmaster/pim-kinova/install/barrier_control/lib/barrier_control
[1.359s] Installing state_listener script to /home/sanmaster/pim-kinova/install/barrier_control/lib/barrier_control
[1.359s] 
[1.359s] Installed /home/sanmaster/pim-kinova/build/barrier_control
[1.359s] running symlink_data
[1.386s] Invoked command in '/home/sanmaster/pim-kinova/build/barrier_control' returned '0': PYTHONPATH=/home/sanmaster/pim-kinova/build/barrier_control/prefix_override:/usr/lib/python3/dist-packages/colcon_core/task/python/colcon_distutils_commands:/home/sanmaster/pim-kinova/install/barrier_control/lib/python3.10/site-packages:${PYTHONPATH} /usr/bin/python3 -W ignore:setup.py install is deprecated setup.py develop --editable --build-directory /home/sanmaster/pim-kinova/build/barrier_control/build --no-deps symlink_data
