[0.127s] DEBUG:colcon:Command line arguments: ['/usr/bin/colcon', 'build', '--symlink-install', '--parallel-workers', '2']
[0.127s] DEBUG:colcon:Parsed command line arguments: Namespace(log_base=None, log_level=None, verb_name='build', build_base='build', install_base='install', merge_install=False, symlink_install=True, test_result_base=None, continue_on_error=False, executor='parallel', parallel_workers=2, event_handlers=None, ignore_user_meta=False, metas=['./colcon.meta'], base_paths=['.'], packages_ignore=None, packages_ignore_regex=None, paths=None, packages_up_to=None, packages_up_to_regex=None, packages_above=None, packages_above_and_dependencies=None, packages_above_depth=None, packages_select_by_dep=None, packages_skip_by_dep=None, packages_skip_up_to=None, packages_select_build_failed=False, packages_skip_build_finished=False, packages_select_test_failures=False, packages_skip_test_passed=False, packages_select=None, packages_skip=None, packages_select_regex=None, packages_skip_regex=None, packages_start=None, packages_end=None, allow_overriding=[], cmake_args=None, cmake_target=None, cmake_target_skip_unavailable=False, cmake_clean_cache=False, cmake_clean_first=False, cmake_force_configure=False, ament_cmake_args=None, catkin_cmake_args=None, catkin_skip_building_tests=False, mixin_files=None, mixin=None, verb_parser=<colcon_mixin.mixin.mixin_argument.MixinArgumentDecorator object at 0x75bfe936f7c0>, verb_extension=<colcon_core.verb.build.BuildVerb object at 0x75bfe936f1c0>, main=<bound method BuildVerb.main of <colcon_core.verb.build.BuildVerb object at 0x75bfe936f1c0>>, mixin_verb=('build',))
[0.349s] Level 1:colcon.colcon_core.package_discovery:discover_packages(colcon_meta) check parameters
[0.349s] Level 1:colcon.colcon_core.package_discovery:discover_packages(recursive) check parameters
[0.349s] Level 1:colcon.colcon_core.package_discovery:discover_packages(ignore) check parameters
[0.349s] Level 1:colcon.colcon_core.package_discovery:discover_packages(path) check parameters
[0.349s] Level 1:colcon.colcon_core.package_discovery:discover_packages(colcon_meta) discover
[0.349s] Level 1:colcon.colcon_core.package_discovery:discover_packages(recursive) discover
[0.349s] INFO:colcon.colcon_core.package_discovery:Crawling recursively for packages in '/home/sanmaster/pim-kinova'
[0.349s] Level 1:colcon.colcon_core.package_identification:_identify(.) by extensions ['ignore', 'ignore_ament_install']
[0.349s] Level 1:colcon.colcon_core.package_identification:_identify(.) by extension 'ignore'
[0.349s] Level 1:colcon.colcon_core.package_identification:_identify(.) by extension 'ignore_ament_install'
[0.349s] Level 1:colcon.colcon_core.package_identification:_identify(.) by extensions ['colcon_pkg']
[0.349s] Level 1:colcon.colcon_core.package_identification:_identify(.) by extension 'colcon_pkg'
[0.349s] Level 1:colcon.colcon_core.package_identification:_identify(.) by extensions ['colcon_meta']
[0.349s] Level 1:colcon.colcon_core.package_identification:_identify(.) by extension 'colcon_meta'
[0.350s] Level 1:colcon.colcon_core.package_identification:_identify(.) by extensions ['ros']
[0.350s] Level 1:colcon.colcon_core.package_identification:_identify(.) by extension 'ros'
[0.363s] Level 1:colcon.colcon_core.package_identification:_identify(.) by extensions ['cmake', 'python']
[0.363s] Level 1:colcon.colcon_core.package_identification:_identify(.) by extension 'cmake'
[0.363s] Level 1:colcon.colcon_core.package_identification:_identify(.) by extension 'python'
[0.363s] Level 1:colcon.colcon_core.package_identification:_identify(.) by extensions ['python_setup_py']
[0.363s] Level 1:colcon.colcon_core.package_identification:_identify(.) by extension 'python_setup_py'
[0.363s] Level 1:colcon.colcon_core.package_identification:_identify(build) by extensions ['ignore', 'ignore_ament_install']
[0.364s] Level 1:colcon.colcon_core.package_identification:_identify(build) by extension 'ignore'
[0.364s] Level 1:colcon.colcon_core.package_identification:_identify(build) ignored
[0.364s] Level 1:colcon.colcon_core.package_identification:_identify(install) by extensions ['ignore', 'ignore_ament_install']
[0.364s] Level 1:colcon.colcon_core.package_identification:_identify(install) by extension 'ignore'
[0.364s] Level 1:colcon.colcon_core.package_identification:_identify(install) ignored
[0.364s] Level 1:colcon.colcon_core.package_identification:_identify(log) by extensions ['ignore', 'ignore_ament_install']
[0.364s] Level 1:colcon.colcon_core.package_identification:_identify(log) by extension 'ignore'
[0.364s] Level 1:colcon.colcon_core.package_identification:_identify(log) ignored
[0.364s] Level 1:colcon.colcon_core.package_identification:_identify(src) by extensions ['ignore', 'ignore_ament_install']
[0.364s] Level 1:colcon.colcon_core.package_identification:_identify(src) by extension 'ignore'
[0.364s] Level 1:colcon.colcon_core.package_identification:_identify(src) by extension 'ignore_ament_install'
[0.365s] Level 1:colcon.colcon_core.package_identification:_identify(src) by extensions ['colcon_pkg']
[0.365s] Level 1:colcon.colcon_core.package_identification:_identify(src) by extension 'colcon_pkg'
[0.365s] Level 1:colcon.colcon_core.package_identification:_identify(src) by extensions ['colcon_meta']
[0.365s] Level 1:colcon.colcon_core.package_identification:_identify(src) by extension 'colcon_meta'
[0.365s] Level 1:colcon.colcon_core.package_identification:_identify(src) by extensions ['ros']
[0.365s] Level 1:colcon.colcon_core.package_identification:_identify(src) by extension 'ros'
[0.365s] Level 1:colcon.colcon_core.package_identification:_identify(src) by extensions ['cmake', 'python']
[0.365s] Level 1:colcon.colcon_core.package_identification:_identify(src) by extension 'cmake'
[0.365s] Level 1:colcon.colcon_core.package_identification:_identify(src) by extension 'python'
[0.365s] Level 1:colcon.colcon_core.package_identification:_identify(src) by extensions ['python_setup_py']
[0.365s] Level 1:colcon.colcon_core.package_identification:_identify(src) by extension 'python_setup_py'
[0.365s] Level 1:colcon.colcon_core.package_identification:_identify(src/barrier_control) by extensions ['ignore', 'ignore_ament_install']
[0.365s] Level 1:colcon.colcon_core.package_identification:_identify(src/barrier_control) by extension 'ignore'
[0.365s] Level 1:colcon.colcon_core.package_identification:_identify(src/barrier_control) by extension 'ignore_ament_install'
[0.365s] Level 1:colcon.colcon_core.package_identification:_identify(src/barrier_control) by extensions ['colcon_pkg']
[0.365s] Level 1:colcon.colcon_core.package_identification:_identify(src/barrier_control) by extension 'colcon_pkg'
[0.366s] Level 1:colcon.colcon_core.package_identification:_identify(src/barrier_control) by extensions ['colcon_meta']
[0.366s] Level 1:colcon.colcon_core.package_identification:_identify(src/barrier_control) by extension 'colcon_meta'
[0.366s] Level 1:colcon.colcon_core.package_identification:_identify(src/barrier_control) by extensions ['ros']
[0.366s] Level 1:colcon.colcon_core.package_identification:_identify(src/barrier_control) by extension 'ros'
[0.379s] DEBUG:colcon.colcon_core.package_identification:Package 'src/barrier_control' with type 'ros.ament_python' and name 'barrier_control'
[0.380s] Level 1:colcon.colcon_core.package_identification:_identify(src/custom_hardware_plugins) by extensions ['ignore', 'ignore_ament_install']
[0.380s] Level 1:colcon.colcon_core.package_identification:_identify(src/custom_hardware_plugins) by extension 'ignore'
[0.380s] Level 1:colcon.colcon_core.package_identification:_identify(src/custom_hardware_plugins) by extension 'ignore_ament_install'
[0.380s] Level 1:colcon.colcon_core.package_identification:_identify(src/custom_hardware_plugins) by extensions ['colcon_pkg']
[0.380s] Level 1:colcon.colcon_core.package_identification:_identify(src/custom_hardware_plugins) by extension 'colcon_pkg'
[0.380s] Level 1:colcon.colcon_core.package_identification:_identify(src/custom_hardware_plugins) by extensions ['colcon_meta']
[0.380s] Level 1:colcon.colcon_core.package_identification:_identify(src/custom_hardware_plugins) by extension 'colcon_meta'
[0.380s] Level 1:colcon.colcon_core.package_identification:_identify(src/custom_hardware_plugins) by extensions ['ros']
[0.380s] Level 1:colcon.colcon_core.package_identification:_identify(src/custom_hardware_plugins) by extension 'ros'
[0.381s] DEBUG:colcon.colcon_core.package_identification:Package 'src/custom_hardware_plugins' with type 'ros.ament_cmake' and name 'custom_hardware_plugins'
[0.381s] Level 1:colcon.colcon_core.package_identification:_identify(src/kortex_bringup) by extensions ['ignore', 'ignore_ament_install']
[0.381s] Level 1:colcon.colcon_core.package_identification:_identify(src/kortex_bringup) by extension 'ignore'
[0.382s] Level 1:colcon.colcon_core.package_identification:_identify(src/kortex_bringup) by extension 'ignore_ament_install'
[0.382s] Level 1:colcon.colcon_core.package_identification:_identify(src/kortex_bringup) by extensions ['colcon_pkg']
[0.382s] Level 1:colcon.colcon_core.package_identification:_identify(src/kortex_bringup) by extension 'colcon_pkg'
[0.382s] Level 1:colcon.colcon_core.package_identification:_identify(src/kortex_bringup) by extensions ['colcon_meta']
[0.382s] Level 1:colcon.colcon_core.package_identification:_identify(src/kortex_bringup) by extension 'colcon_meta'
[0.382s] Level 1:colcon.colcon_core.package_identification:_identify(src/kortex_bringup) by extensions ['ros']
[0.382s] Level 1:colcon.colcon_core.package_identification:_identify(src/kortex_bringup) by extension 'ros'
[0.383s] DEBUG:colcon.colcon_core.package_identification:Package 'src/kortex_bringup' with type 'ros.ament_cmake' and name 'kortex_bringup'
[0.383s] Level 1:colcon.colcon_core.package_identification:_identify(src/kortex_description) by extensions ['ignore', 'ignore_ament_install']
[0.383s] Level 1:colcon.colcon_core.package_identification:_identify(src/kortex_description) by extension 'ignore'
[0.383s] Level 1:colcon.colcon_core.package_identification:_identify(src/kortex_description) by extension 'ignore_ament_install'
[0.383s] Level 1:colcon.colcon_core.package_identification:_identify(src/kortex_description) by extensions ['colcon_pkg']
[0.383s] Level 1:colcon.colcon_core.package_identification:_identify(src/kortex_description) by extension 'colcon_pkg'
[0.383s] Level 1:colcon.colcon_core.package_identification:_identify(src/kortex_description) by extensions ['colcon_meta']
[0.383s] Level 1:colcon.colcon_core.package_identification:_identify(src/kortex_description) by extension 'colcon_meta'
[0.383s] Level 1:colcon.colcon_core.package_identification:_identify(src/kortex_description) by extensions ['ros']
[0.383s] Level 1:colcon.colcon_core.package_identification:_identify(src/kortex_description) by extension 'ros'
[0.384s] DEBUG:colcon.colcon_core.package_identification:Package 'src/kortex_description' with type 'ros.ament_cmake' and name 'kortex_description'
[0.384s] Level 1:colcon.colcon_core.package_discovery:discover_packages(recursive) using defaults
[0.384s] Level 1:colcon.colcon_core.package_discovery:discover_packages(ignore) discover
[0.384s] Level 1:colcon.colcon_core.package_discovery:discover_packages(ignore) using defaults
[0.384s] Level 1:colcon.colcon_core.package_discovery:discover_packages(path) discover
[0.384s] Level 1:colcon.colcon_core.package_discovery:discover_packages(path) using defaults
[0.410s] Level 1:colcon.colcon_core.package_discovery:discover_packages(prefix_path) check parameters
[0.410s] Level 1:colcon.colcon_core.package_discovery:discover_packages(prefix_path) discover
[0.412s] DEBUG:colcon.colcon_installed_package_information.package_discovery:Found 4 installed packages in /home/sanmaster/pim-kinova/install
[0.414s] DEBUG:colcon.colcon_installed_package_information.package_discovery:Found 453 installed packages in /opt/ros/humble
[0.418s] Level 1:colcon.colcon_core.package_discovery:discover_packages(prefix_path) using defaults
[0.489s] Level 5:colcon.colcon_core.verb:set package 'barrier_control' build argument 'cmake_args' from command line to 'None'
[0.489s] Level 5:colcon.colcon_core.verb:set package 'barrier_control' build argument 'cmake_target' from command line to 'None'
[0.489s] Level 5:colcon.colcon_core.verb:set package 'barrier_control' build argument 'cmake_target_skip_unavailable' from command line to 'False'
[0.489s] Level 5:colcon.colcon_core.verb:set package 'barrier_control' build argument 'cmake_clean_cache' from command line to 'False'
[0.489s] Level 5:colcon.colcon_core.verb:set package 'barrier_control' build argument 'cmake_clean_first' from command line to 'False'
[0.489s] Level 5:colcon.colcon_core.verb:set package 'barrier_control' build argument 'cmake_force_configure' from command line to 'False'
[0.489s] Level 5:colcon.colcon_core.verb:set package 'barrier_control' build argument 'ament_cmake_args' from command line to 'None'
[0.490s] Level 5:colcon.colcon_core.verb:set package 'barrier_control' build argument 'catkin_cmake_args' from command line to 'None'
[0.490s] Level 5:colcon.colcon_core.verb:set package 'barrier_control' build argument 'catkin_skip_building_tests' from command line to 'False'
[0.490s] DEBUG:colcon.colcon_core.verb:Building package 'barrier_control' with the following arguments: {'ament_cmake_args': None, 'build_base': '/home/sanmaster/pim-kinova/build/barrier_control', 'catkin_cmake_args': None, 'catkin_skip_building_tests': False, 'cmake_args': None, 'cmake_clean_cache': False, 'cmake_clean_first': False, 'cmake_force_configure': False, 'cmake_target': None, 'cmake_target_skip_unavailable': False, 'install_base': '/home/sanmaster/pim-kinova/install/barrier_control', 'merge_install': False, 'path': '/home/sanmaster/pim-kinova/src/barrier_control', 'symlink_install': True, 'test_result_base': None}
[0.490s] Level 5:colcon.colcon_core.verb:set package 'custom_hardware_plugins' build argument 'cmake_args' from command line to 'None'
[0.490s] Level 5:colcon.colcon_core.verb:set package 'custom_hardware_plugins' build argument 'cmake_target' from command line to 'None'
[0.490s] Level 5:colcon.colcon_core.verb:set package 'custom_hardware_plugins' build argument 'cmake_target_skip_unavailable' from command line to 'False'
[0.490s] Level 5:colcon.colcon_core.verb:set package 'custom_hardware_plugins' build argument 'cmake_clean_cache' from command line to 'False'
[0.490s] Level 5:colcon.colcon_core.verb:set package 'custom_hardware_plugins' build argument 'cmake_clean_first' from command line to 'False'
[0.490s] Level 5:colcon.colcon_core.verb:set package 'custom_hardware_plugins' build argument 'cmake_force_configure' from command line to 'False'
[0.490s] Level 5:colcon.colcon_core.verb:set package 'custom_hardware_plugins' build argument 'ament_cmake_args' from command line to 'None'
[0.490s] Level 5:colcon.colcon_core.verb:set package 'custom_hardware_plugins' build argument 'catkin_cmake_args' from command line to 'None'
[0.490s] Level 5:colcon.colcon_core.verb:set package 'custom_hardware_plugins' build argument 'catkin_skip_building_tests' from command line to 'False'
[0.490s] DEBUG:colcon.colcon_core.verb:Building package 'custom_hardware_plugins' with the following arguments: {'ament_cmake_args': None, 'build_base': '/home/sanmaster/pim-kinova/build/custom_hardware_plugins', 'catkin_cmake_args': None, 'catkin_skip_building_tests': False, 'cmake_args': None, 'cmake_clean_cache': False, 'cmake_clean_first': False, 'cmake_force_configure': False, 'cmake_target': None, 'cmake_target_skip_unavailable': False, 'install_base': '/home/sanmaster/pim-kinova/install/custom_hardware_plugins', 'merge_install': False, 'path': '/home/sanmaster/pim-kinova/src/custom_hardware_plugins', 'symlink_install': True, 'test_result_base': None}
[0.491s] Level 5:colcon.colcon_core.verb:set package 'kortex_description' build argument 'cmake_args' from command line to 'None'
[0.491s] Level 5:colcon.colcon_core.verb:set package 'kortex_description' build argument 'cmake_target' from command line to 'None'
[0.491s] Level 5:colcon.colcon_core.verb:set package 'kortex_description' build argument 'cmake_target_skip_unavailable' from command line to 'False'
[0.491s] Level 5:colcon.colcon_core.verb:set package 'kortex_description' build argument 'cmake_clean_cache' from command line to 'False'
[0.491s] Level 5:colcon.colcon_core.verb:set package 'kortex_description' build argument 'cmake_clean_first' from command line to 'False'
[0.491s] Level 5:colcon.colcon_core.verb:set package 'kortex_description' build argument 'cmake_force_configure' from command line to 'False'
[0.491s] Level 5:colcon.colcon_core.verb:set package 'kortex_description' build argument 'ament_cmake_args' from command line to 'None'
[0.491s] Level 5:colcon.colcon_core.verb:set package 'kortex_description' build argument 'catkin_cmake_args' from command line to 'None'
[0.491s] Level 5:colcon.colcon_core.verb:set package 'kortex_description' build argument 'catkin_skip_building_tests' from command line to 'False'
[0.491s] DEBUG:colcon.colcon_core.verb:Building package 'kortex_description' with the following arguments: {'ament_cmake_args': None, 'build_base': '/home/sanmaster/pim-kinova/build/kortex_description', 'catkin_cmake_args': None, 'catkin_skip_building_tests': False, 'cmake_args': None, 'cmake_clean_cache': False, 'cmake_clean_first': False, 'cmake_force_configure': False, 'cmake_target': None, 'cmake_target_skip_unavailable': False, 'install_base': '/home/sanmaster/pim-kinova/install/kortex_description', 'merge_install': False, 'path': '/home/sanmaster/pim-kinova/src/kortex_description', 'symlink_install': True, 'test_result_base': None}
[0.492s] Level 5:colcon.colcon_core.verb:set package 'kortex_bringup' build argument 'cmake_args' from command line to 'None'
[0.492s] Level 5:colcon.colcon_core.verb:set package 'kortex_bringup' build argument 'cmake_target' from command line to 'None'
[0.492s] Level 5:colcon.colcon_core.verb:set package 'kortex_bringup' build argument 'cmake_target_skip_unavailable' from command line to 'False'
[0.492s] Level 5:colcon.colcon_core.verb:set package 'kortex_bringup' build argument 'cmake_clean_cache' from command line to 'False'
[0.492s] Level 5:colcon.colcon_core.verb:set package 'kortex_bringup' build argument 'cmake_clean_first' from command line to 'False'
[0.492s] Level 5:colcon.colcon_core.verb:set package 'kortex_bringup' build argument 'cmake_force_configure' from command line to 'False'
[0.492s] Level 5:colcon.colcon_core.verb:set package 'kortex_bringup' build argument 'ament_cmake_args' from command line to 'None'
[0.492s] Level 5:colcon.colcon_core.verb:set package 'kortex_bringup' build argument 'catkin_cmake_args' from command line to 'None'
[0.492s] Level 5:colcon.colcon_core.verb:set package 'kortex_bringup' build argument 'catkin_skip_building_tests' from command line to 'False'
[0.492s] DEBUG:colcon.colcon_core.verb:Building package 'kortex_bringup' with the following arguments: {'ament_cmake_args': None, 'build_base': '/home/sanmaster/pim-kinova/build/kortex_bringup', 'catkin_cmake_args': None, 'catkin_skip_building_tests': False, 'cmake_args': None, 'cmake_clean_cache': False, 'cmake_clean_first': False, 'cmake_force_configure': False, 'cmake_target': None, 'cmake_target_skip_unavailable': False, 'install_base': '/home/sanmaster/pim-kinova/install/kortex_bringup', 'merge_install': False, 'path': '/home/sanmaster/pim-kinova/src/kortex_bringup', 'symlink_install': True, 'test_result_base': None}
[0.492s] INFO:colcon.colcon_core.executor:Executing jobs using 'parallel' executor
[0.493s] DEBUG:colcon.colcon_parallel_executor.executor.parallel:run_until_complete
[0.493s] INFO:colcon.colcon_ros.task.ament_cmake.build:Building ROS package in '/home/sanmaster/pim-kinova/src/kortex_description' with build type 'ament_cmake'
[0.494s] INFO:colcon.colcon_cmake.task.cmake.build:Building CMake package in '/home/sanmaster/pim-kinova/src/kortex_description'
[0.496s] INFO:colcon.colcon_core.plugin_system:Skipping extension 'colcon_core.shell.bat': Not used on non-Windows systems
[0.497s] INFO:colcon.colcon_core.shell:Skip shell extension 'powershell' for command environment: Not usable outside of PowerShell
[0.497s] DEBUG:colcon.colcon_core.shell:Skip shell extension 'dsv' for command environment
[0.502s] INFO:colcon.colcon_ros.task.ament_python.build:Building ROS package in '/home/sanmaster/pim-kinova/src/barrier_control' with build type 'ament_python'
[0.502s] Level 1:colcon.colcon_core.shell:create_environment_hook('barrier_control', 'ament_prefix_path')
[0.503s] INFO:colcon.colcon_core.shell:Creating environment hook '/home/sanmaster/pim-kinova/install/barrier_control/share/barrier_control/hook/ament_prefix_path.ps1'
[0.504s] INFO:colcon.colcon_core.shell:Creating environment descriptor '/home/sanmaster/pim-kinova/install/barrier_control/share/barrier_control/hook/ament_prefix_path.dsv'
[0.504s] INFO:colcon.colcon_core.shell:Creating environment hook '/home/sanmaster/pim-kinova/install/barrier_control/share/barrier_control/hook/ament_prefix_path.sh'
[0.505s] INFO:colcon.colcon_core.shell:Skip shell extension 'powershell' for command environment: Not usable outside of PowerShell
[0.505s] DEBUG:colcon.colcon_core.shell:Skip shell extension 'dsv' for command environment
[0.518s] DEBUG:colcon.colcon_core.event_handler.log_command:Invoking command in '/home/sanmaster/pim-kinova/build/kortex_description': CMAKE_PREFIX_PATH=${CMAKE_PREFIX_PATH}:/home/sanmaster/pim-kinova/install/barrier_control:/opt/ros/humble /usr/bin/cmake --build /home/sanmaster/pim-kinova/build/kortex_description -- -j12 -l12
[0.967s] INFO:colcon.colcon_core.task.python.build:Building Python package in '/home/sanmaster/pim-kinova/src/barrier_control'
[0.967s] INFO:colcon.colcon_core.shell:Skip shell extension 'powershell' for command environment: Not usable outside of PowerShell
[0.967s] DEBUG:colcon.colcon_core.shell:Skip shell extension 'dsv' for command environment
[0.976s] DEBUG:colcon.colcon_core.event_handler.log_command:Invoked command in '/home/sanmaster/pim-kinova/build/kortex_description' returned '0': CMAKE_PREFIX_PATH=${CMAKE_PREFIX_PATH}:/home/sanmaster/pim-kinova/install/barrier_control:/opt/ros/humble /usr/bin/cmake --build /home/sanmaster/pim-kinova/build/kortex_description -- -j12 -l12
[1.024s] DEBUG:colcon.colcon_core.event_handler.log_command:Invoking command in '/home/sanmaster/pim-kinova/build/kortex_description': CMAKE_PREFIX_PATH=${CMAKE_PREFIX_PATH}:/home/sanmaster/pim-kinova/install/barrier_control:/opt/ros/humble /usr/bin/cmake --install /home/sanmaster/pim-kinova/build/kortex_description
[1.080s] Level 1:colcon.colcon_core.environment:create_environment_scripts_only(kortex_description)
[1.081s] DEBUG:colcon.colcon_core.event_handler.log_command:Invoked command in '/home/sanmaster/pim-kinova/build/kortex_description' returned '0': CMAKE_PREFIX_PATH=${CMAKE_PREFIX_PATH}:/home/sanmaster/pim-kinova/install/barrier_control:/opt/ros/humble /usr/bin/cmake --install /home/sanmaster/pim-kinova/build/kortex_description
[1.084s] Level 1:colcon.colcon_core.environment:checking '/home/sanmaster/pim-kinova/install/kortex_description' for CMake module files
[1.085s] Level 1:colcon.colcon_core.environment:checking '/home/sanmaster/pim-kinova/install/kortex_description' for CMake config files
[1.087s] Level 1:colcon.colcon_core.shell:create_environment_hook('kortex_description', 'cmake_prefix_path')
[1.087s] INFO:colcon.colcon_core.shell:Creating environment hook '/home/sanmaster/pim-kinova/install/kortex_description/share/kortex_description/hook/cmake_prefix_path.ps1'
[1.088s] INFO:colcon.colcon_core.shell:Creating environment descriptor '/home/sanmaster/pim-kinova/install/kortex_description/share/kortex_description/hook/cmake_prefix_path.dsv'
[1.088s] INFO:colcon.colcon_core.shell:Creating environment hook '/home/sanmaster/pim-kinova/install/kortex_description/share/kortex_description/hook/cmake_prefix_path.sh'
[1.089s] Level 1:colcon.colcon_core.environment:checking '/home/sanmaster/pim-kinova/install/kortex_description/lib'
[1.089s] Level 1:colcon.colcon_core.shell:create_environment_hook('kortex_description', 'ld_library_path_lib')
[1.089s] INFO:colcon.colcon_core.shell:Creating environment hook '/home/sanmaster/pim-kinova/install/kortex_description/share/kortex_description/hook/ld_library_path_lib.ps1'
[1.090s] INFO:colcon.colcon_core.shell:Creating environment descriptor '/home/sanmaster/pim-kinova/install/kortex_description/share/kortex_description/hook/ld_library_path_lib.dsv'
[1.090s] INFO:colcon.colcon_core.shell:Creating environment hook '/home/sanmaster/pim-kinova/install/kortex_description/share/kortex_description/hook/ld_library_path_lib.sh'
[1.091s] Level 1:colcon.colcon_core.environment:checking '/home/sanmaster/pim-kinova/install/kortex_description/bin'
[1.091s] Level 1:colcon.colcon_core.environment:checking '/home/sanmaster/pim-kinova/install/kortex_description/lib/pkgconfig/kortex_description.pc'
[1.091s] Level 1:colcon.colcon_core.environment:checking '/home/sanmaster/pim-kinova/install/kortex_description/lib/python3.10/site-packages'
[1.091s] Level 1:colcon.colcon_core.environment:checking '/home/sanmaster/pim-kinova/install/kortex_description/bin'
[1.092s] INFO:colcon.colcon_core.shell:Creating package script '/home/sanmaster/pim-kinova/install/kortex_description/share/kortex_description/package.ps1'
[1.093s] INFO:colcon.colcon_core.shell:Creating package descriptor '/home/sanmaster/pim-kinova/install/kortex_description/share/kortex_description/package.dsv'
[1.093s] INFO:colcon.colcon_core.shell:Creating package script '/home/sanmaster/pim-kinova/install/kortex_description/share/kortex_description/package.sh'
[1.095s] INFO:colcon.colcon_core.shell:Creating package script '/home/sanmaster/pim-kinova/install/kortex_description/share/kortex_description/package.bash'
[1.096s] INFO:colcon.colcon_core.shell:Creating package script '/home/sanmaster/pim-kinova/install/kortex_description/share/kortex_description/package.zsh'
[1.096s] Level 1:colcon.colcon_core.environment:create_file_with_runtime_dependencies(/home/sanmaster/pim-kinova/install/kortex_description/share/colcon-core/packages/kortex_description)
[1.134s] Level 1:colcon.colcon_core.environment:create_environment_scripts_only(kortex_description)
[1.134s] Level 1:colcon.colcon_core.environment:checking '/home/sanmaster/pim-kinova/install/kortex_description' for CMake module files
[1.135s] Level 1:colcon.colcon_core.environment:checking '/home/sanmaster/pim-kinova/install/kortex_description' for CMake config files
[1.138s] Level 1:colcon.colcon_core.shell:create_environment_hook('kortex_description', 'cmake_prefix_path')
[1.139s] INFO:colcon.colcon_core.shell:Creating environment hook '/home/sanmaster/pim-kinova/install/kortex_description/share/kortex_description/hook/cmake_prefix_path.ps1'
[1.139s] INFO:colcon.colcon_core.shell:Creating environment descriptor '/home/sanmaster/pim-kinova/install/kortex_description/share/kortex_description/hook/cmake_prefix_path.dsv'
[1.140s] INFO:colcon.colcon_core.shell:Creating environment hook '/home/sanmaster/pim-kinova/install/kortex_description/share/kortex_description/hook/cmake_prefix_path.sh'
[1.141s] Level 1:colcon.colcon_core.environment:checking '/home/sanmaster/pim-kinova/install/kortex_description/lib'
[1.141s] Level 1:colcon.colcon_core.shell:create_environment_hook('kortex_description', 'ld_library_path_lib')
[1.142s] INFO:colcon.colcon_core.shell:Creating environment hook '/home/sanmaster/pim-kinova/install/kortex_description/share/kortex_description/hook/ld_library_path_lib.ps1'
[1.143s] INFO:colcon.colcon_core.shell:Creating environment descriptor '/home/sanmaster/pim-kinova/install/kortex_description/share/kortex_description/hook/ld_library_path_lib.dsv'
[1.143s] INFO:colcon.colcon_core.shell:Creating environment hook '/home/sanmaster/pim-kinova/install/kortex_description/share/kortex_description/hook/ld_library_path_lib.sh'
[1.144s] Level 1:colcon.colcon_core.environment:checking '/home/sanmaster/pim-kinova/install/kortex_description/bin'
[1.144s] Level 1:colcon.colcon_core.environment:checking '/home/sanmaster/pim-kinova/install/kortex_description/lib/pkgconfig/kortex_description.pc'
[1.145s] Level 1:colcon.colcon_core.environment:checking '/home/sanmaster/pim-kinova/install/kortex_description/lib/python3.10/site-packages'
[1.145s] Level 1:colcon.colcon_core.environment:checking '/home/sanmaster/pim-kinova/install/kortex_description/bin'
[1.146s] INFO:colcon.colcon_core.shell:Creating package script '/home/sanmaster/pim-kinova/install/kortex_description/share/kortex_description/package.ps1'
[1.147s] INFO:colcon.colcon_core.shell:Creating package descriptor '/home/sanmaster/pim-kinova/install/kortex_description/share/kortex_description/package.dsv'
[1.148s] INFO:colcon.colcon_core.shell:Creating package script '/home/sanmaster/pim-kinova/install/kortex_description/share/kortex_description/package.sh'
[1.149s] INFO:colcon.colcon_core.shell:Creating package script '/home/sanmaster/pim-kinova/install/kortex_description/share/kortex_description/package.bash'
[1.150s] INFO:colcon.colcon_core.shell:Creating package script '/home/sanmaster/pim-kinova/install/kortex_description/share/kortex_description/package.zsh'
[1.151s] Level 1:colcon.colcon_core.environment:create_file_with_runtime_dependencies(/home/sanmaster/pim-kinova/install/kortex_description/share/colcon-core/packages/kortex_description)
[1.151s] INFO:colcon.colcon_ros.task.ament_cmake.build:Building ROS package in '/home/sanmaster/pim-kinova/src/custom_hardware_plugins' with build type 'ament_cmake'
[1.151s] INFO:colcon.colcon_cmake.task.cmake.build:Building CMake package in '/home/sanmaster/pim-kinova/src/custom_hardware_plugins'
[1.152s] INFO:colcon.colcon_core.shell:Skip shell extension 'powershell' for command environment: Not usable outside of PowerShell
[1.152s] DEBUG:colcon.colcon_core.shell:Skip shell extension 'dsv' for command environment
[1.169s] DEBUG:colcon.colcon_core.event_handler.log_command:Invoking command in '/home/sanmaster/pim-kinova/build/custom_hardware_plugins': CMAKE_PREFIX_PATH=${CMAKE_PREFIX_PATH}:/home/sanmaster/pim-kinova/install/barrier_control:/opt/ros/humble /usr/bin/cmake --build /home/sanmaster/pim-kinova/build/custom_hardware_plugins -- -j12 -l12
[1.262s] DEBUG:colcon.colcon_core.event_handler.log_command:Invoked command in '/home/sanmaster/pim-kinova/build/custom_hardware_plugins' returned '0': CMAKE_PREFIX_PATH=${CMAKE_PREFIX_PATH}:/home/sanmaster/pim-kinova/install/barrier_control:/opt/ros/humble /usr/bin/cmake --build /home/sanmaster/pim-kinova/build/custom_hardware_plugins -- -j12 -l12
[1.299s] DEBUG:colcon.colcon_core.event_handler.log_command:Invoking command in '/home/sanmaster/pim-kinova/build/custom_hardware_plugins': CMAKE_PREFIX_PATH=${CMAKE_PREFIX_PATH}:/home/sanmaster/pim-kinova/install/barrier_control:/opt/ros/humble /usr/bin/cmake --install /home/sanmaster/pim-kinova/build/custom_hardware_plugins
[1.329s] Level 1:colcon.colcon_core.environment:create_environment_scripts_only(custom_hardware_plugins)
[1.330s] Level 1:colcon.colcon_core.environment:checking '/home/sanmaster/pim-kinova/install/custom_hardware_plugins' for CMake module files
[1.331s] DEBUG:colcon.colcon_core.event_handler.log_command:Invoked command in '/home/sanmaster/pim-kinova/build/custom_hardware_plugins' returned '0': CMAKE_PREFIX_PATH=${CMAKE_PREFIX_PATH}:/home/sanmaster/pim-kinova/install/barrier_control:/opt/ros/humble /usr/bin/cmake --install /home/sanmaster/pim-kinova/build/custom_hardware_plugins
[1.332s] Level 1:colcon.colcon_core.environment:checking '/home/sanmaster/pim-kinova/install/custom_hardware_plugins' for CMake config files
[1.333s] Level 1:colcon.colcon_core.shell:create_environment_hook('custom_hardware_plugins', 'cmake_prefix_path')
[1.333s] INFO:colcon.colcon_core.shell:Creating environment hook '/home/sanmaster/pim-kinova/install/custom_hardware_plugins/share/custom_hardware_plugins/hook/cmake_prefix_path.ps1'
[1.334s] INFO:colcon.colcon_core.shell:Creating environment descriptor '/home/sanmaster/pim-kinova/install/custom_hardware_plugins/share/custom_hardware_plugins/hook/cmake_prefix_path.dsv'
[1.335s] INFO:colcon.colcon_core.shell:Creating environment hook '/home/sanmaster/pim-kinova/install/custom_hardware_plugins/share/custom_hardware_plugins/hook/cmake_prefix_path.sh'
[1.336s] Level 1:colcon.colcon_core.environment:checking '/home/sanmaster/pim-kinova/install/custom_hardware_plugins/lib'
[1.336s] Level 1:colcon.colcon_core.shell:create_environment_hook('custom_hardware_plugins', 'ld_library_path_lib')
[1.337s] INFO:colcon.colcon_core.shell:Creating environment hook '/home/sanmaster/pim-kinova/install/custom_hardware_plugins/share/custom_hardware_plugins/hook/ld_library_path_lib.ps1'
[1.338s] INFO:colcon.colcon_core.shell:Creating environment descriptor '/home/sanmaster/pim-kinova/install/custom_hardware_plugins/share/custom_hardware_plugins/hook/ld_library_path_lib.dsv'
[1.338s] INFO:colcon.colcon_core.shell:Creating environment hook '/home/sanmaster/pim-kinova/install/custom_hardware_plugins/share/custom_hardware_plugins/hook/ld_library_path_lib.sh'
[1.339s] Level 1:colcon.colcon_core.environment:checking '/home/sanmaster/pim-kinova/install/custom_hardware_plugins/bin'
[1.339s] Level 1:colcon.colcon_core.environment:checking '/home/sanmaster/pim-kinova/install/custom_hardware_plugins/lib/pkgconfig/custom_hardware_plugins.pc'
[1.340s] Level 1:colcon.colcon_core.environment:checking '/home/sanmaster/pim-kinova/install/custom_hardware_plugins/lib/python3.10/site-packages'
[1.340s] Level 1:colcon.colcon_core.environment:checking '/home/sanmaster/pim-kinova/install/custom_hardware_plugins/bin'
[1.341s] INFO:colcon.colcon_core.shell:Creating package script '/home/sanmaster/pim-kinova/install/custom_hardware_plugins/share/custom_hardware_plugins/package.ps1'
[1.342s] INFO:colcon.colcon_core.shell:Creating package descriptor '/home/sanmaster/pim-kinova/install/custom_hardware_plugins/share/custom_hardware_plugins/package.dsv'
[1.343s] INFO:colcon.colcon_core.shell:Creating package script '/home/sanmaster/pim-kinova/install/custom_hardware_plugins/share/custom_hardware_plugins/package.sh'
[1.344s] INFO:colcon.colcon_core.shell:Creating package script '/home/sanmaster/pim-kinova/install/custom_hardware_plugins/share/custom_hardware_plugins/package.bash'
[1.344s] INFO:colcon.colcon_core.shell:Creating package script '/home/sanmaster/pim-kinova/install/custom_hardware_plugins/share/custom_hardware_plugins/package.zsh'
[1.345s] Level 1:colcon.colcon_core.environment:create_file_with_runtime_dependencies(/home/sanmaster/pim-kinova/install/custom_hardware_plugins/share/colcon-core/packages/custom_hardware_plugins)
[1.380s] Level 1:colcon.colcon_core.environment:create_environment_scripts_only(custom_hardware_plugins)
[1.381s] Level 1:colcon.colcon_core.environment:checking '/home/sanmaster/pim-kinova/install/custom_hardware_plugins' for CMake module files
[1.382s] Level 1:colcon.colcon_core.environment:checking '/home/sanmaster/pim-kinova/install/custom_hardware_plugins' for CMake config files
[1.382s] Level 1:colcon.colcon_core.shell:create_environment_hook('custom_hardware_plugins', 'cmake_prefix_path')
[1.383s] INFO:colcon.colcon_core.shell:Creating environment hook '/home/sanmaster/pim-kinova/install/custom_hardware_plugins/share/custom_hardware_plugins/hook/cmake_prefix_path.ps1'
[1.384s] INFO:colcon.colcon_core.shell:Creating environment descriptor '/home/sanmaster/pim-kinova/install/custom_hardware_plugins/share/custom_hardware_plugins/hook/cmake_prefix_path.dsv'
[1.384s] INFO:colcon.colcon_core.shell:Creating environment hook '/home/sanmaster/pim-kinova/install/custom_hardware_plugins/share/custom_hardware_plugins/hook/cmake_prefix_path.sh'
[1.385s] Level 1:colcon.colcon_core.environment:checking '/home/sanmaster/pim-kinova/install/custom_hardware_plugins/lib'
[1.385s] Level 1:colcon.colcon_core.shell:create_environment_hook('custom_hardware_plugins', 'ld_library_path_lib')
[1.385s] INFO:colcon.colcon_core.shell:Creating environment hook '/home/sanmaster/pim-kinova/install/custom_hardware_plugins/share/custom_hardware_plugins/hook/ld_library_path_lib.ps1'
[1.386s] INFO:colcon.colcon_core.shell:Creating environment descriptor '/home/sanmaster/pim-kinova/install/custom_hardware_plugins/share/custom_hardware_plugins/hook/ld_library_path_lib.dsv'
[1.387s] INFO:colcon.colcon_core.shell:Creating environment hook '/home/sanmaster/pim-kinova/install/custom_hardware_plugins/share/custom_hardware_plugins/hook/ld_library_path_lib.sh'
[1.387s] Level 1:colcon.colcon_core.environment:checking '/home/sanmaster/pim-kinova/install/custom_hardware_plugins/bin'
[1.388s] Level 1:colcon.colcon_core.environment:checking '/home/sanmaster/pim-kinova/install/custom_hardware_plugins/lib/pkgconfig/custom_hardware_plugins.pc'
[1.388s] Level 1:colcon.colcon_core.environment:checking '/home/sanmaster/pim-kinova/install/custom_hardware_plugins/lib/python3.10/site-packages'
[1.389s] Level 1:colcon.colcon_core.environment:checking '/home/sanmaster/pim-kinova/install/custom_hardware_plugins/bin'
[1.389s] INFO:colcon.colcon_core.shell:Creating package script '/home/sanmaster/pim-kinova/install/custom_hardware_plugins/share/custom_hardware_plugins/package.ps1'
[1.390s] INFO:colcon.colcon_core.shell:Creating package descriptor '/home/sanmaster/pim-kinova/install/custom_hardware_plugins/share/custom_hardware_plugins/package.dsv'
[1.391s] INFO:colcon.colcon_core.shell:Creating package script '/home/sanmaster/pim-kinova/install/custom_hardware_plugins/share/custom_hardware_plugins/package.sh'
[1.392s] INFO:colcon.colcon_core.shell:Creating package script '/home/sanmaster/pim-kinova/install/custom_hardware_plugins/share/custom_hardware_plugins/package.bash'
[1.392s] INFO:colcon.colcon_core.shell:Creating package script '/home/sanmaster/pim-kinova/install/custom_hardware_plugins/share/custom_hardware_plugins/package.zsh'
[1.393s] Level 1:colcon.colcon_core.environment:create_file_with_runtime_dependencies(/home/sanmaster/pim-kinova/install/custom_hardware_plugins/share/colcon-core/packages/custom_hardware_plugins)
[1.394s] INFO:colcon.colcon_ros.task.ament_cmake.build:Building ROS package in '/home/sanmaster/pim-kinova/src/kortex_bringup' with build type 'ament_cmake'
[1.394s] INFO:colcon.colcon_cmake.task.cmake.build:Building CMake package in '/home/sanmaster/pim-kinova/src/kortex_bringup'
[1.394s] INFO:colcon.colcon_core.shell:Skip shell extension 'powershell' for command environment: Not usable outside of PowerShell
[1.394s] DEBUG:colcon.colcon_core.shell:Skip shell extension 'dsv' for command environment
[1.409s] DEBUG:colcon.colcon_core.event_handler.log_command:Invoking command in '/home/sanmaster/pim-kinova/build/kortex_bringup': CMAKE_PREFIX_PATH=/home/sanmaster/pim-kinova/install/kortex_description:/home/sanmaster/pim-kinova/install/kortex_bringup:/home/sanmaster/pim-kinova/install/custom_hardware_plugins:/home/sanmaster/pim-kinova/install/barrier_control:/opt/ros/humble /usr/bin/cmake --build /home/sanmaster/pim-kinova/build/kortex_bringup -- -j12 -l12
[1.458s] DEBUG:colcon.colcon_core.event_handler.log_command:Invoked command in '/home/sanmaster/pim-kinova/build/kortex_bringup' returned '0': CMAKE_PREFIX_PATH=/home/sanmaster/pim-kinova/install/kortex_description:/home/sanmaster/pim-kinova/install/kortex_bringup:/home/sanmaster/pim-kinova/install/custom_hardware_plugins:/home/sanmaster/pim-kinova/install/barrier_control:/opt/ros/humble /usr/bin/cmake --build /home/sanmaster/pim-kinova/build/kortex_bringup -- -j12 -l12
[1.488s] DEBUG:colcon.colcon_core.event_handler.log_command:Invoking command in '/home/sanmaster/pim-kinova/build/kortex_bringup': CMAKE_PREFIX_PATH=/home/sanmaster/pim-kinova/install/kortex_description:/home/sanmaster/pim-kinova/install/kortex_bringup:/home/sanmaster/pim-kinova/install/custom_hardware_plugins:/home/sanmaster/pim-kinova/install/barrier_control:/opt/ros/humble /usr/bin/cmake --install /home/sanmaster/pim-kinova/build/kortex_bringup
[1.518s] Level 1:colcon.colcon_core.environment:create_environment_scripts_only(kortex_bringup)
[1.519s] Level 1:colcon.colcon_core.environment:checking '/home/sanmaster/pim-kinova/install/kortex_bringup' for CMake module files
[1.519s] DEBUG:colcon.colcon_core.event_handler.log_command:Invoked command in '/home/sanmaster/pim-kinova/build/kortex_bringup' returned '0': CMAKE_PREFIX_PATH=/home/sanmaster/pim-kinova/install/kortex_description:/home/sanmaster/pim-kinova/install/kortex_bringup:/home/sanmaster/pim-kinova/install/custom_hardware_plugins:/home/sanmaster/pim-kinova/install/barrier_control:/opt/ros/humble /usr/bin/cmake --install /home/sanmaster/pim-kinova/build/kortex_bringup
[1.520s] Level 1:colcon.colcon_core.environment:checking '/home/sanmaster/pim-kinova/install/kortex_bringup' for CMake config files
[1.521s] Level 1:colcon.colcon_core.shell:create_environment_hook('kortex_bringup', 'cmake_prefix_path')
[1.521s] INFO:colcon.colcon_core.shell:Creating environment hook '/home/sanmaster/pim-kinova/install/kortex_bringup/share/kortex_bringup/hook/cmake_prefix_path.ps1'
[1.522s] INFO:colcon.colcon_core.shell:Creating environment descriptor '/home/sanmaster/pim-kinova/install/kortex_bringup/share/kortex_bringup/hook/cmake_prefix_path.dsv'
[1.523s] INFO:colcon.colcon_core.shell:Creating environment hook '/home/sanmaster/pim-kinova/install/kortex_bringup/share/kortex_bringup/hook/cmake_prefix_path.sh'
[1.524s] Level 1:colcon.colcon_core.environment:checking '/home/sanmaster/pim-kinova/install/kortex_bringup/lib'
[1.524s] Level 1:colcon.colcon_core.environment:checking '/home/sanmaster/pim-kinova/install/kortex_bringup/bin'
[1.524s] Level 1:colcon.colcon_core.environment:checking '/home/sanmaster/pim-kinova/install/kortex_bringup/lib/pkgconfig/kortex_bringup.pc'
[1.525s] Level 1:colcon.colcon_core.environment:checking '/home/sanmaster/pim-kinova/install/kortex_bringup/lib/python3.10/site-packages'
[1.525s] Level 1:colcon.colcon_core.environment:checking '/home/sanmaster/pim-kinova/install/kortex_bringup/bin'
[1.526s] INFO:colcon.colcon_core.shell:Creating package script '/home/sanmaster/pim-kinova/install/kortex_bringup/share/kortex_bringup/package.ps1'
[1.527s] INFO:colcon.colcon_core.shell:Creating package descriptor '/home/sanmaster/pim-kinova/install/kortex_bringup/share/kortex_bringup/package.dsv'
[1.528s] INFO:colcon.colcon_core.shell:Creating package script '/home/sanmaster/pim-kinova/install/kortex_bringup/share/kortex_bringup/package.sh'
[1.529s] INFO:colcon.colcon_core.shell:Creating package script '/home/sanmaster/pim-kinova/install/kortex_bringup/share/kortex_bringup/package.bash'
[1.529s] INFO:colcon.colcon_core.shell:Creating package script '/home/sanmaster/pim-kinova/install/kortex_bringup/share/kortex_bringup/package.zsh'
[1.530s] Level 1:colcon.colcon_core.environment:create_file_with_runtime_dependencies(/home/sanmaster/pim-kinova/install/kortex_bringup/share/colcon-core/packages/kortex_bringup)
[1.562s] Level 1:colcon.colcon_core.environment:create_environment_scripts_only(kortex_bringup)
[1.563s] Level 1:colcon.colcon_core.environment:checking '/home/sanmaster/pim-kinova/install/kortex_bringup' for CMake module files
[1.563s] Level 1:colcon.colcon_core.environment:checking '/home/sanmaster/pim-kinova/install/kortex_bringup' for CMake config files
[1.564s] Level 1:colcon.colcon_core.shell:create_environment_hook('kortex_bringup', 'cmake_prefix_path')
[1.564s] INFO:colcon.colcon_core.shell:Creating environment hook '/home/sanmaster/pim-kinova/install/kortex_bringup/share/kortex_bringup/hook/cmake_prefix_path.ps1'
[1.565s] INFO:colcon.colcon_core.shell:Creating environment descriptor '/home/sanmaster/pim-kinova/install/kortex_bringup/share/kortex_bringup/hook/cmake_prefix_path.dsv'
[1.565s] INFO:colcon.colcon_core.shell:Creating environment hook '/home/sanmaster/pim-kinova/install/kortex_bringup/share/kortex_bringup/hook/cmake_prefix_path.sh'
[1.566s] Level 1:colcon.colcon_core.environment:checking '/home/sanmaster/pim-kinova/install/kortex_bringup/lib'
[1.566s] Level 1:colcon.colcon_core.environment:checking '/home/sanmaster/pim-kinova/install/kortex_bringup/bin'
[1.566s] Level 1:colcon.colcon_core.environment:checking '/home/sanmaster/pim-kinova/install/kortex_bringup/lib/pkgconfig/kortex_bringup.pc'
[1.567s] Level 1:colcon.colcon_core.environment:checking '/home/sanmaster/pim-kinova/install/kortex_bringup/lib/python3.10/site-packages'
[1.567s] Level 1:colcon.colcon_core.environment:checking '/home/sanmaster/pim-kinova/install/kortex_bringup/bin'
[1.568s] INFO:colcon.colcon_core.shell:Creating package script '/home/sanmaster/pim-kinova/install/kortex_bringup/share/kortex_bringup/package.ps1'
[1.569s] INFO:colcon.colcon_core.shell:Creating package descriptor '/home/sanmaster/pim-kinova/install/kortex_bringup/share/kortex_bringup/package.dsv'
[1.570s] INFO:colcon.colcon_core.shell:Creating package script '/home/sanmaster/pim-kinova/install/kortex_bringup/share/kortex_bringup/package.sh'
[1.570s] INFO:colcon.colcon_core.shell:Creating package script '/home/sanmaster/pim-kinova/install/kortex_bringup/share/kortex_bringup/package.bash'
[1.571s] INFO:colcon.colcon_core.shell:Creating package script '/home/sanmaster/pim-kinova/install/kortex_bringup/share/kortex_bringup/package.zsh'
[1.571s] Level 1:colcon.colcon_core.environment:create_file_with_runtime_dependencies(/home/sanmaster/pim-kinova/install/kortex_bringup/share/colcon-core/packages/kortex_bringup)
[1.590s] DEBUG:colcon.colcon_core.event_handler.log_command:Invoking command in '/home/sanmaster/pim-kinova/build/barrier_control': PYTHONPATH=/home/sanmaster/pim-kinova/build/barrier_control/prefix_override:/usr/lib/python3/dist-packages/colcon_core/task/python/colcon_distutils_commands:/home/sanmaster/pim-kinova/install/barrier_control/lib/python3.10/site-packages:${PYTHONPATH} /usr/bin/python3 -W ignore:setup.py install is deprecated setup.py develop --editable --build-directory /home/sanmaster/pim-kinova/build/barrier_control/build --no-deps symlink_data
[2.369s] Level 1:colcon.colcon_core.shell:create_environment_hook('barrier_control', 'pythonpath_develop')
[2.370s] INFO:colcon.colcon_core.shell:Creating environment hook '/home/sanmaster/pim-kinova/build/barrier_control/share/barrier_control/hook/pythonpath_develop.ps1'
[2.370s] DEBUG:colcon.colcon_core.event_handler.log_command:Invoked command in '/home/sanmaster/pim-kinova/build/barrier_control' returned '0': PYTHONPATH=/home/sanmaster/pim-kinova/build/barrier_control/prefix_override:/usr/lib/python3/dist-packages/colcon_core/task/python/colcon_distutils_commands:/home/sanmaster/pim-kinova/install/barrier_control/lib/python3.10/site-packages:${PYTHONPATH} /usr/bin/python3 -W ignore:setup.py install is deprecated setup.py develop --editable --build-directory /home/sanmaster/pim-kinova/build/barrier_control/build --no-deps symlink_data
[2.371s] INFO:colcon.colcon_core.shell:Creating environment descriptor '/home/sanmaster/pim-kinova/build/barrier_control/share/barrier_control/hook/pythonpath_develop.dsv'
[2.371s] INFO:colcon.colcon_core.shell:Creating environment hook '/home/sanmaster/pim-kinova/build/barrier_control/share/barrier_control/hook/pythonpath_develop.sh'
[2.372s] Level 1:colcon.colcon_core.environment:checking '/home/sanmaster/pim-kinova/install/barrier_control' for CMake module files
[2.372s] Level 1:colcon.colcon_core.environment:checking '/home/sanmaster/pim-kinova/install/barrier_control' for CMake config files
[2.373s] Level 1:colcon.colcon_core.environment:checking '/home/sanmaster/pim-kinova/install/barrier_control/lib'
[2.373s] Level 1:colcon.colcon_core.environment:checking '/home/sanmaster/pim-kinova/install/barrier_control/bin'
[2.373s] Level 1:colcon.colcon_core.environment:checking '/home/sanmaster/pim-kinova/install/barrier_control/lib/pkgconfig/barrier_control.pc'
[2.373s] Level 1:colcon.colcon_core.environment:checking '/home/sanmaster/pim-kinova/install/barrier_control/lib/python3.10/site-packages'
[2.373s] Level 1:colcon.colcon_core.shell:create_environment_hook('barrier_control', 'pythonpath')
[2.373s] INFO:colcon.colcon_core.shell:Creating environment hook '/home/sanmaster/pim-kinova/install/barrier_control/share/barrier_control/hook/pythonpath.ps1'
[2.374s] INFO:colcon.colcon_core.shell:Creating environment descriptor '/home/sanmaster/pim-kinova/install/barrier_control/share/barrier_control/hook/pythonpath.dsv'
[2.374s] INFO:colcon.colcon_core.shell:Creating environment hook '/home/sanmaster/pim-kinova/install/barrier_control/share/barrier_control/hook/pythonpath.sh'
[2.375s] Level 1:colcon.colcon_core.environment:checking '/home/sanmaster/pim-kinova/install/barrier_control/bin'
[2.375s] Level 1:colcon.colcon_core.environment:create_environment_scripts_only(barrier_control)
[2.375s] INFO:colcon.colcon_core.shell:Creating package script '/home/sanmaster/pim-kinova/install/barrier_control/share/barrier_control/package.ps1'
[2.376s] INFO:colcon.colcon_core.shell:Creating package descriptor '/home/sanmaster/pim-kinova/install/barrier_control/share/barrier_control/package.dsv'
[2.376s] INFO:colcon.colcon_core.shell:Creating package script '/home/sanmaster/pim-kinova/install/barrier_control/share/barrier_control/package.sh'
[2.377s] INFO:colcon.colcon_core.shell:Creating package script '/home/sanmaster/pim-kinova/install/barrier_control/share/barrier_control/package.bash'
[2.377s] INFO:colcon.colcon_core.shell:Creating package script '/home/sanmaster/pim-kinova/install/barrier_control/share/barrier_control/package.zsh'
[2.378s] Level 1:colcon.colcon_core.environment:create_file_with_runtime_dependencies(/home/sanmaster/pim-kinova/install/barrier_control/share/colcon-core/packages/barrier_control)
[2.378s] DEBUG:colcon.colcon_parallel_executor.executor.parallel:closing loop
[2.378s] DEBUG:colcon.colcon_parallel_executor.executor.parallel:loop closed
[2.378s] DEBUG:colcon.colcon_parallel_executor.executor.parallel:run_until_complete finished with '0'
[2.378s] DEBUG:colcon.colcon_core.event_reactor:joining thread
[2.385s] INFO:colcon.colcon_core.plugin_system:Skipping extension 'colcon_notification.desktop_notification.terminal_notifier': Not used on non-Darwin systems
[2.385s] INFO:colcon.colcon_core.plugin_system:Skipping extension 'colcon_notification.desktop_notification.win32': Not used on non-Windows systems
[2.385s] INFO:colcon.colcon_notification.desktop_notification:Sending desktop notification using 'notify2'
[2.397s] DEBUG:colcon.colcon_core.event_reactor:joined thread
[2.398s] INFO:colcon.colcon_core.shell:Creating prefix script '/home/sanmaster/pim-kinova/install/local_setup.ps1'
[2.399s] INFO:colcon.colcon_core.shell:Creating prefix util module '/home/sanmaster/pim-kinova/install/_local_setup_util_ps1.py'
[2.400s] INFO:colcon.colcon_core.shell:Creating prefix chain script '/home/sanmaster/pim-kinova/install/setup.ps1'
[2.402s] INFO:colcon.colcon_core.shell:Creating prefix script '/home/sanmaster/pim-kinova/install/local_setup.sh'
[2.403s] INFO:colcon.colcon_core.shell:Creating prefix util module '/home/sanmaster/pim-kinova/install/_local_setup_util_sh.py'
[2.403s] INFO:colcon.colcon_core.shell:Creating prefix chain script '/home/sanmaster/pim-kinova/install/setup.sh'
[2.405s] INFO:colcon.colcon_core.shell:Creating prefix script '/home/sanmaster/pim-kinova/install/local_setup.bash'
[2.406s] INFO:colcon.colcon_core.shell:Creating prefix chain script '/home/sanmaster/pim-kinova/install/setup.bash'
[2.408s] INFO:colcon.colcon_core.shell:Creating prefix script '/home/sanmaster/pim-kinova/install/local_setup.zsh'
[2.408s] INFO:colcon.colcon_core.shell:Creating prefix chain script '/home/sanmaster/pim-kinova/install/setup.zsh'
