[0.164s] DEBUG:colcon:Command line arguments: ['/usr/bin/colcon', 'build', '--symlink-install', '--parallel-workers', '2']
[0.164s] DEBUG:colcon:Parsed command line arguments: Namespace(log_base=None, log_level=None, verb_name='build', build_base='build', install_base='install', merge_install=False, symlink_install=True, test_result_base=None, continue_on_error=False, executor='parallel', parallel_workers=2, event_handlers=None, ignore_user_meta=False, metas=['./colcon.meta'], base_paths=['.'], packages_ignore=None, packages_ignore_regex=None, paths=None, packages_up_to=None, packages_up_to_regex=None, packages_above=None, packages_above_and_dependencies=None, packages_above_depth=None, packages_select_by_dep=None, packages_skip_by_dep=None, packages_skip_up_to=None, packages_select_build_failed=False, packages_skip_build_finished=False, packages_select_test_failures=False, packages_skip_test_passed=False, packages_select=None, packages_skip=None, packages_select_regex=None, packages_skip_regex=None, packages_start=None, packages_end=None, allow_overriding=[], cmake_args=None, cmake_target=None, cmake_target_skip_unavailable=False, cmake_clean_cache=False, cmake_clean_first=False, cmake_force_configure=False, ament_cmake_args=None, catkin_cmake_args=None, catkin_skip_building_tests=False, mixin_files=None, mixin=None, verb_parser=<colcon_mixin.mixin.mixin_argument.MixinArgumentDecorator object at 0x72d63f567580>, verb_extension=<colcon_core.verb.build.BuildVerb object at 0x72d63f566f80>, main=<bound method BuildVerb.main of <colcon_core.verb.build.BuildVerb object at 0x72d63f566f80>>, mixin_verb=('build',))
[0.471s] Level 1:colcon.colcon_core.package_discovery:discover_packages(colcon_meta) check parameters
[0.471s] Level 1:colcon.colcon_core.package_discovery:discover_packages(recursive) check parameters
[0.471s] Level 1:colcon.colcon_core.package_discovery:discover_packages(ignore) check parameters
[0.471s] Level 1:colcon.colcon_core.package_discovery:discover_packages(path) check parameters
[0.471s] Level 1:colcon.colcon_core.package_discovery:discover_packages(colcon_meta) discover
[0.472s] Level 1:colcon.colcon_core.package_discovery:discover_packages(recursive) discover
[0.472s] INFO:colcon.colcon_core.package_discovery:Crawling recursively for packages in '/home/sanmaster/pim-kinova'
[0.472s] Level 1:colcon.colcon_core.package_identification:_identify(.) by extensions ['ignore', 'ignore_ament_install']
[0.472s] Level 1:colcon.colcon_core.package_identification:_identify(.) by extension 'ignore'
[0.472s] Level 1:colcon.colcon_core.package_identification:_identify(.) by extension 'ignore_ament_install'
[0.472s] Level 1:colcon.colcon_core.package_identification:_identify(.) by extensions ['colcon_pkg']
[0.472s] Level 1:colcon.colcon_core.package_identification:_identify(.) by extension 'colcon_pkg'
[0.472s] Level 1:colcon.colcon_core.package_identification:_identify(.) by extensions ['colcon_meta']
[0.472s] Level 1:colcon.colcon_core.package_identification:_identify(.) by extension 'colcon_meta'
[0.472s] Level 1:colcon.colcon_core.package_identification:_identify(.) by extensions ['ros']
[0.472s] Level 1:colcon.colcon_core.package_identification:_identify(.) by extension 'ros'
[0.485s] Level 1:colcon.colcon_core.package_identification:_identify(.) by extensions ['cmake', 'python']
[0.485s] Level 1:colcon.colcon_core.package_identification:_identify(.) by extension 'cmake'
[0.485s] Level 1:colcon.colcon_core.package_identification:_identify(.) by extension 'python'
[0.485s] Level 1:colcon.colcon_core.package_identification:_identify(.) by extensions ['python_setup_py']
[0.485s] Level 1:colcon.colcon_core.package_identification:_identify(.) by extension 'python_setup_py'
[0.485s] Level 1:colcon.colcon_core.package_identification:_identify(build) by extensions ['ignore', 'ignore_ament_install']
[0.486s] Level 1:colcon.colcon_core.package_identification:_identify(build) by extension 'ignore'
[0.486s] Level 1:colcon.colcon_core.package_identification:_identify(build) ignored
[0.486s] Level 1:colcon.colcon_core.package_identification:_identify(install) by extensions ['ignore', 'ignore_ament_install']
[0.486s] Level 1:colcon.colcon_core.package_identification:_identify(install) by extension 'ignore'
[0.486s] Level 1:colcon.colcon_core.package_identification:_identify(install) ignored
[0.486s] Level 1:colcon.colcon_core.package_identification:_identify(log) by extensions ['ignore', 'ignore_ament_install']
[0.486s] Level 1:colcon.colcon_core.package_identification:_identify(log) by extension 'ignore'
[0.487s] Level 1:colcon.colcon_core.package_identification:_identify(log) ignored
[0.487s] Level 1:colcon.colcon_core.package_identification:_identify(src) by extensions ['ignore', 'ignore_ament_install']
[0.487s] Level 1:colcon.colcon_core.package_identification:_identify(src) by extension 'ignore'
[0.487s] Level 1:colcon.colcon_core.package_identification:_identify(src) by extension 'ignore_ament_install'
[0.487s] Level 1:colcon.colcon_core.package_identification:_identify(src) by extensions ['colcon_pkg']
[0.487s] Level 1:colcon.colcon_core.package_identification:_identify(src) by extension 'colcon_pkg'
[0.487s] Level 1:colcon.colcon_core.package_identification:_identify(src) by extensions ['colcon_meta']
[0.487s] Level 1:colcon.colcon_core.package_identification:_identify(src) by extension 'colcon_meta'
[0.487s] Level 1:colcon.colcon_core.package_identification:_identify(src) by extensions ['ros']
[0.487s] Level 1:colcon.colcon_core.package_identification:_identify(src) by extension 'ros'
[0.487s] Level 1:colcon.colcon_core.package_identification:_identify(src) by extensions ['cmake', 'python']
[0.487s] Level 1:colcon.colcon_core.package_identification:_identify(src) by extension 'cmake'
[0.487s] Level 1:colcon.colcon_core.package_identification:_identify(src) by extension 'python'
[0.487s] Level 1:colcon.colcon_core.package_identification:_identify(src) by extensions ['python_setup_py']
[0.487s] Level 1:colcon.colcon_core.package_identification:_identify(src) by extension 'python_setup_py'
[0.487s] Level 1:colcon.colcon_core.package_identification:_identify(src/barrier_control) by extensions ['ignore', 'ignore_ament_install']
[0.488s] Level 1:colcon.colcon_core.package_identification:_identify(src/barrier_control) by extension 'ignore'
[0.488s] Level 1:colcon.colcon_core.package_identification:_identify(src/barrier_control) by extension 'ignore_ament_install'
[0.488s] Level 1:colcon.colcon_core.package_identification:_identify(src/barrier_control) by extensions ['colcon_pkg']
[0.488s] Level 1:colcon.colcon_core.package_identification:_identify(src/barrier_control) by extension 'colcon_pkg'
[0.488s] Level 1:colcon.colcon_core.package_identification:_identify(src/barrier_control) by extensions ['colcon_meta']
[0.488s] Level 1:colcon.colcon_core.package_identification:_identify(src/barrier_control) by extension 'colcon_meta'
[0.488s] Level 1:colcon.colcon_core.package_identification:_identify(src/barrier_control) by extensions ['ros']
[0.488s] Level 1:colcon.colcon_core.package_identification:_identify(src/barrier_control) by extension 'ros'
[0.501s] DEBUG:colcon.colcon_core.package_identification:Package 'src/barrier_control' with type 'ros.ament_python' and name 'barrier_control'
[0.501s] Level 1:colcon.colcon_core.package_identification:_identify(src/custom_hardware_plugins) by extensions ['ignore', 'ignore_ament_install']
[0.501s] Level 1:colcon.colcon_core.package_identification:_identify(src/custom_hardware_plugins) by extension 'ignore'
[0.501s] Level 1:colcon.colcon_core.package_identification:_identify(src/custom_hardware_plugins) by extension 'ignore_ament_install'
[0.501s] Level 1:colcon.colcon_core.package_identification:_identify(src/custom_hardware_plugins) by extensions ['colcon_pkg']
[0.502s] Level 1:colcon.colcon_core.package_identification:_identify(src/custom_hardware_plugins) by extension 'colcon_pkg'
[0.502s] Level 1:colcon.colcon_core.package_identification:_identify(src/custom_hardware_plugins) by extensions ['colcon_meta']
[0.502s] Level 1:colcon.colcon_core.package_identification:_identify(src/custom_hardware_plugins) by extension 'colcon_meta'
[0.502s] Level 1:colcon.colcon_core.package_identification:_identify(src/custom_hardware_plugins) by extensions ['ros']
[0.502s] Level 1:colcon.colcon_core.package_identification:_identify(src/custom_hardware_plugins) by extension 'ros'
[0.503s] DEBUG:colcon.colcon_core.package_identification:Package 'src/custom_hardware_plugins' with type 'ros.ament_cmake' and name 'custom_hardware_plugins'
[0.504s] Level 1:colcon.colcon_core.package_identification:_identify(src/kortex_bringup) by extensions ['ignore', 'ignore_ament_install']
[0.504s] Level 1:colcon.colcon_core.package_identification:_identify(src/kortex_bringup) by extension 'ignore'
[0.504s] Level 1:colcon.colcon_core.package_identification:_identify(src/kortex_bringup) by extension 'ignore_ament_install'
[0.504s] Level 1:colcon.colcon_core.package_identification:_identify(src/kortex_bringup) by extensions ['colcon_pkg']
[0.504s] Level 1:colcon.colcon_core.package_identification:_identify(src/kortex_bringup) by extension 'colcon_pkg'
[0.504s] Level 1:colcon.colcon_core.package_identification:_identify(src/kortex_bringup) by extensions ['colcon_meta']
[0.504s] Level 1:colcon.colcon_core.package_identification:_identify(src/kortex_bringup) by extension 'colcon_meta'
[0.504s] Level 1:colcon.colcon_core.package_identification:_identify(src/kortex_bringup) by extensions ['ros']
[0.504s] Level 1:colcon.colcon_core.package_identification:_identify(src/kortex_bringup) by extension 'ros'
[0.505s] DEBUG:colcon.colcon_core.package_identification:Package 'src/kortex_bringup' with type 'ros.ament_cmake' and name 'kortex_bringup'
[0.506s] Level 1:colcon.colcon_core.package_identification:_identify(src/kortex_description) by extensions ['ignore', 'ignore_ament_install']
[0.506s] Level 1:colcon.colcon_core.package_identification:_identify(src/kortex_description) by extension 'ignore'
[0.506s] Level 1:colcon.colcon_core.package_identification:_identify(src/kortex_description) by extension 'ignore_ament_install'
[0.506s] Level 1:colcon.colcon_core.package_identification:_identify(src/kortex_description) by extensions ['colcon_pkg']
[0.506s] Level 1:colcon.colcon_core.package_identification:_identify(src/kortex_description) by extension 'colcon_pkg'
[0.506s] Level 1:colcon.colcon_core.package_identification:_identify(src/kortex_description) by extensions ['colcon_meta']
[0.506s] Level 1:colcon.colcon_core.package_identification:_identify(src/kortex_description) by extension 'colcon_meta'
[0.506s] Level 1:colcon.colcon_core.package_identification:_identify(src/kortex_description) by extensions ['ros']
[0.506s] Level 1:colcon.colcon_core.package_identification:_identify(src/kortex_description) by extension 'ros'
[0.507s] DEBUG:colcon.colcon_core.package_identification:Package 'src/kortex_description' with type 'ros.ament_cmake' and name 'kortex_description'
[0.507s] Level 1:colcon.colcon_core.package_discovery:discover_packages(recursive) using defaults
[0.507s] Level 1:colcon.colcon_core.package_discovery:discover_packages(ignore) discover
[0.507s] Level 1:colcon.colcon_core.package_discovery:discover_packages(ignore) using defaults
[0.507s] Level 1:colcon.colcon_core.package_discovery:discover_packages(path) discover
[0.507s] Level 1:colcon.colcon_core.package_discovery:discover_packages(path) using defaults
[0.533s] Level 1:colcon.colcon_core.package_discovery:discover_packages(prefix_path) check parameters
[0.534s] Level 1:colcon.colcon_core.package_discovery:discover_packages(prefix_path) discover
[0.536s] DEBUG:colcon.colcon_installed_package_information.package_discovery:Found 4 installed packages in /home/sanmaster/pim-kinova/install
[0.538s] DEBUG:colcon.colcon_installed_package_information.package_discovery:Found 444 installed packages in /opt/ros/humble
[0.542s] Level 1:colcon.colcon_core.package_discovery:discover_packages(prefix_path) using defaults
[0.605s] Level 5:colcon.colcon_core.verb:set package 'barrier_control' build argument 'cmake_args' from command line to 'None'
[0.605s] Level 5:colcon.colcon_core.verb:set package 'barrier_control' build argument 'cmake_target' from command line to 'None'
[0.605s] Level 5:colcon.colcon_core.verb:set package 'barrier_control' build argument 'cmake_target_skip_unavailable' from command line to 'False'
[0.605s] Level 5:colcon.colcon_core.verb:set package 'barrier_control' build argument 'cmake_clean_cache' from command line to 'False'
[0.605s] Level 5:colcon.colcon_core.verb:set package 'barrier_control' build argument 'cmake_clean_first' from command line to 'False'
[0.605s] Level 5:colcon.colcon_core.verb:set package 'barrier_control' build argument 'cmake_force_configure' from command line to 'False'
[0.605s] Level 5:colcon.colcon_core.verb:set package 'barrier_control' build argument 'ament_cmake_args' from command line to 'None'
[0.605s] Level 5:colcon.colcon_core.verb:set package 'barrier_control' build argument 'catkin_cmake_args' from command line to 'None'
[0.605s] Level 5:colcon.colcon_core.verb:set package 'barrier_control' build argument 'catkin_skip_building_tests' from command line to 'False'
[0.605s] DEBUG:colcon.colcon_core.verb:Building package 'barrier_control' with the following arguments: {'ament_cmake_args': None, 'build_base': '/home/sanmaster/pim-kinova/build/barrier_control', 'catkin_cmake_args': None, 'catkin_skip_building_tests': False, 'cmake_args': None, 'cmake_clean_cache': False, 'cmake_clean_first': False, 'cmake_force_configure': False, 'cmake_target': None, 'cmake_target_skip_unavailable': False, 'install_base': '/home/sanmaster/pim-kinova/install/barrier_control', 'merge_install': False, 'path': '/home/sanmaster/pim-kinova/src/barrier_control', 'symlink_install': True, 'test_result_base': None}
[0.605s] Level 5:colcon.colcon_core.verb:set package 'custom_hardware_plugins' build argument 'cmake_args' from command line to 'None'
[0.605s] Level 5:colcon.colcon_core.verb:set package 'custom_hardware_plugins' build argument 'cmake_target' from command line to 'None'
[0.605s] Level 5:colcon.colcon_core.verb:set package 'custom_hardware_plugins' build argument 'cmake_target_skip_unavailable' from command line to 'False'
[0.605s] Level 5:colcon.colcon_core.verb:set package 'custom_hardware_plugins' build argument 'cmake_clean_cache' from command line to 'False'
[0.605s] Level 5:colcon.colcon_core.verb:set package 'custom_hardware_plugins' build argument 'cmake_clean_first' from command line to 'False'
[0.605s] Level 5:colcon.colcon_core.verb:set package 'custom_hardware_plugins' build argument 'cmake_force_configure' from command line to 'False'
[0.605s] Level 5:colcon.colcon_core.verb:set package 'custom_hardware_plugins' build argument 'ament_cmake_args' from command line to 'None'
[0.605s] Level 5:colcon.colcon_core.verb:set package 'custom_hardware_plugins' build argument 'catkin_cmake_args' from command line to 'None'
[0.605s] Level 5:colcon.colcon_core.verb:set package 'custom_hardware_plugins' build argument 'catkin_skip_building_tests' from command line to 'False'
[0.606s] DEBUG:colcon.colcon_core.verb:Building package 'custom_hardware_plugins' with the following arguments: {'ament_cmake_args': None, 'build_base': '/home/sanmaster/pim-kinova/build/custom_hardware_plugins', 'catkin_cmake_args': None, 'catkin_skip_building_tests': False, 'cmake_args': None, 'cmake_clean_cache': False, 'cmake_clean_first': False, 'cmake_force_configure': False, 'cmake_target': None, 'cmake_target_skip_unavailable': False, 'install_base': '/home/sanmaster/pim-kinova/install/custom_hardware_plugins', 'merge_install': False, 'path': '/home/sanmaster/pim-kinova/src/custom_hardware_plugins', 'symlink_install': True, 'test_result_base': None}
[0.606s] Level 5:colcon.colcon_core.verb:set package 'kortex_description' build argument 'cmake_args' from command line to 'None'
[0.606s] Level 5:colcon.colcon_core.verb:set package 'kortex_description' build argument 'cmake_target' from command line to 'None'
[0.606s] Level 5:colcon.colcon_core.verb:set package 'kortex_description' build argument 'cmake_target_skip_unavailable' from command line to 'False'
[0.606s] Level 5:colcon.colcon_core.verb:set package 'kortex_description' build argument 'cmake_clean_cache' from command line to 'False'
[0.606s] Level 5:colcon.colcon_core.verb:set package 'kortex_description' build argument 'cmake_clean_first' from command line to 'False'
[0.606s] Level 5:colcon.colcon_core.verb:set package 'kortex_description' build argument 'cmake_force_configure' from command line to 'False'
[0.606s] Level 5:colcon.colcon_core.verb:set package 'kortex_description' build argument 'ament_cmake_args' from command line to 'None'
[0.606s] Level 5:colcon.colcon_core.verb:set package 'kortex_description' build argument 'catkin_cmake_args' from command line to 'None'
[0.606s] Level 5:colcon.colcon_core.verb:set package 'kortex_description' build argument 'catkin_skip_building_tests' from command line to 'False'
[0.606s] DEBUG:colcon.colcon_core.verb:Building package 'kortex_description' with the following arguments: {'ament_cmake_args': None, 'build_base': '/home/sanmaster/pim-kinova/build/kortex_description', 'catkin_cmake_args': None, 'catkin_skip_building_tests': False, 'cmake_args': None, 'cmake_clean_cache': False, 'cmake_clean_first': False, 'cmake_force_configure': False, 'cmake_target': None, 'cmake_target_skip_unavailable': False, 'install_base': '/home/sanmaster/pim-kinova/install/kortex_description', 'merge_install': False, 'path': '/home/sanmaster/pim-kinova/src/kortex_description', 'symlink_install': True, 'test_result_base': None}
[0.606s] Level 5:colcon.colcon_core.verb:set package 'kortex_bringup' build argument 'cmake_args' from command line to 'None'
[0.606s] Level 5:colcon.colcon_core.verb:set package 'kortex_bringup' build argument 'cmake_target' from command line to 'None'
[0.607s] Level 5:colcon.colcon_core.verb:set package 'kortex_bringup' build argument 'cmake_target_skip_unavailable' from command line to 'False'
[0.607s] Level 5:colcon.colcon_core.verb:set package 'kortex_bringup' build argument 'cmake_clean_cache' from command line to 'False'
[0.607s] Level 5:colcon.colcon_core.verb:set package 'kortex_bringup' build argument 'cmake_clean_first' from command line to 'False'
[0.607s] Level 5:colcon.colcon_core.verb:set package 'kortex_bringup' build argument 'cmake_force_configure' from command line to 'False'
[0.607s] Level 5:colcon.colcon_core.verb:set package 'kortex_bringup' build argument 'ament_cmake_args' from command line to 'None'
[0.607s] Level 5:colcon.colcon_core.verb:set package 'kortex_bringup' build argument 'catkin_cmake_args' from command line to 'None'
[0.607s] Level 5:colcon.colcon_core.verb:set package 'kortex_bringup' build argument 'catkin_skip_building_tests' from command line to 'False'
[0.607s] DEBUG:colcon.colcon_core.verb:Building package 'kortex_bringup' with the following arguments: {'ament_cmake_args': None, 'build_base': '/home/sanmaster/pim-kinova/build/kortex_bringup', 'catkin_cmake_args': None, 'catkin_skip_building_tests': False, 'cmake_args': None, 'cmake_clean_cache': False, 'cmake_clean_first': False, 'cmake_force_configure': False, 'cmake_target': None, 'cmake_target_skip_unavailable': False, 'install_base': '/home/sanmaster/pim-kinova/install/kortex_bringup', 'merge_install': False, 'path': '/home/sanmaster/pim-kinova/src/kortex_bringup', 'symlink_install': True, 'test_result_base': None}
[0.607s] INFO:colcon.colcon_core.executor:Executing jobs using 'parallel' executor
[0.608s] DEBUG:colcon.colcon_parallel_executor.executor.parallel:run_until_complete
[0.608s] INFO:colcon.colcon_ros.task.ament_cmake.build:Building ROS package in '/home/sanmaster/pim-kinova/src/kortex_description' with build type 'ament_cmake'
[0.608s] INFO:colcon.colcon_cmake.task.cmake.build:Building CMake package in '/home/sanmaster/pim-kinova/src/kortex_description'
[0.611s] INFO:colcon.colcon_core.plugin_system:Skipping extension 'colcon_core.shell.bat': Not used on non-Windows systems
[0.611s] INFO:colcon.colcon_core.shell:Skip shell extension 'powershell' for command environment: Not usable outside of PowerShell
[0.611s] DEBUG:colcon.colcon_core.shell:Skip shell extension 'dsv' for command environment
[0.615s] INFO:colcon.colcon_ros.task.ament_python.build:Building ROS package in '/home/sanmaster/pim-kinova/src/barrier_control' with build type 'ament_python'
[0.615s] Level 1:colcon.colcon_core.shell:create_environment_hook('barrier_control', 'ament_prefix_path')
[0.616s] INFO:colcon.colcon_core.shell:Creating environment hook '/home/sanmaster/pim-kinova/install/barrier_control/share/barrier_control/hook/ament_prefix_path.ps1'
[0.616s] INFO:colcon.colcon_core.shell:Creating environment descriptor '/home/sanmaster/pim-kinova/install/barrier_control/share/barrier_control/hook/ament_prefix_path.dsv'
[0.616s] INFO:colcon.colcon_core.shell:Creating environment hook '/home/sanmaster/pim-kinova/install/barrier_control/share/barrier_control/hook/ament_prefix_path.sh'
[0.617s] INFO:colcon.colcon_core.shell:Skip shell extension 'powershell' for command environment: Not usable outside of PowerShell
[0.617s] DEBUG:colcon.colcon_core.shell:Skip shell extension 'dsv' for command environment
[0.627s] DEBUG:colcon.colcon_core.event_handler.log_command:Invoking command in '/home/sanmaster/pim-kinova/build/kortex_description': CMAKE_PREFIX_PATH=${CMAKE_PREFIX_PATH}:/home/sanmaster/pim-kinova/install/barrier_control:/opt/ros/humble /usr/bin/cmake --build /home/sanmaster/pim-kinova/build/kortex_description -- -j12 -l12
[0.926s] INFO:colcon.colcon_core.task.python.build:Building Python package in '/home/sanmaster/pim-kinova/src/barrier_control'
[0.927s] INFO:colcon.colcon_core.shell:Skip shell extension 'powershell' for command environment: Not usable outside of PowerShell
[0.927s] DEBUG:colcon.colcon_core.shell:Skip shell extension 'dsv' for command environment
[0.932s] DEBUG:colcon.colcon_core.event_handler.log_command:Invoked command in '/home/sanmaster/pim-kinova/build/kortex_description' returned '0': CMAKE_PREFIX_PATH=${CMAKE_PREFIX_PATH}:/home/sanmaster/pim-kinova/install/barrier_control:/opt/ros/humble /usr/bin/cmake --build /home/sanmaster/pim-kinova/build/kortex_description -- -j12 -l12
[0.968s] DEBUG:colcon.colcon_core.event_handler.log_command:Invoking command in '/home/sanmaster/pim-kinova/build/kortex_description': CMAKE_PREFIX_PATH=${CMAKE_PREFIX_PATH}:/home/sanmaster/pim-kinova/install/barrier_control:/opt/ros/humble /usr/bin/cmake --install /home/sanmaster/pim-kinova/build/kortex_description
[1.011s] Level 1:colcon.colcon_core.environment:create_environment_scripts_only(kortex_description)
[1.012s] DEBUG:colcon.colcon_core.event_handler.log_command:Invoked command in '/home/sanmaster/pim-kinova/build/kortex_description' returned '0': CMAKE_PREFIX_PATH=${CMAKE_PREFIX_PATH}:/home/sanmaster/pim-kinova/install/barrier_control:/opt/ros/humble /usr/bin/cmake --install /home/sanmaster/pim-kinova/build/kortex_description
[1.015s] Level 1:colcon.colcon_core.environment:checking '/home/sanmaster/pim-kinova/install/kortex_description' for CMake module files
[1.016s] Level 1:colcon.colcon_core.environment:checking '/home/sanmaster/pim-kinova/install/kortex_description' for CMake config files
[1.018s] Level 1:colcon.colcon_core.shell:create_environment_hook('kortex_description', 'cmake_prefix_path')
[1.018s] INFO:colcon.colcon_core.shell:Creating environment hook '/home/sanmaster/pim-kinova/install/kortex_description/share/kortex_description/hook/cmake_prefix_path.ps1'
[1.019s] INFO:colcon.colcon_core.shell:Creating environment descriptor '/home/sanmaster/pim-kinova/install/kortex_description/share/kortex_description/hook/cmake_prefix_path.dsv'
[1.019s] INFO:colcon.colcon_core.shell:Creating environment hook '/home/sanmaster/pim-kinova/install/kortex_description/share/kortex_description/hook/cmake_prefix_path.sh'
[1.020s] Level 1:colcon.colcon_core.environment:checking '/home/sanmaster/pim-kinova/install/kortex_description/lib'
[1.020s] Level 1:colcon.colcon_core.shell:create_environment_hook('kortex_description', 'ld_library_path_lib')
[1.020s] INFO:colcon.colcon_core.shell:Creating environment hook '/home/sanmaster/pim-kinova/install/kortex_description/share/kortex_description/hook/ld_library_path_lib.ps1'
[1.020s] INFO:colcon.colcon_core.shell:Creating environment descriptor '/home/sanmaster/pim-kinova/install/kortex_description/share/kortex_description/hook/ld_library_path_lib.dsv'
[1.021s] INFO:colcon.colcon_core.shell:Creating environment hook '/home/sanmaster/pim-kinova/install/kortex_description/share/kortex_description/hook/ld_library_path_lib.sh'
[1.021s] Level 1:colcon.colcon_core.environment:checking '/home/sanmaster/pim-kinova/install/kortex_description/bin'
[1.021s] Level 1:colcon.colcon_core.environment:checking '/home/sanmaster/pim-kinova/install/kortex_description/lib/pkgconfig/kortex_description.pc'
[1.022s] Level 1:colcon.colcon_core.environment:checking '/home/sanmaster/pim-kinova/install/kortex_description/lib/python3.10/site-packages'
[1.022s] Level 1:colcon.colcon_core.environment:checking '/home/sanmaster/pim-kinova/install/kortex_description/bin'
[1.022s] INFO:colcon.colcon_core.shell:Creating package script '/home/sanmaster/pim-kinova/install/kortex_description/share/kortex_description/package.ps1'
[1.023s] INFO:colcon.colcon_core.shell:Creating package descriptor '/home/sanmaster/pim-kinova/install/kortex_description/share/kortex_description/package.dsv'
[1.024s] INFO:colcon.colcon_core.shell:Creating package script '/home/sanmaster/pim-kinova/install/kortex_description/share/kortex_description/package.sh'
[1.025s] INFO:colcon.colcon_core.shell:Creating package script '/home/sanmaster/pim-kinova/install/kortex_description/share/kortex_description/package.bash'
[1.026s] INFO:colcon.colcon_core.shell:Creating package script '/home/sanmaster/pim-kinova/install/kortex_description/share/kortex_description/package.zsh'
[1.026s] Level 1:colcon.colcon_core.environment:create_file_with_runtime_dependencies(/home/sanmaster/pim-kinova/install/kortex_description/share/colcon-core/packages/kortex_description)
[1.057s] Level 1:colcon.colcon_core.environment:create_environment_scripts_only(kortex_description)
[1.057s] Level 1:colcon.colcon_core.environment:checking '/home/sanmaster/pim-kinova/install/kortex_description' for CMake module files
[1.058s] Level 1:colcon.colcon_core.environment:checking '/home/sanmaster/pim-kinova/install/kortex_description' for CMake config files
[1.059s] Level 1:colcon.colcon_core.shell:create_environment_hook('kortex_description', 'cmake_prefix_path')
[1.060s] INFO:colcon.colcon_core.shell:Creating environment hook '/home/sanmaster/pim-kinova/install/kortex_description/share/kortex_description/hook/cmake_prefix_path.ps1'
[1.060s] INFO:colcon.colcon_core.shell:Creating environment descriptor '/home/sanmaster/pim-kinova/install/kortex_description/share/kortex_description/hook/cmake_prefix_path.dsv'
[1.060s] INFO:colcon.colcon_core.shell:Creating environment hook '/home/sanmaster/pim-kinova/install/kortex_description/share/kortex_description/hook/cmake_prefix_path.sh'
[1.061s] Level 1:colcon.colcon_core.environment:checking '/home/sanmaster/pim-kinova/install/kortex_description/lib'
[1.061s] Level 1:colcon.colcon_core.shell:create_environment_hook('kortex_description', 'ld_library_path_lib')
[1.061s] INFO:colcon.colcon_core.shell:Creating environment hook '/home/sanmaster/pim-kinova/install/kortex_description/share/kortex_description/hook/ld_library_path_lib.ps1'
[1.062s] INFO:colcon.colcon_core.shell:Creating environment descriptor '/home/sanmaster/pim-kinova/install/kortex_description/share/kortex_description/hook/ld_library_path_lib.dsv'
[1.062s] INFO:colcon.colcon_core.shell:Creating environment hook '/home/sanmaster/pim-kinova/install/kortex_description/share/kortex_description/hook/ld_library_path_lib.sh'
[1.062s] Level 1:colcon.colcon_core.environment:checking '/home/sanmaster/pim-kinova/install/kortex_description/bin'
[1.062s] Level 1:colcon.colcon_core.environment:checking '/home/sanmaster/pim-kinova/install/kortex_description/lib/pkgconfig/kortex_description.pc'
[1.062s] Level 1:colcon.colcon_core.environment:checking '/home/sanmaster/pim-kinova/install/kortex_description/lib/python3.10/site-packages'
[1.063s] Level 1:colcon.colcon_core.environment:checking '/home/sanmaster/pim-kinova/install/kortex_description/bin'
[1.063s] INFO:colcon.colcon_core.shell:Creating package script '/home/sanmaster/pim-kinova/install/kortex_description/share/kortex_description/package.ps1'
[1.064s] INFO:colcon.colcon_core.shell:Creating package descriptor '/home/sanmaster/pim-kinova/install/kortex_description/share/kortex_description/package.dsv'
[1.064s] INFO:colcon.colcon_core.shell:Creating package script '/home/sanmaster/pim-kinova/install/kortex_description/share/kortex_description/package.sh'
[1.064s] INFO:colcon.colcon_core.shell:Creating package script '/home/sanmaster/pim-kinova/install/kortex_description/share/kortex_description/package.bash'
[1.065s] INFO:colcon.colcon_core.shell:Creating package script '/home/sanmaster/pim-kinova/install/kortex_description/share/kortex_description/package.zsh'
[1.065s] Level 1:colcon.colcon_core.environment:create_file_with_runtime_dependencies(/home/sanmaster/pim-kinova/install/kortex_description/share/colcon-core/packages/kortex_description)
[1.066s] INFO:colcon.colcon_ros.task.ament_cmake.build:Building ROS package in '/home/sanmaster/pim-kinova/src/custom_hardware_plugins' with build type 'ament_cmake'
[1.066s] INFO:colcon.colcon_cmake.task.cmake.build:Building CMake package in '/home/sanmaster/pim-kinova/src/custom_hardware_plugins'
[1.066s] INFO:colcon.colcon_core.shell:Skip shell extension 'powershell' for command environment: Not usable outside of PowerShell
[1.066s] DEBUG:colcon.colcon_core.shell:Skip shell extension 'dsv' for command environment
[1.076s] DEBUG:colcon.colcon_core.event_handler.log_command:Invoking command in '/home/sanmaster/pim-kinova/build/custom_hardware_plugins': CMAKE_PREFIX_PATH=${CMAKE_PREFIX_PATH}:/home/sanmaster/pim-kinova/install/barrier_control:/opt/ros/humble /usr/bin/cmake --build /home/sanmaster/pim-kinova/build/custom_hardware_plugins -- -j12 -l12
[1.150s] DEBUG:colcon.colcon_core.event_handler.log_command:Invoked command in '/home/sanmaster/pim-kinova/build/custom_hardware_plugins' returned '0': CMAKE_PREFIX_PATH=${CMAKE_PREFIX_PATH}:/home/sanmaster/pim-kinova/install/barrier_control:/opt/ros/humble /usr/bin/cmake --build /home/sanmaster/pim-kinova/build/custom_hardware_plugins -- -j12 -l12
[1.179s] DEBUG:colcon.colcon_core.event_handler.log_command:Invoking command in '/home/sanmaster/pim-kinova/build/custom_hardware_plugins': CMAKE_PREFIX_PATH=${CMAKE_PREFIX_PATH}:/home/sanmaster/pim-kinova/install/barrier_control:/opt/ros/humble /usr/bin/cmake --install /home/sanmaster/pim-kinova/build/custom_hardware_plugins
[1.203s] Level 1:colcon.colcon_core.environment:create_environment_scripts_only(custom_hardware_plugins)
[1.203s] Level 1:colcon.colcon_core.environment:checking '/home/sanmaster/pim-kinova/install/custom_hardware_plugins' for CMake module files
[1.204s] DEBUG:colcon.colcon_core.event_handler.log_command:Invoked command in '/home/sanmaster/pim-kinova/build/custom_hardware_plugins' returned '0': CMAKE_PREFIX_PATH=${CMAKE_PREFIX_PATH}:/home/sanmaster/pim-kinova/install/barrier_control:/opt/ros/humble /usr/bin/cmake --install /home/sanmaster/pim-kinova/build/custom_hardware_plugins
[1.204s] Level 1:colcon.colcon_core.environment:checking '/home/sanmaster/pim-kinova/install/custom_hardware_plugins' for CMake config files
[1.205s] Level 1:colcon.colcon_core.shell:create_environment_hook('custom_hardware_plugins', 'cmake_prefix_path')
[1.205s] INFO:colcon.colcon_core.shell:Creating environment hook '/home/sanmaster/pim-kinova/install/custom_hardware_plugins/share/custom_hardware_plugins/hook/cmake_prefix_path.ps1'
[1.206s] INFO:colcon.colcon_core.shell:Creating environment descriptor '/home/sanmaster/pim-kinova/install/custom_hardware_plugins/share/custom_hardware_plugins/hook/cmake_prefix_path.dsv'
[1.206s] INFO:colcon.colcon_core.shell:Creating environment hook '/home/sanmaster/pim-kinova/install/custom_hardware_plugins/share/custom_hardware_plugins/hook/cmake_prefix_path.sh'
[1.207s] Level 1:colcon.colcon_core.environment:checking '/home/sanmaster/pim-kinova/install/custom_hardware_plugins/lib'
[1.207s] Level 1:colcon.colcon_core.shell:create_environment_hook('custom_hardware_plugins', 'ld_library_path_lib')
[1.207s] INFO:colcon.colcon_core.shell:Creating environment hook '/home/sanmaster/pim-kinova/install/custom_hardware_plugins/share/custom_hardware_plugins/hook/ld_library_path_lib.ps1'
[1.208s] INFO:colcon.colcon_core.shell:Creating environment descriptor '/home/sanmaster/pim-kinova/install/custom_hardware_plugins/share/custom_hardware_plugins/hook/ld_library_path_lib.dsv'
[1.208s] INFO:colcon.colcon_core.shell:Creating environment hook '/home/sanmaster/pim-kinova/install/custom_hardware_plugins/share/custom_hardware_plugins/hook/ld_library_path_lib.sh'
[1.209s] Level 1:colcon.colcon_core.environment:checking '/home/sanmaster/pim-kinova/install/custom_hardware_plugins/bin'
[1.209s] Level 1:colcon.colcon_core.environment:checking '/home/sanmaster/pim-kinova/install/custom_hardware_plugins/lib/pkgconfig/custom_hardware_plugins.pc'
[1.210s] Level 1:colcon.colcon_core.environment:checking '/home/sanmaster/pim-kinova/install/custom_hardware_plugins/lib/python3.10/site-packages'
[1.210s] Level 1:colcon.colcon_core.environment:checking '/home/sanmaster/pim-kinova/install/custom_hardware_plugins/bin'
[1.210s] INFO:colcon.colcon_core.shell:Creating package script '/home/sanmaster/pim-kinova/install/custom_hardware_plugins/share/custom_hardware_plugins/package.ps1'
[1.211s] INFO:colcon.colcon_core.shell:Creating package descriptor '/home/sanmaster/pim-kinova/install/custom_hardware_plugins/share/custom_hardware_plugins/package.dsv'
[1.211s] INFO:colcon.colcon_core.shell:Creating package script '/home/sanmaster/pim-kinova/install/custom_hardware_plugins/share/custom_hardware_plugins/package.sh'
[1.212s] INFO:colcon.colcon_core.shell:Creating package script '/home/sanmaster/pim-kinova/install/custom_hardware_plugins/share/custom_hardware_plugins/package.bash'
[1.212s] INFO:colcon.colcon_core.shell:Creating package script '/home/sanmaster/pim-kinova/install/custom_hardware_plugins/share/custom_hardware_plugins/package.zsh'
[1.212s] Level 1:colcon.colcon_core.environment:create_file_with_runtime_dependencies(/home/sanmaster/pim-kinova/install/custom_hardware_plugins/share/colcon-core/packages/custom_hardware_plugins)
[1.241s] Level 1:colcon.colcon_core.environment:create_environment_scripts_only(custom_hardware_plugins)
[1.241s] Level 1:colcon.colcon_core.environment:checking '/home/sanmaster/pim-kinova/install/custom_hardware_plugins' for CMake module files
[1.242s] Level 1:colcon.colcon_core.environment:checking '/home/sanmaster/pim-kinova/install/custom_hardware_plugins' for CMake config files
[1.243s] Level 1:colcon.colcon_core.shell:create_environment_hook('custom_hardware_plugins', 'cmake_prefix_path')
[1.243s] INFO:colcon.colcon_core.shell:Creating environment hook '/home/sanmaster/pim-kinova/install/custom_hardware_plugins/share/custom_hardware_plugins/hook/cmake_prefix_path.ps1'
[1.243s] INFO:colcon.colcon_core.shell:Creating environment descriptor '/home/sanmaster/pim-kinova/install/custom_hardware_plugins/share/custom_hardware_plugins/hook/cmake_prefix_path.dsv'
[1.244s] INFO:colcon.colcon_core.shell:Creating environment hook '/home/sanmaster/pim-kinova/install/custom_hardware_plugins/share/custom_hardware_plugins/hook/cmake_prefix_path.sh'
[1.244s] Level 1:colcon.colcon_core.environment:checking '/home/sanmaster/pim-kinova/install/custom_hardware_plugins/lib'
[1.245s] Level 1:colcon.colcon_core.shell:create_environment_hook('custom_hardware_plugins', 'ld_library_path_lib')
[1.245s] INFO:colcon.colcon_core.shell:Creating environment hook '/home/sanmaster/pim-kinova/install/custom_hardware_plugins/share/custom_hardware_plugins/hook/ld_library_path_lib.ps1'
[1.245s] INFO:colcon.colcon_core.shell:Creating environment descriptor '/home/sanmaster/pim-kinova/install/custom_hardware_plugins/share/custom_hardware_plugins/hook/ld_library_path_lib.dsv'
[1.246s] INFO:colcon.colcon_core.shell:Creating environment hook '/home/sanmaster/pim-kinova/install/custom_hardware_plugins/share/custom_hardware_plugins/hook/ld_library_path_lib.sh'
[1.246s] Level 1:colcon.colcon_core.environment:checking '/home/sanmaster/pim-kinova/install/custom_hardware_plugins/bin'
[1.246s] Level 1:colcon.colcon_core.environment:checking '/home/sanmaster/pim-kinova/install/custom_hardware_plugins/lib/pkgconfig/custom_hardware_plugins.pc'
[1.247s] Level 1:colcon.colcon_core.environment:checking '/home/sanmaster/pim-kinova/install/custom_hardware_plugins/lib/python3.10/site-packages'
[1.247s] Level 1:colcon.colcon_core.environment:checking '/home/sanmaster/pim-kinova/install/custom_hardware_plugins/bin'
[1.247s] INFO:colcon.colcon_core.shell:Creating package script '/home/sanmaster/pim-kinova/install/custom_hardware_plugins/share/custom_hardware_plugins/package.ps1'
[1.248s] INFO:colcon.colcon_core.shell:Creating package descriptor '/home/sanmaster/pim-kinova/install/custom_hardware_plugins/share/custom_hardware_plugins/package.dsv'
[1.249s] INFO:colcon.colcon_core.shell:Creating package script '/home/sanmaster/pim-kinova/install/custom_hardware_plugins/share/custom_hardware_plugins/package.sh'
[1.249s] INFO:colcon.colcon_core.shell:Creating package script '/home/sanmaster/pim-kinova/install/custom_hardware_plugins/share/custom_hardware_plugins/package.bash'
[1.249s] INFO:colcon.colcon_core.shell:Creating package script '/home/sanmaster/pim-kinova/install/custom_hardware_plugins/share/custom_hardware_plugins/package.zsh'
[1.250s] Level 1:colcon.colcon_core.environment:create_file_with_runtime_dependencies(/home/sanmaster/pim-kinova/install/custom_hardware_plugins/share/colcon-core/packages/custom_hardware_plugins)
[1.250s] INFO:colcon.colcon_ros.task.ament_cmake.build:Building ROS package in '/home/sanmaster/pim-kinova/src/kortex_bringup' with build type 'ament_cmake'
[1.250s] INFO:colcon.colcon_cmake.task.cmake.build:Building CMake package in '/home/sanmaster/pim-kinova/src/kortex_bringup'
[1.251s] INFO:colcon.colcon_core.shell:Skip shell extension 'powershell' for command environment: Not usable outside of PowerShell
[1.251s] DEBUG:colcon.colcon_core.shell:Skip shell extension 'dsv' for command environment
[1.263s] DEBUG:colcon.colcon_core.event_handler.log_command:Invoking command in '/home/sanmaster/pim-kinova/build/kortex_bringup': CMAKE_PREFIX_PATH=/home/sanmaster/pim-kinova/install/kortex_description:/home/sanmaster/pim-kinova/install/kortex_bringup:/home/sanmaster/pim-kinova/install/custom_hardware_plugins:/home/sanmaster/pim-kinova/install/barrier_control:/opt/ros/humble /usr/bin/cmake --build /home/sanmaster/pim-kinova/build/kortex_bringup -- -j12 -l12
[1.303s] DEBUG:colcon.colcon_core.event_handler.log_command:Invoked command in '/home/sanmaster/pim-kinova/build/kortex_bringup' returned '0': CMAKE_PREFIX_PATH=/home/sanmaster/pim-kinova/install/kortex_description:/home/sanmaster/pim-kinova/install/kortex_bringup:/home/sanmaster/pim-kinova/install/custom_hardware_plugins:/home/sanmaster/pim-kinova/install/barrier_control:/opt/ros/humble /usr/bin/cmake --build /home/sanmaster/pim-kinova/build/kortex_bringup -- -j12 -l12
[1.328s] DEBUG:colcon.colcon_core.event_handler.log_command:Invoking command in '/home/sanmaster/pim-kinova/build/kortex_bringup': CMAKE_PREFIX_PATH=/home/sanmaster/pim-kinova/install/kortex_description:/home/sanmaster/pim-kinova/install/kortex_bringup:/home/sanmaster/pim-kinova/install/custom_hardware_plugins:/home/sanmaster/pim-kinova/install/barrier_control:/opt/ros/humble /usr/bin/cmake --install /home/sanmaster/pim-kinova/build/kortex_bringup
[1.352s] Level 1:colcon.colcon_core.environment:create_environment_scripts_only(kortex_bringup)
[1.352s] Level 1:colcon.colcon_core.environment:checking '/home/sanmaster/pim-kinova/install/kortex_bringup' for CMake module files
[1.352s] DEBUG:colcon.colcon_core.event_handler.log_command:Invoked command in '/home/sanmaster/pim-kinova/build/kortex_bringup' returned '0': CMAKE_PREFIX_PATH=/home/sanmaster/pim-kinova/install/kortex_description:/home/sanmaster/pim-kinova/install/kortex_bringup:/home/sanmaster/pim-kinova/install/custom_hardware_plugins:/home/sanmaster/pim-kinova/install/barrier_control:/opt/ros/humble /usr/bin/cmake --install /home/sanmaster/pim-kinova/build/kortex_bringup
[1.353s] Level 1:colcon.colcon_core.environment:checking '/home/sanmaster/pim-kinova/install/kortex_bringup' for CMake config files
[1.353s] Level 1:colcon.colcon_core.shell:create_environment_hook('kortex_bringup', 'cmake_prefix_path')
[1.353s] INFO:colcon.colcon_core.shell:Creating environment hook '/home/sanmaster/pim-kinova/install/kortex_bringup/share/kortex_bringup/hook/cmake_prefix_path.ps1'
[1.354s] INFO:colcon.colcon_core.shell:Creating environment descriptor '/home/sanmaster/pim-kinova/install/kortex_bringup/share/kortex_bringup/hook/cmake_prefix_path.dsv'
[1.354s] INFO:colcon.colcon_core.shell:Creating environment hook '/home/sanmaster/pim-kinova/install/kortex_bringup/share/kortex_bringup/hook/cmake_prefix_path.sh'
[1.355s] Level 1:colcon.colcon_core.environment:checking '/home/sanmaster/pim-kinova/install/kortex_bringup/lib'
[1.355s] Level 1:colcon.colcon_core.environment:checking '/home/sanmaster/pim-kinova/install/kortex_bringup/bin'
[1.355s] Level 1:colcon.colcon_core.environment:checking '/home/sanmaster/pim-kinova/install/kortex_bringup/lib/pkgconfig/kortex_bringup.pc'
[1.355s] Level 1:colcon.colcon_core.environment:checking '/home/sanmaster/pim-kinova/install/kortex_bringup/lib/python3.10/site-packages'
[1.355s] Level 1:colcon.colcon_core.environment:checking '/home/sanmaster/pim-kinova/install/kortex_bringup/bin'
[1.356s] INFO:colcon.colcon_core.shell:Creating package script '/home/sanmaster/pim-kinova/install/kortex_bringup/share/kortex_bringup/package.ps1'
[1.356s] INFO:colcon.colcon_core.shell:Creating package descriptor '/home/sanmaster/pim-kinova/install/kortex_bringup/share/kortex_bringup/package.dsv'
[1.356s] INFO:colcon.colcon_core.shell:Creating package script '/home/sanmaster/pim-kinova/install/kortex_bringup/share/kortex_bringup/package.sh'
[1.357s] INFO:colcon.colcon_core.shell:Creating package script '/home/sanmaster/pim-kinova/install/kortex_bringup/share/kortex_bringup/package.bash'
[1.357s] INFO:colcon.colcon_core.shell:Creating package script '/home/sanmaster/pim-kinova/install/kortex_bringup/share/kortex_bringup/package.zsh'
[1.357s] Level 1:colcon.colcon_core.environment:create_file_with_runtime_dependencies(/home/sanmaster/pim-kinova/install/kortex_bringup/share/colcon-core/packages/kortex_bringup)
[1.382s] Level 1:colcon.colcon_core.environment:create_environment_scripts_only(kortex_bringup)
[1.382s] Level 1:colcon.colcon_core.environment:checking '/home/sanmaster/pim-kinova/install/kortex_bringup' for CMake module files
[1.382s] Level 1:colcon.colcon_core.environment:checking '/home/sanmaster/pim-kinova/install/kortex_bringup' for CMake config files
[1.383s] Level 1:colcon.colcon_core.shell:create_environment_hook('kortex_bringup', 'cmake_prefix_path')
[1.383s] INFO:colcon.colcon_core.shell:Creating environment hook '/home/sanmaster/pim-kinova/install/kortex_bringup/share/kortex_bringup/hook/cmake_prefix_path.ps1'
[1.383s] INFO:colcon.colcon_core.shell:Creating environment descriptor '/home/sanmaster/pim-kinova/install/kortex_bringup/share/kortex_bringup/hook/cmake_prefix_path.dsv'
[1.384s] INFO:colcon.colcon_core.shell:Creating environment hook '/home/sanmaster/pim-kinova/install/kortex_bringup/share/kortex_bringup/hook/cmake_prefix_path.sh'
[1.384s] Level 1:colcon.colcon_core.environment:checking '/home/sanmaster/pim-kinova/install/kortex_bringup/lib'
[1.384s] Level 1:colcon.colcon_core.environment:checking '/home/sanmaster/pim-kinova/install/kortex_bringup/bin'
[1.384s] Level 1:colcon.colcon_core.environment:checking '/home/sanmaster/pim-kinova/install/kortex_bringup/lib/pkgconfig/kortex_bringup.pc'
[1.385s] Level 1:colcon.colcon_core.environment:checking '/home/sanmaster/pim-kinova/install/kortex_bringup/lib/python3.10/site-packages'
[1.385s] Level 1:colcon.colcon_core.environment:checking '/home/sanmaster/pim-kinova/install/kortex_bringup/bin'
[1.385s] INFO:colcon.colcon_core.shell:Creating package script '/home/sanmaster/pim-kinova/install/kortex_bringup/share/kortex_bringup/package.ps1'
[1.386s] INFO:colcon.colcon_core.shell:Creating package descriptor '/home/sanmaster/pim-kinova/install/kortex_bringup/share/kortex_bringup/package.dsv'
[1.386s] INFO:colcon.colcon_core.shell:Creating package script '/home/sanmaster/pim-kinova/install/kortex_bringup/share/kortex_bringup/package.sh'
[1.386s] INFO:colcon.colcon_core.shell:Creating package script '/home/sanmaster/pim-kinova/install/kortex_bringup/share/kortex_bringup/package.bash'
[1.387s] INFO:colcon.colcon_core.shell:Creating package script '/home/sanmaster/pim-kinova/install/kortex_bringup/share/kortex_bringup/package.zsh'
[1.387s] Level 1:colcon.colcon_core.environment:create_file_with_runtime_dependencies(/home/sanmaster/pim-kinova/install/kortex_bringup/share/colcon-core/packages/kortex_bringup)
[1.390s] DEBUG:colcon.colcon_core.event_handler.log_command:Invoking command in '/home/sanmaster/pim-kinova/build/barrier_control': PYTHONPATH=/home/sanmaster/pim-kinova/build/barrier_control/prefix_override:/usr/lib/python3/dist-packages/colcon_core/task/python/colcon_distutils_commands:/home/sanmaster/pim-kinova/install/barrier_control/lib/python3.10/site-packages:${PYTHONPATH} /usr/bin/python3 -W ignore:setup.py install is deprecated setup.py develop --editable --build-directory /home/sanmaster/pim-kinova/build/barrier_control/build --no-deps symlink_data
[1.996s] Level 1:colcon.colcon_core.shell:create_environment_hook('barrier_control', 'pythonpath_develop')
[1.996s] DEBUG:colcon.colcon_core.event_handler.log_command:Invoked command in '/home/sanmaster/pim-kinova/build/barrier_control' returned '0': PYTHONPATH=/home/sanmaster/pim-kinova/build/barrier_control/prefix_override:/usr/lib/python3/dist-packages/colcon_core/task/python/colcon_distutils_commands:/home/sanmaster/pim-kinova/install/barrier_control/lib/python3.10/site-packages:${PYTHONPATH} /usr/bin/python3 -W ignore:setup.py install is deprecated setup.py develop --editable --build-directory /home/sanmaster/pim-kinova/build/barrier_control/build --no-deps symlink_data
[1.997s] INFO:colcon.colcon_core.shell:Creating environment hook '/home/sanmaster/pim-kinova/build/barrier_control/share/barrier_control/hook/pythonpath_develop.ps1'
[1.997s] INFO:colcon.colcon_core.shell:Creating environment descriptor '/home/sanmaster/pim-kinova/build/barrier_control/share/barrier_control/hook/pythonpath_develop.dsv'
[1.998s] INFO:colcon.colcon_core.shell:Creating environment hook '/home/sanmaster/pim-kinova/build/barrier_control/share/barrier_control/hook/pythonpath_develop.sh'
[1.998s] Level 1:colcon.colcon_core.environment:checking '/home/sanmaster/pim-kinova/install/barrier_control' for CMake module files
[1.999s] Level 1:colcon.colcon_core.environment:checking '/home/sanmaster/pim-kinova/install/barrier_control' for CMake config files
[1.999s] Level 1:colcon.colcon_core.environment:checking '/home/sanmaster/pim-kinova/install/barrier_control/lib'
[1.999s] Level 1:colcon.colcon_core.environment:checking '/home/sanmaster/pim-kinova/install/barrier_control/bin'
[1.999s] Level 1:colcon.colcon_core.environment:checking '/home/sanmaster/pim-kinova/install/barrier_control/lib/pkgconfig/barrier_control.pc'
[1.999s] Level 1:colcon.colcon_core.environment:checking '/home/sanmaster/pim-kinova/install/barrier_control/lib/python3.10/site-packages'
[1.999s] Level 1:colcon.colcon_core.shell:create_environment_hook('barrier_control', 'pythonpath')
[2.000s] INFO:colcon.colcon_core.shell:Creating environment hook '/home/sanmaster/pim-kinova/install/barrier_control/share/barrier_control/hook/pythonpath.ps1'
[2.000s] INFO:colcon.colcon_core.shell:Creating environment descriptor '/home/sanmaster/pim-kinova/install/barrier_control/share/barrier_control/hook/pythonpath.dsv'
[2.000s] INFO:colcon.colcon_core.shell:Creating environment hook '/home/sanmaster/pim-kinova/install/barrier_control/share/barrier_control/hook/pythonpath.sh'
[2.001s] Level 1:colcon.colcon_core.environment:checking '/home/sanmaster/pim-kinova/install/barrier_control/bin'
[2.001s] Level 1:colcon.colcon_core.environment:create_environment_scripts_only(barrier_control)
[2.001s] INFO:colcon.colcon_core.shell:Creating package script '/home/sanmaster/pim-kinova/install/barrier_control/share/barrier_control/package.ps1'
[2.002s] INFO:colcon.colcon_core.shell:Creating package descriptor '/home/sanmaster/pim-kinova/install/barrier_control/share/barrier_control/package.dsv'
[2.002s] INFO:colcon.colcon_core.shell:Creating package script '/home/sanmaster/pim-kinova/install/barrier_control/share/barrier_control/package.sh'
[2.003s] INFO:colcon.colcon_core.shell:Creating package script '/home/sanmaster/pim-kinova/install/barrier_control/share/barrier_control/package.bash'
[2.003s] INFO:colcon.colcon_core.shell:Creating package script '/home/sanmaster/pim-kinova/install/barrier_control/share/barrier_control/package.zsh'
[2.003s] Level 1:colcon.colcon_core.environment:create_file_with_runtime_dependencies(/home/sanmaster/pim-kinova/install/barrier_control/share/colcon-core/packages/barrier_control)
[2.004s] DEBUG:colcon.colcon_parallel_executor.executor.parallel:closing loop
[2.004s] DEBUG:colcon.colcon_parallel_executor.executor.parallel:loop closed
[2.004s] DEBUG:colcon.colcon_parallel_executor.executor.parallel:run_until_complete finished with '0'
[2.004s] DEBUG:colcon.colcon_core.event_reactor:joining thread
[2.011s] INFO:colcon.colcon_core.plugin_system:Skipping extension 'colcon_notification.desktop_notification.terminal_notifier': Not used on non-Darwin systems
[2.011s] INFO:colcon.colcon_core.plugin_system:Skipping extension 'colcon_notification.desktop_notification.win32': Not used on non-Windows systems
[2.011s] INFO:colcon.colcon_notification.desktop_notification:Sending desktop notification using 'notify2'
[2.023s] DEBUG:colcon.colcon_core.event_reactor:joined thread
[2.023s] INFO:colcon.colcon_core.shell:Creating prefix script '/home/sanmaster/pim-kinova/install/local_setup.ps1'
[2.024s] INFO:colcon.colcon_core.shell:Creating prefix util module '/home/sanmaster/pim-kinova/install/_local_setup_util_ps1.py'
[2.025s] INFO:colcon.colcon_core.shell:Creating prefix chain script '/home/sanmaster/pim-kinova/install/setup.ps1'
[2.026s] INFO:colcon.colcon_core.shell:Creating prefix script '/home/sanmaster/pim-kinova/install/local_setup.sh'
[2.027s] INFO:colcon.colcon_core.shell:Creating prefix util module '/home/sanmaster/pim-kinova/install/_local_setup_util_sh.py'
[2.027s] INFO:colcon.colcon_core.shell:Creating prefix chain script '/home/sanmaster/pim-kinova/install/setup.sh'
[2.029s] INFO:colcon.colcon_core.shell:Creating prefix script '/home/sanmaster/pim-kinova/install/local_setup.bash'
[2.029s] INFO:colcon.colcon_core.shell:Creating prefix chain script '/home/sanmaster/pim-kinova/install/setup.bash'
[2.030s] INFO:colcon.colcon_core.shell:Creating prefix script '/home/sanmaster/pim-kinova/install/local_setup.zsh'
[2.031s] INFO:colcon.colcon_core.shell:Creating prefix chain script '/home/sanmaster/pim-kinova/install/setup.zsh'
