[1.252s] Invoking command in '/home/sanmaster/pim-kinova/src/barrier_control': PYTHONPATH=/home/sanmaster/pim-kinova/build/barrier_control/prefix_override:/usr/lib/python3/dist-packages/colcon_core/task/python/colcon_distutils_commands:/home/sanmaster/pim-kinova/install/barrier_control/lib/python3.10/site-packages:${PYTHONPATH} /usr/bin/python3 -W ignore:setup.py install is deprecated setup.py egg_info --egg-base ../../build/barrier_control build --build-base /home/sanmaster/pim-kinova/build/barrier_control/build install --record /home/sanmaster/pim-kinova/build/barrier_control/install.log --single-version-externally-managed install_data
[1.734s] running egg_info
[1.735s] writing ../../build/barrier_control/barrier_control.egg-info/PKG-INFO
[1.735s] writing dependency_links to ../../build/barrier_control/barrier_control.egg-info/dependency_links.txt
[1.735s] writing entry points to ../../build/barrier_control/barrier_control.egg-info/entry_points.txt
[1.736s] writing requirements to ../../build/barrier_control/barrier_control.egg-info/requires.txt
[1.736s] writing top-level names to ../../build/barrier_control/barrier_control.egg-info/top_level.txt
[1.739s] reading manifest file '../../build/barrier_control/barrier_control.egg-info/SOURCES.txt'
[1.740s] writing manifest file '../../build/barrier_control/barrier_control.egg-info/SOURCES.txt'
[1.740s] running build
[1.741s] running build_py
[1.741s] copying barrier_control/state_listener.py -> /home/sanmaster/pim-kinova/build/barrier_control/build/lib/barrier_control
[1.741s] copying barrier_control/rigid_body_dynamics_controller.py -> /home/sanmaster/pim-kinova/build/barrier_control/build/lib/barrier_control
[1.741s] running install
[1.742s] running install_lib
[1.743s] copying /home/sanmaster/pim-kinova/build/barrier_control/build/lib/barrier_control/state_listener.py -> /home/sanmaster/pim-kinova/install/barrier_control/lib/python3.10/site-packages/barrier_control
[1.743s] copying /home/sanmaster/pim-kinova/build/barrier_control/build/lib/barrier_control/rigid_body_dynamics_controller.py -> /home/sanmaster/pim-kinova/install/barrier_control/lib/python3.10/site-packages/barrier_control
[1.744s] byte-compiling /home/sanmaster/pim-kinova/install/barrier_control/lib/python3.10/site-packages/barrier_control/state_listener.py to state_listener.cpython-310.pyc
[1.745s] byte-compiling /home/sanmaster/pim-kinova/install/barrier_control/lib/python3.10/site-packages/barrier_control/rigid_body_dynamics_controller.py to rigid_body_dynamics_controller.cpython-310.pyc
[1.747s] running install_data
[1.747s] running install_egg_info
[1.750s] removing '/home/sanmaster/pim-kinova/install/barrier_control/lib/python3.10/site-packages/barrier_control-0.0.0-py3.10.egg-info' (and everything under it)
[1.750s] Copying ../../build/barrier_control/barrier_control.egg-info to /home/sanmaster/pim-kinova/install/barrier_control/lib/python3.10/site-packages/barrier_control-0.0.0-py3.10.egg-info
[1.752s] running install_scripts
[1.786s] Installing pose_listener script to /home/sanmaster/pim-kinova/install/barrier_control/lib/barrier_control
[1.787s] Installing rigid_body_dynamics_controller script to /home/sanmaster/pim-kinova/install/barrier_control/lib/barrier_control
[1.787s] Installing state_listener script to /home/sanmaster/pim-kinova/install/barrier_control/lib/barrier_control
[1.787s] writing list of installed files to '/home/sanmaster/pim-kinova/build/barrier_control/install.log'
[1.821s] Invoked command in '/home/sanmaster/pim-kinova/src/barrier_control' returned '0': PYTHONPATH=/home/sanmaster/pim-kinova/build/barrier_control/prefix_override:/usr/lib/python3/dist-packages/colcon_core/task/python/colcon_distutils_commands:/home/sanmaster/pim-kinova/install/barrier_control/lib/python3.10/site-packages:${PYTHONPATH} /usr/bin/python3 -W ignore:setup.py install is deprecated setup.py egg_info --egg-base ../../build/barrier_control build --build-base /home/sanmaster/pim-kinova/build/barrier_control/build install --record /home/sanmaster/pim-kinova/build/barrier_control/install.log --single-version-externally-managed install_data
