[0.023s] Invoking command in '/home/sanmaster/pim-kinova/build/kortex_description': CMAKE_PREFIX_PATH=${CMAKE_PREFIX_PATH}:/home/sanmaster/pim-kinova/install/barrier_control:/opt/ros/humble /usr/bin/cmake --build /home/sanmaster/pim-kinova/build/kortex_description -- -j12 -l12
[0.096s] [100%] Built target kortex_description
[0.481s] Invoked command in '/home/sanmaster/pim-kinova/build/kortex_description' returned '0': CMAKE_PREFIX_PATH=${CMAKE_PREFIX_PATH}:/home/sanmaster/pim-kinova/install/barrier_control:/opt/ros/humble /usr/bin/cmake --build /home/sanmaster/pim-kinova/build/kortex_description -- -j12 -l12
[0.530s] Invoking command in '/home/sanmaster/pim-kinova/build/kortex_description': CMAKE_PREFIX_PATH=${CMAKE_PREFIX_PATH}:/home/sanmaster/pim-kinova/install/barrier_control:/opt/ros/humble /usr/bin/cmake --install /home/sanmaster/pim-kinova/build/kortex_description
[0.538s] -- Install configuration: ""
[0.539s] -- Execute custom install script
[0.539s] -- Up-to-date symlink: /home/sanmaster/pim-kinova/install/kortex_description/share/kortex_description//kortex_description.xml
[0.541s] -- Up-to-date symlink: /home/sanmaster/pim-kinova/install/kortex_description/share/kortex_description/arms/gen3/6dof/config/gazebo_initial_joint_positions.yaml
[0.541s] -- Up-to-date symlink: /home/sanmaster/pim-kinova/install/kortex_description/share/kortex_description/arms/gen3/6dof/config/joint_limits.yaml
[0.541s] -- Up-to-date symlink: /home/sanmaster/pim-kinova/install/kortex_description/share/kortex_description/arms/gen3/6dof/config/ros2_controllers.yaml
[0.541s] -- Up-to-date symlink: /home/sanmaster/pim-kinova/install/kortex_description/share/kortex_description/arms/gen3/6dof/config/twist_limits.yaml
[0.542s] -- Up-to-date symlink: /home/sanmaster/pim-kinova/install/kortex_description/share/kortex_description/arms/gen3/6dof/meshes/base_link.STL
[0.542s] -- Up-to-date symlink: /home/sanmaster/pim-kinova/install/kortex_description/share/kortex_description/arms/gen3/6dof/meshes/bicep_link.STL
[0.542s] -- Up-to-date symlink: /home/sanmaster/pim-kinova/install/kortex_description/share/kortex_description/arms/gen3/6dof/meshes/bracelet_no_vision_link.STL
[0.542s] -- Up-to-date symlink: /home/sanmaster/pim-kinova/install/kortex_description/share/kortex_description/arms/gen3/6dof/meshes/bracelet_with_vision_link.STL
[0.543s] -- Up-to-date symlink: /home/sanmaster/pim-kinova/install/kortex_description/share/kortex_description/arms/gen3/6dof/meshes/forearm_link.STL
[0.543s] -- Up-to-date symlink: /home/sanmaster/pim-kinova/install/kortex_description/share/kortex_description/arms/gen3/6dof/meshes/shoulder_link.STL
[0.543s] -- Up-to-date symlink: /home/sanmaster/pim-kinova/install/kortex_description/share/kortex_description/arms/gen3/6dof/meshes/spherical_wrist_1_link.STL
[0.544s] -- Up-to-date symlink: /home/sanmaster/pim-kinova/install/kortex_description/share/kortex_description/arms/gen3/6dof/meshes/spherical_wrist_2_link.STL
[0.544s] -- Up-to-date symlink: /home/sanmaster/pim-kinova/install/kortex_description/share/kortex_description/arms/gen3/6dof/urdf/gen3_macro.xacro
[0.544s] -- Up-to-date symlink: /home/sanmaster/pim-kinova/install/kortex_description/share/kortex_description/arms/gen3/6dof/urdf/gen3_transmission_macro.xacro
[0.544s] -- Up-to-date symlink: /home/sanmaster/pim-kinova/install/kortex_description/share/kortex_description/arms/gen3/6dof/urdf/kortex.ros2_control.xacro
[0.544s] -- Up-to-date symlink: /home/sanmaster/pim-kinova/install/kortex_description/share/kortex_description/arms/gen3/7dof/config/gazebo_initial_joint_positions.yaml
[0.544s] -- Up-to-date symlink: /home/sanmaster/pim-kinova/install/kortex_description/share/kortex_description/arms/gen3/7dof/config/joint_limits.yaml
[0.545s] -- Up-to-date symlink: /home/sanmaster/pim-kinova/install/kortex_description/share/kortex_description/arms/gen3/7dof/config/ros2_controllers.yaml
[0.545s] -- Up-to-date symlink: /home/sanmaster/pim-kinova/install/kortex_description/share/kortex_description/arms/gen3/7dof/config/twist_limits.yaml
[0.545s] -- Up-to-date symlink: /home/sanmaster/pim-kinova/install/kortex_description/share/kortex_description/arms/gen3/7dof/meshes/base_link.STL
[0.545s] -- Up-to-date symlink: /home/sanmaster/pim-kinova/install/kortex_description/share/kortex_description/arms/gen3/7dof/meshes/base_link.dae
[0.546s] -- Up-to-date symlink: /home/sanmaster/pim-kinova/install/kortex_description/share/kortex_description/arms/gen3/7dof/meshes/bracelet_no_vision_link.STL
[0.546s] -- Up-to-date symlink: /home/sanmaster/pim-kinova/install/kortex_description/share/kortex_description/arms/gen3/7dof/meshes/bracelet_no_vision_link.dae
[0.546s] -- Up-to-date symlink: /home/sanmaster/pim-kinova/install/kortex_description/share/kortex_description/arms/gen3/7dof/meshes/bracelet_with_vision_link.STL
[0.546s] -- Up-to-date symlink: /home/sanmaster/pim-kinova/install/kortex_description/share/kortex_description/arms/gen3/7dof/meshes/bracelet_with_vision_link.dae
[0.546s] -- Up-to-date symlink: /home/sanmaster/pim-kinova/install/kortex_description/share/kortex_description/arms/gen3/7dof/meshes/end_effector_link.STL
[0.547s] -- Up-to-date symlink: /home/sanmaster/pim-kinova/install/kortex_description/share/kortex_description/arms/gen3/7dof/meshes/forearm_link.STL
[0.547s] -- Up-to-date symlink: /home/sanmaster/pim-kinova/install/kortex_description/share/kortex_description/arms/gen3/7dof/meshes/forearm_link.dae
[0.547s] -- Up-to-date symlink: /home/sanmaster/pim-kinova/install/kortex_description/share/kortex_description/arms/gen3/7dof/meshes/half_arm_1_link.STL
[0.547s] -- Up-to-date symlink: /home/sanmaster/pim-kinova/install/kortex_description/share/kortex_description/arms/gen3/7dof/meshes/half_arm_1_link.dae
[0.547s] -- Up-to-date symlink: /home/sanmaster/pim-kinova/install/kortex_description/share/kortex_description/arms/gen3/7dof/meshes/half_arm_2_link.STL
[0.548s] -- Up-to-date symlink: /home/sanmaster/pim-kinova/install/kortex_description/share/kortex_description/arms/gen3/7dof/meshes/half_arm_2_link.dae
[0.548s] -- Up-to-date symlink: /home/sanmaster/pim-kinova/install/kortex_description/share/kortex_description/arms/gen3/7dof/meshes/shoulder_link.STL
[0.548s] -- Up-to-date symlink: /home/sanmaster/pim-kinova/install/kortex_description/share/kortex_description/arms/gen3/7dof/meshes/shoulder_link.dae
[0.548s] -- Up-to-date symlink: /home/sanmaster/pim-kinova/install/kortex_description/share/kortex_description/arms/gen3/7dof/meshes/spherical_wrist_1_link.STL
[0.548s] -- Up-to-date symlink: /home/sanmaster/pim-kinova/install/kortex_description/share/kortex_description/arms/gen3/7dof/meshes/spherical_wrist_1_link.dae
[0.549s] -- Up-to-date symlink: /home/sanmaster/pim-kinova/install/kortex_description/share/kortex_description/arms/gen3/7dof/meshes/spherical_wrist_2_link.STL
[0.549s] -- Up-to-date symlink: /home/sanmaster/pim-kinova/install/kortex_description/share/kortex_description/arms/gen3/7dof/meshes/spherical_wrist_2_link.dae
[0.549s] -- Up-to-date symlink: /home/sanmaster/pim-kinova/install/kortex_description/share/kortex_description/arms/gen3/7dof/urdf/gen3_macro.xacro
[0.549s] -- Up-to-date symlink: /home/sanmaster/pim-kinova/install/kortex_description/share/kortex_description/arms/gen3/7dof/urdf/gen3_transmission_macro.xacro
[0.550s] -- Up-to-date symlink: /home/sanmaster/pim-kinova/install/kortex_description/share/kortex_description/arms/gen3/7dof/urdf/kortex.ros2_control.xacro
[0.550s] -- Up-to-date symlink: /home/sanmaster/pim-kinova/install/kortex_description/share/kortex_description/arms/gen3_lite/6dof/config/joint_limits.yaml
[0.550s] -- Up-to-date symlink: /home/sanmaster/pim-kinova/install/kortex_description/share/kortex_description/arms/gen3_lite/6dof/config/ros2_controllers.yaml
[0.551s] -- Up-to-date symlink: /home/sanmaster/pim-kinova/install/kortex_description/share/kortex_description/arms/gen3_lite/6dof/config/twist_limits.yaml
[0.551s] -- Up-to-date symlink: /home/sanmaster/pim-kinova/install/kortex_description/share/kortex_description/arms/gen3_lite/6dof/meshes/arm_link.STL
[0.551s] -- Up-to-date symlink: /home/sanmaster/pim-kinova/install/kortex_description/share/kortex_description/arms/gen3_lite/6dof/meshes/base_link.STL
[0.551s] -- Up-to-date symlink: /home/sanmaster/pim-kinova/install/kortex_description/share/kortex_description/arms/gen3_lite/6dof/meshes/forearm_link.STL
[0.552s] -- Up-to-date symlink: /home/sanmaster/pim-kinova/install/kortex_description/share/kortex_description/arms/gen3_lite/6dof/meshes/lower_wrist_link.STL
[0.552s] -- Up-to-date symlink: /home/sanmaster/pim-kinova/install/kortex_description/share/kortex_description/arms/gen3_lite/6dof/meshes/shoulder_link.STL
[0.552s] -- Up-to-date symlink: /home/sanmaster/pim-kinova/install/kortex_description/share/kortex_description/arms/gen3_lite/6dof/meshes/upper_wrist_link.STL
[0.553s] -- Up-to-date symlink: /home/sanmaster/pim-kinova/install/kortex_description/share/kortex_description/arms/gen3_lite/6dof/urdf/gen3_lite_macro.xacro
[0.553s] -- Up-to-date symlink: /home/sanmaster/pim-kinova/install/kortex_description/share/kortex_description/arms/gen3_lite/6dof/urdf/gen3_lite_transmission_macro.xacro
[0.553s] -- Up-to-date symlink: /home/sanmaster/pim-kinova/install/kortex_description/share/kortex_description/arms/gen3_lite/6dof/urdf/kortex.ros2_control.xacro
[0.554s] -- Up-to-date symlink: /home/sanmaster/pim-kinova/install/kortex_description/share/kortex_description/grippers/gen3_lite_2f/config/joint_limits.yaml
[0.554s] -- Up-to-date symlink: /home/sanmaster/pim-kinova/install/kortex_description/share/kortex_description/grippers/gen3_lite_2f/meshes/gripper_base_link.STL
[0.555s] -- Up-to-date symlink: /home/sanmaster/pim-kinova/install/kortex_description/share/kortex_description/grippers/gen3_lite_2f/meshes/left_finger_dist_link.STL
[0.555s] -- Up-to-date symlink: /home/sanmaster/pim-kinova/install/kortex_description/share/kortex_description/grippers/gen3_lite_2f/meshes/left_finger_prox_link.STL
[0.555s] -- Up-to-date symlink: /home/sanmaster/pim-kinova/install/kortex_description/share/kortex_description/grippers/gen3_lite_2f/meshes/right_finger_dist_link.STL
[0.555s] -- Up-to-date symlink: /home/sanmaster/pim-kinova/install/kortex_description/share/kortex_description/grippers/gen3_lite_2f/meshes/right_finger_prox_link.STL
[0.556s] -- Up-to-date symlink: /home/sanmaster/pim-kinova/install/kortex_description/share/kortex_description/grippers/gen3_lite_2f/urdf/GEN3-LITE-GRIPPER_URDF_SIMPLIFIED_V2.urdf
[0.556s] -- Up-to-date symlink: /home/sanmaster/pim-kinova/install/kortex_description/share/kortex_description/grippers/gen3_lite_2f/urdf/gen3_lite_2f.ros2_control.xacro
[0.556s] -- Up-to-date symlink: /home/sanmaster/pim-kinova/install/kortex_description/share/kortex_description/grippers/gen3_lite_2f/urdf/gen3_lite_2f_macro.xacro
[0.556s] -- Up-to-date symlink: /home/sanmaster/pim-kinova/install/kortex_description/share/kortex_description/grippers/gen3_lite_2f/urdf/gen3_lite_2f_transmission_macro.xacro
[0.557s] -- Up-to-date symlink: /home/sanmaster/pim-kinova/install/kortex_description/share/kortex_description/grippers/robotiq_2f_140/LICENSE
[0.557s] -- Up-to-date symlink: /home/sanmaster/pim-kinova/install/kortex_description/share/kortex_description/grippers/robotiq_2f_140/README.md
[0.557s] -- Up-to-date symlink: /home/sanmaster/pim-kinova/install/kortex_description/share/kortex_description/grippers/robotiq_2f_140/urdf/robotiq_2f_140_macro.xacro
[0.557s] -- Up-to-date symlink: /home/sanmaster/pim-kinova/install/kortex_description/share/kortex_description/grippers/robotiq_2f_85/LICENSE
[0.558s] -- Up-to-date symlink: /home/sanmaster/pim-kinova/install/kortex_description/share/kortex_description/grippers/robotiq_2f_85/README.md
[0.558s] -- Up-to-date symlink: /home/sanmaster/pim-kinova/install/kortex_description/share/kortex_description/grippers/robotiq_2f_85/urdf/robotiq_2f_85_macro.xacro
[0.558s] -- Up-to-date symlink: /home/sanmaster/pim-kinova/install/kortex_description/share/kortex_description/launch/view_robot.launch.py
[0.559s] -- Up-to-date symlink: /home/sanmaster/pim-kinova/install/kortex_description/share/kortex_description/multiple_robots/kortex_dual_robots.xacro
[0.559s] -- Up-to-date symlink: /home/sanmaster/pim-kinova/install/kortex_description/share/kortex_description/robots/gen3.xacro
[0.559s] -- Up-to-date symlink: /home/sanmaster/pim-kinova/install/kortex_description/share/kortex_description/robots/gen3_2f85.urdf
[0.560s] -- Up-to-date symlink: /home/sanmaster/pim-kinova/install/kortex_description/share/kortex_description/robots/gen3_lite.urdf
[0.560s] -- Up-to-date symlink: /home/sanmaster/pim-kinova/install/kortex_description/share/kortex_description/robots/gen3_lite_gen3_lite_2f.xacro
[0.560s] -- Up-to-date symlink: /home/sanmaster/pim-kinova/install/kortex_description/share/kortex_description/robots/gen3_robotiq_2f_140.xacro
[0.560s] -- Up-to-date symlink: /home/sanmaster/pim-kinova/install/kortex_description/share/kortex_description/robots/gen3_robotiq_2f_85.xacro
[0.560s] -- Up-to-date symlink: /home/sanmaster/pim-kinova/install/kortex_description/share/kortex_description/robots/kinova.urdf.xacro
[0.561s] -- Up-to-date symlink: /home/sanmaster/pim-kinova/install/kortex_description/share/kortex_description/robots/kortex_robot.xacro
[0.561s] -- Up-to-date symlink: /home/sanmaster/pim-kinova/install/kortex_description/share/kortex_description/rviz/view_robot.rviz
[0.561s] -- Up-to-date symlink: /home/sanmaster/pim-kinova/install/kortex_description/share/kortex_description/config/initial_positions.yaml
[0.562s] -- Up-to-date symlink: /home/sanmaster/pim-kinova/install/kortex_description/share/kortex_description/hardware/include/kortex_description/r6bot_hardware.hpp
[0.562s] -- Up-to-date symlink: /home/sanmaster/pim-kinova/install/kortex_description/share/kortex_description/hardware/r6bot_hardware.cpp
[0.563s] -- Up-to-date symlink: /home/sanmaster/pim-kinova/install/kortex_description/include/kortex_description/kortex_description/r6bot_hardware.hpp
[0.563s] -- Up-to-date symlink: /home/sanmaster/pim-kinova/install/kortex_description/share/kortex_description/environment/library_path.sh
[0.563s] -- Up-to-date symlink: /home/sanmaster/pim-kinova/install/kortex_description/share/kortex_description/environment/library_path.dsv
[0.564s] -- Up-to-date symlink: /home/sanmaster/pim-kinova/install/kortex_description/share/ament_index/resource_index/package_run_dependencies/kortex_description
[0.564s] -- Up-to-date symlink: /home/sanmaster/pim-kinova/install/kortex_description/share/ament_index/resource_index/parent_prefix_path/kortex_description
[0.564s] -- Up-to-date symlink: /home/sanmaster/pim-kinova/install/kortex_description/share/kortex_description/environment/ament_prefix_path.sh
[0.565s] -- Up-to-date symlink: /home/sanmaster/pim-kinova/install/kortex_description/share/kortex_description/environment/ament_prefix_path.dsv
[0.565s] -- Up-to-date symlink: /home/sanmaster/pim-kinova/install/kortex_description/share/kortex_description/environment/path.sh
[0.565s] -- Up-to-date symlink: /home/sanmaster/pim-kinova/install/kortex_description/share/kortex_description/environment/path.dsv
[0.566s] -- Up-to-date symlink: /home/sanmaster/pim-kinova/install/kortex_description/share/kortex_description/local_setup.bash
[0.566s] -- Up-to-date symlink: /home/sanmaster/pim-kinova/install/kortex_description/share/kortex_description/local_setup.sh
[0.566s] -- Up-to-date symlink: /home/sanmaster/pim-kinova/install/kortex_description/share/kortex_description/local_setup.zsh
[0.567s] -- Up-to-date symlink: /home/sanmaster/pim-kinova/install/kortex_description/share/kortex_description/local_setup.dsv
[0.567s] -- Symlinking: /home/sanmaster/pim-kinova/install/kortex_description/share/kortex_description/package.dsv
[0.580s] -- Up-to-date symlink: /home/sanmaster/pim-kinova/install/kortex_description/share/ament_index/resource_index/packages/kortex_description
[0.580s] -- Up-to-date symlink: /home/sanmaster/pim-kinova/install/kortex_description/share/ament_index/resource_index/hardware_interface__pluginlib__plugin/kortex_description
[0.580s] -- Up-to-date symlink: /home/sanmaster/pim-kinova/install/kortex_description/share/kortex_description/cmake/ament_cmake_export_targets-extras.cmake
[0.581s] -- Up-to-date symlink: /home/sanmaster/pim-kinova/install/kortex_description/share/kortex_description/cmake/ament_cmake_export_dependencies-extras.cmake
[0.581s] -- Up-to-date symlink: /home/sanmaster/pim-kinova/install/kortex_description/share/kortex_description/cmake/kortex_descriptionConfig.cmake
[0.581s] -- Up-to-date symlink: /home/sanmaster/pim-kinova/install/kortex_description/share/kortex_description/cmake/kortex_descriptionConfig-version.cmake
[0.581s] -- Up-to-date symlink: /home/sanmaster/pim-kinova/install/kortex_description/share/kortex_description/package.xml
[0.582s] -- Up-to-date: /home/sanmaster/pim-kinova/install/kortex_description/lib/libkortex_description.so
[0.583s] -- Up-to-date: /home/sanmaster/pim-kinova/install/kortex_description/share/kortex_description/cmake/kortex_descriptionExport.cmake
[0.583s] -- Up-to-date: /home/sanmaster/pim-kinova/install/kortex_description/share/kortex_description/cmake/kortex_descriptionExport-noconfig.cmake
[0.586s] Invoked command in '/home/sanmaster/pim-kinova/build/kortex_description' returned '0': CMAKE_PREFIX_PATH=${CMAKE_PREFIX_PATH}:/home/sanmaster/pim-kinova/install/barrier_control:/opt/ros/humble /usr/bin/cmake --install /home/sanmaster/pim-kinova/build/kortex_description
