[0.014s] Invoking command in '/home/sanmaster/pim-kinova/build/kortex_description': CMAKE_PREFIX_PATH=/opt/ros/humble /usr/bin/cmake /home/sanmaster/pim-kinova/src/kortex_description -DAMENT_CMAKE_SYMLINK_INSTALL=1 -DCMAKE_INSTALL_PREFIX=/home/sanmaster/pim-kinova/install/kortex_description
[0.076s] -- The C compiler identification is GNU 11.4.0
[0.135s] -- The CXX compiler identification is GNU 11.4.0
[0.145s] -- Detecting C compiler ABI info
[0.213s] -- Detecting C compiler ABI info - done
[0.222s] -- Check for working C compiler: /usr/bin/cc - skipped
[0.222s] -- Detecting C compile features
[0.223s] -- Detecting C compile features - done
[0.226s] -- Detecting CXX compiler ABI info
[0.306s] -- Detecting CXX compiler ABI info - done
[0.320s] -- Check for working CXX compiler: /usr/bin/c++ - skipped
[0.321s] -- Detecting CXX compile features
[0.322s] -- Detecting CXX compile features - done
[0.325s] -- Found ament_cmake: 1.3.10 (/opt/ros/humble/share/ament_cmake/cmake)
[0.485s] -- Found Python3: /usr/bin/python3 (found version "3.10.12") found components: Interpreter 
[0.553s] -- Override CMake install command with custom implementation using symlinks instead of copying resources
[0.663s] -- Configuring done
[0.665s] -- Generating done
[0.666s] -- Build files have been written to: /home/sanmaster/pim-kinova/build/kortex_description
[0.672s] Invoked command in '/home/sanmaster/pim-kinova/build/kortex_description' returned '0': CMAKE_PREFIX_PATH=/opt/ros/humble /usr/bin/cmake /home/sanmaster/pim-kinova/src/kortex_description -DAMENT_CMAKE_SYMLINK_INSTALL=1 -DCMAKE_INSTALL_PREFIX=/home/sanmaster/pim-kinova/install/kortex_description
[0.672s] Invoking command in '/home/sanmaster/pim-kinova/build/kortex_description': CMAKE_PREFIX_PATH=/opt/ros/humble /usr/bin/cmake --build /home/sanmaster/pim-kinova/build/kortex_description -- -j12 -l12
[0.708s] Invoked command in '/home/sanmaster/pim-kinova/build/kortex_description' returned '0': CMAKE_PREFIX_PATH=/opt/ros/humble /usr/bin/cmake --build /home/sanmaster/pim-kinova/build/kortex_description -- -j12 -l12
[0.742s] Invoking command in '/home/sanmaster/pim-kinova/build/kortex_description': CMAKE_PREFIX_PATH=/opt/ros/humble /usr/bin/cmake --install /home/sanmaster/pim-kinova/build/kortex_description
[0.748s] -- Install configuration: ""
[0.748s] -- Execute custom install script
[0.749s] -- Symlinking: /home/sanmaster/pim-kinova/install/kortex_description/share/kortex_description/arms/gen3/6dof/config/gazebo_initial_joint_positions.yaml
[0.758s] -- Symlinking: /home/sanmaster/pim-kinova/install/kortex_description/share/kortex_description/arms/gen3/6dof/config/joint_limits.yaml
[0.766s] -- Symlinking: /home/sanmaster/pim-kinova/install/kortex_description/share/kortex_description/arms/gen3/6dof/config/ros2_controllers.yaml
[0.774s] -- Symlinking: /home/sanmaster/pim-kinova/install/kortex_description/share/kortex_description/arms/gen3/6dof/config/twist_limits.yaml
[0.782s] -- Symlinking: /home/sanmaster/pim-kinova/install/kortex_description/share/kortex_description/arms/gen3/6dof/meshes/base_link.STL
[0.790s] -- Symlinking: /home/sanmaster/pim-kinova/install/kortex_description/share/kortex_description/arms/gen3/6dof/meshes/bicep_link.STL
[0.800s] -- Symlinking: /home/sanmaster/pim-kinova/install/kortex_description/share/kortex_description/arms/gen3/6dof/meshes/bracelet_no_vision_link.STL
[0.808s] -- Symlinking: /home/sanmaster/pim-kinova/install/kortex_description/share/kortex_description/arms/gen3/6dof/meshes/bracelet_with_vision_link.STL
[0.817s] -- Symlinking: /home/sanmaster/pim-kinova/install/kortex_description/share/kortex_description/arms/gen3/6dof/meshes/forearm_link.STL
[0.826s] -- Symlinking: /home/sanmaster/pim-kinova/install/kortex_description/share/kortex_description/arms/gen3/6dof/meshes/shoulder_link.STL
[0.834s] -- Symlinking: /home/sanmaster/pim-kinova/install/kortex_description/share/kortex_description/arms/gen3/6dof/meshes/spherical_wrist_1_link.STL
[0.843s] -- Symlinking: /home/sanmaster/pim-kinova/install/kortex_description/share/kortex_description/arms/gen3/6dof/meshes/spherical_wrist_2_link.STL
[0.852s] -- Symlinking: /home/sanmaster/pim-kinova/install/kortex_description/share/kortex_description/arms/gen3/6dof/urdf/gen3_macro.xacro
[0.860s] -- Symlinking: /home/sanmaster/pim-kinova/install/kortex_description/share/kortex_description/arms/gen3/6dof/urdf/gen3_transmission_macro.xacro
[0.869s] -- Symlinking: /home/sanmaster/pim-kinova/install/kortex_description/share/kortex_description/arms/gen3/6dof/urdf/kortex.ros2_control.xacro
[0.878s] -- Symlinking: /home/sanmaster/pim-kinova/install/kortex_description/share/kortex_description/arms/gen3/7dof/config/gazebo_initial_joint_positions.yaml
[0.886s] -- Symlinking: /home/sanmaster/pim-kinova/install/kortex_description/share/kortex_description/arms/gen3/7dof/config/joint_limits.yaml
[0.895s] -- Symlinking: /home/sanmaster/pim-kinova/install/kortex_description/share/kortex_description/arms/gen3/7dof/config/ros2_controllers.yaml
[0.904s] -- Symlinking: /home/sanmaster/pim-kinova/install/kortex_description/share/kortex_description/arms/gen3/7dof/config/twist_limits.yaml
[0.912s] -- Symlinking: /home/sanmaster/pim-kinova/install/kortex_description/share/kortex_description/arms/gen3/7dof/meshes/base_link.STL
[0.921s] -- Symlinking: /home/sanmaster/pim-kinova/install/kortex_description/share/kortex_description/arms/gen3/7dof/meshes/base_link.dae
[0.929s] -- Symlinking: /home/sanmaster/pim-kinova/install/kortex_description/share/kortex_description/arms/gen3/7dof/meshes/bracelet_no_vision_link.STL
[0.938s] -- Symlinking: /home/sanmaster/pim-kinova/install/kortex_description/share/kortex_description/arms/gen3/7dof/meshes/bracelet_no_vision_link.dae
[0.947s] -- Symlinking: /home/sanmaster/pim-kinova/install/kortex_description/share/kortex_description/arms/gen3/7dof/meshes/bracelet_with_vision_link.STL
[0.956s] -- Symlinking: /home/sanmaster/pim-kinova/install/kortex_description/share/kortex_description/arms/gen3/7dof/meshes/bracelet_with_vision_link.dae
[0.964s] -- Symlinking: /home/sanmaster/pim-kinova/install/kortex_description/share/kortex_description/arms/gen3/7dof/meshes/end_effector_link.STL
[0.973s] -- Symlinking: /home/sanmaster/pim-kinova/install/kortex_description/share/kortex_description/arms/gen3/7dof/meshes/forearm_link.STL
[0.981s] -- Symlinking: /home/sanmaster/pim-kinova/install/kortex_description/share/kortex_description/arms/gen3/7dof/meshes/forearm_link.dae
[0.989s] -- Symlinking: /home/sanmaster/pim-kinova/install/kortex_description/share/kortex_description/arms/gen3/7dof/meshes/half_arm_1_link.STL
[0.998s] -- Symlinking: /home/sanmaster/pim-kinova/install/kortex_description/share/kortex_description/arms/gen3/7dof/meshes/half_arm_1_link.dae
[1.007s] -- Symlinking: /home/sanmaster/pim-kinova/install/kortex_description/share/kortex_description/arms/gen3/7dof/meshes/half_arm_2_link.STL
[1.015s] -- Symlinking: /home/sanmaster/pim-kinova/install/kortex_description/share/kortex_description/arms/gen3/7dof/meshes/half_arm_2_link.dae
[1.024s] -- Symlinking: /home/sanmaster/pim-kinova/install/kortex_description/share/kortex_description/arms/gen3/7dof/meshes/shoulder_link.STL
[1.033s] -- Symlinking: /home/sanmaster/pim-kinova/install/kortex_description/share/kortex_description/arms/gen3/7dof/meshes/shoulder_link.dae
[1.044s] -- Symlinking: /home/sanmaster/pim-kinova/install/kortex_description/share/kortex_description/arms/gen3/7dof/meshes/spherical_wrist_1_link.STL
[1.052s] -- Symlinking: /home/sanmaster/pim-kinova/install/kortex_description/share/kortex_description/arms/gen3/7dof/meshes/spherical_wrist_1_link.dae
[1.062s] -- Symlinking: /home/sanmaster/pim-kinova/install/kortex_description/share/kortex_description/arms/gen3/7dof/meshes/spherical_wrist_2_link.STL
[1.071s] -- Symlinking: /home/sanmaster/pim-kinova/install/kortex_description/share/kortex_description/arms/gen3/7dof/meshes/spherical_wrist_2_link.dae
[1.079s] -- Symlinking: /home/sanmaster/pim-kinova/install/kortex_description/share/kortex_description/arms/gen3/7dof/urdf/gen3_macro.xacro
[1.088s] -- Symlinking: /home/sanmaster/pim-kinova/install/kortex_description/share/kortex_description/arms/gen3/7dof/urdf/gen3_transmission_macro.xacro
[1.096s] -- Symlinking: /home/sanmaster/pim-kinova/install/kortex_description/share/kortex_description/arms/gen3/7dof/urdf/kortex.ros2_control.xacro
[1.105s] -- Symlinking: /home/sanmaster/pim-kinova/install/kortex_description/share/kortex_description/arms/gen3_lite/6dof/config/joint_limits.yaml
[1.114s] -- Symlinking: /home/sanmaster/pim-kinova/install/kortex_description/share/kortex_description/arms/gen3_lite/6dof/config/ros2_controllers.yaml
[1.122s] -- Symlinking: /home/sanmaster/pim-kinova/install/kortex_description/share/kortex_description/arms/gen3_lite/6dof/config/twist_limits.yaml
[1.132s] -- Symlinking: /home/sanmaster/pim-kinova/install/kortex_description/share/kortex_description/arms/gen3_lite/6dof/meshes/arm_link.STL
[1.140s] -- Symlinking: /home/sanmaster/pim-kinova/install/kortex_description/share/kortex_description/arms/gen3_lite/6dof/meshes/base_link.STL
[1.149s] -- Symlinking: /home/sanmaster/pim-kinova/install/kortex_description/share/kortex_description/arms/gen3_lite/6dof/meshes/forearm_link.STL
[1.157s] -- Symlinking: /home/sanmaster/pim-kinova/install/kortex_description/share/kortex_description/arms/gen3_lite/6dof/meshes/lower_wrist_link.STL
[1.166s] -- Symlinking: /home/sanmaster/pim-kinova/install/kortex_description/share/kortex_description/arms/gen3_lite/6dof/meshes/shoulder_link.STL
[1.175s] -- Symlinking: /home/sanmaster/pim-kinova/install/kortex_description/share/kortex_description/arms/gen3_lite/6dof/meshes/upper_wrist_link.STL
[1.183s] -- Symlinking: /home/sanmaster/pim-kinova/install/kortex_description/share/kortex_description/arms/gen3_lite/6dof/urdf/gen3_lite_macro.xacro
[1.192s] -- Symlinking: /home/sanmaster/pim-kinova/install/kortex_description/share/kortex_description/arms/gen3_lite/6dof/urdf/gen3_lite_transmission_macro.xacro
[1.201s] -- Symlinking: /home/sanmaster/pim-kinova/install/kortex_description/share/kortex_description/arms/gen3_lite/6dof/urdf/kortex.ros2_control.xacro
[1.210s] -- Symlinking: /home/sanmaster/pim-kinova/install/kortex_description/share/kortex_description/grippers/gen3_lite_2f/config/joint_limits.yaml
[1.218s] -- Symlinking: /home/sanmaster/pim-kinova/install/kortex_description/share/kortex_description/grippers/gen3_lite_2f/meshes/gripper_base_link.STL
[1.228s] -- Symlinking: /home/sanmaster/pim-kinova/install/kortex_description/share/kortex_description/grippers/gen3_lite_2f/meshes/left_finger_dist_link.STL
[1.236s] -- Symlinking: /home/sanmaster/pim-kinova/install/kortex_description/share/kortex_description/grippers/gen3_lite_2f/meshes/left_finger_prox_link.STL
[1.245s] -- Symlinking: /home/sanmaster/pim-kinova/install/kortex_description/share/kortex_description/grippers/gen3_lite_2f/meshes/right_finger_dist_link.STL
[1.253s] -- Symlinking: /home/sanmaster/pim-kinova/install/kortex_description/share/kortex_description/grippers/gen3_lite_2f/meshes/right_finger_prox_link.STL
[1.262s] -- Symlinking: /home/sanmaster/pim-kinova/install/kortex_description/share/kortex_description/grippers/gen3_lite_2f/urdf/GEN3-LITE-GRIPPER_URDF_SIMPLIFIED_V2.urdf
[1.272s] -- Symlinking: /home/sanmaster/pim-kinova/install/kortex_description/share/kortex_description/grippers/gen3_lite_2f/urdf/gen3_lite_2f.ros2_control.xacro
[1.280s] -- Symlinking: /home/sanmaster/pim-kinova/install/kortex_description/share/kortex_description/grippers/gen3_lite_2f/urdf/gen3_lite_2f_macro.xacro
[1.288s] -- Symlinking: /home/sanmaster/pim-kinova/install/kortex_description/share/kortex_description/grippers/gen3_lite_2f/urdf/gen3_lite_2f_transmission_macro.xacro
[1.297s] -- Symlinking: /home/sanmaster/pim-kinova/install/kortex_description/share/kortex_description/grippers/robotiq_2f_140/LICENSE
[1.306s] -- Symlinking: /home/sanmaster/pim-kinova/install/kortex_description/share/kortex_description/grippers/robotiq_2f_140/README.md
[1.315s] -- Symlinking: /home/sanmaster/pim-kinova/install/kortex_description/share/kortex_description/grippers/robotiq_2f_140/urdf/robotiq_2f_140_macro.xacro
[1.324s] -- Symlinking: /home/sanmaster/pim-kinova/install/kortex_description/share/kortex_description/grippers/robotiq_2f_85/LICENSE
[1.332s] -- Symlinking: /home/sanmaster/pim-kinova/install/kortex_description/share/kortex_description/grippers/robotiq_2f_85/README.md
[1.340s] -- Symlinking: /home/sanmaster/pim-kinova/install/kortex_description/share/kortex_description/grippers/robotiq_2f_85/urdf/robotiq_2f_85_macro.xacro
[1.350s] -- Symlinking: /home/sanmaster/pim-kinova/install/kortex_description/share/kortex_description/launch/view_robot.launch.py
[1.361s] -- Symlinking: /home/sanmaster/pim-kinova/install/kortex_description/share/kortex_description/multiple_robots/kortex_dual_robots.xacro
[1.369s] -- Symlinking: /home/sanmaster/pim-kinova/install/kortex_description/share/kortex_description/robots/gen3.xacro
[1.377s] -- Symlinking: /home/sanmaster/pim-kinova/install/kortex_description/share/kortex_description/robots/gen3_2f85.urdf
[1.386s] -- Symlinking: /home/sanmaster/pim-kinova/install/kortex_description/share/kortex_description/robots/gen3_lite.urdf
[1.394s] -- Symlinking: /home/sanmaster/pim-kinova/install/kortex_description/share/kortex_description/robots/gen3_lite_gen3_lite_2f.xacro
[1.403s] -- Symlinking: /home/sanmaster/pim-kinova/install/kortex_description/share/kortex_description/robots/gen3_robotiq_2f_140.xacro
[1.412s] -- Symlinking: /home/sanmaster/pim-kinova/install/kortex_description/share/kortex_description/robots/gen3_robotiq_2f_85.xacro
[1.420s] -- Symlinking: /home/sanmaster/pim-kinova/install/kortex_description/share/kortex_description/robots/kinova.urdf.xacro
[1.429s] -- Symlinking: /home/sanmaster/pim-kinova/install/kortex_description/share/kortex_description/robots/kortex_robot.xacro
[1.438s] -- Symlinking: /home/sanmaster/pim-kinova/install/kortex_description/share/kortex_description/rviz/view_robot.rviz
[1.447s] -- Symlinking: /home/sanmaster/pim-kinova/install/kortex_description/share/kortex_description/config/initial_positions.yaml
[1.455s] -- Symlinking: /home/sanmaster/pim-kinova/install/kortex_description/share/ament_index/resource_index/package_run_dependencies/kortex_description
[1.464s] -- Symlinking: /home/sanmaster/pim-kinova/install/kortex_description/share/ament_index/resource_index/parent_prefix_path/kortex_description
[1.472s] -- Symlinking: /home/sanmaster/pim-kinova/install/kortex_description/share/kortex_description/environment/ament_prefix_path.sh
[1.481s] -- Symlinking: /home/sanmaster/pim-kinova/install/kortex_description/share/kortex_description/environment/ament_prefix_path.dsv
[1.490s] -- Symlinking: /home/sanmaster/pim-kinova/install/kortex_description/share/kortex_description/environment/path.sh
[1.499s] -- Symlinking: /home/sanmaster/pim-kinova/install/kortex_description/share/kortex_description/environment/path.dsv
[1.507s] -- Symlinking: /home/sanmaster/pim-kinova/install/kortex_description/share/kortex_description/local_setup.bash
[1.516s] -- Symlinking: /home/sanmaster/pim-kinova/install/kortex_description/share/kortex_description/local_setup.sh
[1.524s] -- Symlinking: /home/sanmaster/pim-kinova/install/kortex_description/share/kortex_description/local_setup.zsh
[1.532s] -- Symlinking: /home/sanmaster/pim-kinova/install/kortex_description/share/kortex_description/local_setup.dsv
[1.541s] -- Symlinking: /home/sanmaster/pim-kinova/install/kortex_description/share/kortex_description/package.dsv
[1.549s] -- Symlinking: /home/sanmaster/pim-kinova/install/kortex_description/share/ament_index/resource_index/packages/kortex_description
[1.558s] -- Symlinking: /home/sanmaster/pim-kinova/install/kortex_description/share/kortex_description/cmake/kortex_descriptionConfig.cmake
[1.567s] -- Symlinking: /home/sanmaster/pim-kinova/install/kortex_description/share/kortex_description/cmake/kortex_descriptionConfig-version.cmake
[1.576s] -- Symlinking: /home/sanmaster/pim-kinova/install/kortex_description/share/kortex_description/package.xml
[1.586s] Invoked command in '/home/sanmaster/pim-kinova/build/kortex_description' returned '0': CMAKE_PREFIX_PATH=/opt/ros/humble /usr/bin/cmake --install /home/sanmaster/pim-kinova/build/kortex_description
