running egg_info
writing ../../build/barrier_control/barrier_control.egg-info/PKG-INFO
writing dependency_links to ../../build/barrier_control/barrier_control.egg-info/dependency_links.txt
writing entry points to ../../build/barrier_control/barrier_control.egg-info/entry_points.txt
writing requirements to ../../build/barrier_control/barrier_control.egg-info/requires.txt
writing top-level names to ../../build/barrier_control/barrier_control.egg-info/top_level.txt
reading manifest file '../../build/barrier_control/barrier_control.egg-info/SOURCES.txt'
writing manifest file '../../build/barrier_control/barrier_control.egg-info/SOURCES.txt'
running build
running build_py
copying barrier_control/pose_listener.py -> /home/sanmaster/pim-kinova/build/barrier_control/build/lib/barrier_control
running install
running install_lib
copying /home/sanmaster/pim-kinova/build/barrier_control/build/lib/barrier_control/pose_listener.py -> /home/sanmaster/pim-kinova/install/barrier_control/lib/python3.10/site-packages/barrier_control
byte-compiling /home/sanmaster/pim-kinova/install/barrier_control/lib/python3.10/site-packages/barrier_control/pose_listener.py to pose_listener.cpython-310.pyc
running install_data
running install_egg_info
removing '/home/sanmaster/pim-kinova/install/barrier_control/lib/python3.10/site-packages/barrier_control-0.0.0-py3.10.egg-info' (and everything under it)
Copying ../../build/barrier_control/barrier_control.egg-info to /home/sanmaster/pim-kinova/install/barrier_control/lib/python3.10/site-packages/barrier_control-0.0.0-py3.10.egg-info
running install_scripts
Installing pose_listener script to /home/sanmaster/pim-kinova/install/barrier_control/lib/barrier_control
Installing rigid_body_dynamics_controller script to /home/sanmaster/pim-kinova/install/barrier_control/lib/barrier_control
Installing state_listener script to /home/sanmaster/pim-kinova/install/barrier_control/lib/barrier_control
writing list of installed files to '/home/sanmaster/pim-kinova/build/barrier_control/install.log'
