[0.133s] DEBUG:colcon:Command line arguments: ['/usr/bin/colcon', 'build', '--symlink-install', '--parallel-workers', '2']
[0.134s] DEBUG:colcon:Parsed command line arguments: Namespace(log_base=None, log_level=None, verb_name='build', build_base='build', install_base='install', merge_install=False, symlink_install=True, test_result_base=None, continue_on_error=False, executor='parallel', parallel_workers=2, event_handlers=None, ignore_user_meta=False, metas=['./colcon.meta'], base_paths=['.'], packages_ignore=None, packages_ignore_regex=None, paths=None, packages_up_to=None, packages_up_to_regex=None, packages_above=None, packages_above_and_dependencies=None, packages_above_depth=None, packages_select_by_dep=None, packages_skip_by_dep=None, packages_skip_up_to=None, packages_select_build_failed=False, packages_skip_build_finished=False, packages_select_test_failures=False, packages_skip_test_passed=False, packages_select=None, packages_skip=None, packages_select_regex=None, packages_skip_regex=None, packages_start=None, packages_end=None, allow_overriding=[], cmake_args=None, cmake_target=None, cmake_target_skip_unavailable=False, cmake_clean_cache=False, cmake_clean_first=False, cmake_force_configure=False, ament_cmake_args=None, catkin_cmake_args=None, catkin_skip_building_tests=False, mixin_files=None, mixin=None, verb_parser=<colcon_mixin.mixin.mixin_argument.MixinArgumentDecorator object at 0x73aa34c5f7f0>, verb_extension=<colcon_core.verb.build.BuildVerb object at 0x73aa34c5f1f0>, main=<bound method BuildVerb.main of <colcon_core.verb.build.BuildVerb object at 0x73aa34c5f1f0>>, mixin_verb=('build',))
[0.355s] Level 1:colcon.colcon_core.package_discovery:discover_packages(colcon_meta) check parameters
[0.355s] Level 1:colcon.colcon_core.package_discovery:discover_packages(recursive) check parameters
[0.355s] Level 1:colcon.colcon_core.package_discovery:discover_packages(ignore) check parameters
[0.355s] Level 1:colcon.colcon_core.package_discovery:discover_packages(path) check parameters
[0.355s] Level 1:colcon.colcon_core.package_discovery:discover_packages(colcon_meta) discover
[0.355s] Level 1:colcon.colcon_core.package_discovery:discover_packages(recursive) discover
[0.355s] INFO:colcon.colcon_core.package_discovery:Crawling recursively for packages in '/home/sanmaster/pim-kinova'
[0.355s] Level 1:colcon.colcon_core.package_identification:_identify(.) by extensions ['ignore', 'ignore_ament_install']
[0.355s] Level 1:colcon.colcon_core.package_identification:_identify(.) by extension 'ignore'
[0.356s] Level 1:colcon.colcon_core.package_identification:_identify(.) by extension 'ignore_ament_install'
[0.356s] Level 1:colcon.colcon_core.package_identification:_identify(.) by extensions ['colcon_pkg']
[0.356s] Level 1:colcon.colcon_core.package_identification:_identify(.) by extension 'colcon_pkg'
[0.356s] Level 1:colcon.colcon_core.package_identification:_identify(.) by extensions ['colcon_meta']
[0.356s] Level 1:colcon.colcon_core.package_identification:_identify(.) by extension 'colcon_meta'
[0.356s] Level 1:colcon.colcon_core.package_identification:_identify(.) by extensions ['ros']
[0.356s] Level 1:colcon.colcon_core.package_identification:_identify(.) by extension 'ros'
[0.368s] Level 1:colcon.colcon_core.package_identification:_identify(.) by extensions ['cmake', 'python']
[0.368s] Level 1:colcon.colcon_core.package_identification:_identify(.) by extension 'cmake'
[0.368s] Level 1:colcon.colcon_core.package_identification:_identify(.) by extension 'python'
[0.368s] Level 1:colcon.colcon_core.package_identification:_identify(.) by extensions ['python_setup_py']
[0.368s] Level 1:colcon.colcon_core.package_identification:_identify(.) by extension 'python_setup_py'
[0.368s] Level 1:colcon.colcon_core.package_identification:_identify(build) by extensions ['ignore', 'ignore_ament_install']
[0.368s] Level 1:colcon.colcon_core.package_identification:_identify(build) by extension 'ignore'
[0.368s] Level 1:colcon.colcon_core.package_identification:_identify(build) ignored
[0.369s] Level 1:colcon.colcon_core.package_identification:_identify(install) by extensions ['ignore', 'ignore_ament_install']
[0.369s] Level 1:colcon.colcon_core.package_identification:_identify(install) by extension 'ignore'
[0.369s] Level 1:colcon.colcon_core.package_identification:_identify(install) ignored
[0.369s] Level 1:colcon.colcon_core.package_identification:_identify(log) by extensions ['ignore', 'ignore_ament_install']
[0.369s] Level 1:colcon.colcon_core.package_identification:_identify(log) by extension 'ignore'
[0.369s] Level 1:colcon.colcon_core.package_identification:_identify(log) ignored
[0.369s] Level 1:colcon.colcon_core.package_identification:_identify(src) by extensions ['ignore', 'ignore_ament_install']
[0.369s] Level 1:colcon.colcon_core.package_identification:_identify(src) by extension 'ignore'
[0.369s] Level 1:colcon.colcon_core.package_identification:_identify(src) by extension 'ignore_ament_install'
[0.369s] Level 1:colcon.colcon_core.package_identification:_identify(src) by extensions ['colcon_pkg']
[0.369s] Level 1:colcon.colcon_core.package_identification:_identify(src) by extension 'colcon_pkg'
[0.369s] Level 1:colcon.colcon_core.package_identification:_identify(src) by extensions ['colcon_meta']
[0.369s] Level 1:colcon.colcon_core.package_identification:_identify(src) by extension 'colcon_meta'
[0.369s] Level 1:colcon.colcon_core.package_identification:_identify(src) by extensions ['ros']
[0.369s] Level 1:colcon.colcon_core.package_identification:_identify(src) by extension 'ros'
[0.370s] Level 1:colcon.colcon_core.package_identification:_identify(src) by extensions ['cmake', 'python']
[0.370s] Level 1:colcon.colcon_core.package_identification:_identify(src) by extension 'cmake'
[0.370s] Level 1:colcon.colcon_core.package_identification:_identify(src) by extension 'python'
[0.370s] Level 1:colcon.colcon_core.package_identification:_identify(src) by extensions ['python_setup_py']
[0.370s] Level 1:colcon.colcon_core.package_identification:_identify(src) by extension 'python_setup_py'
[0.370s] Level 1:colcon.colcon_core.package_identification:_identify(src/barrier_control) by extensions ['ignore', 'ignore_ament_install']
[0.370s] Level 1:colcon.colcon_core.package_identification:_identify(src/barrier_control) by extension 'ignore'
[0.370s] Level 1:colcon.colcon_core.package_identification:_identify(src/barrier_control) by extension 'ignore_ament_install'
[0.370s] Level 1:colcon.colcon_core.package_identification:_identify(src/barrier_control) by extensions ['colcon_pkg']
[0.370s] Level 1:colcon.colcon_core.package_identification:_identify(src/barrier_control) by extension 'colcon_pkg'
[0.370s] Level 1:colcon.colcon_core.package_identification:_identify(src/barrier_control) by extensions ['colcon_meta']
[0.370s] Level 1:colcon.colcon_core.package_identification:_identify(src/barrier_control) by extension 'colcon_meta'
[0.370s] Level 1:colcon.colcon_core.package_identification:_identify(src/barrier_control) by extensions ['ros']
[0.370s] Level 1:colcon.colcon_core.package_identification:_identify(src/barrier_control) by extension 'ros'
[0.381s] DEBUG:colcon.colcon_core.package_identification:Package 'src/barrier_control' with type 'ros.ament_python' and name 'barrier_control'
[0.381s] Level 1:colcon.colcon_core.package_identification:_identify(src/custom_hardware_plugins) by extensions ['ignore', 'ignore_ament_install']
[0.381s] Level 1:colcon.colcon_core.package_identification:_identify(src/custom_hardware_plugins) by extension 'ignore'
[0.381s] Level 1:colcon.colcon_core.package_identification:_identify(src/custom_hardware_plugins) by extension 'ignore_ament_install'
[0.381s] Level 1:colcon.colcon_core.package_identification:_identify(src/custom_hardware_plugins) by extensions ['colcon_pkg']
[0.381s] Level 1:colcon.colcon_core.package_identification:_identify(src/custom_hardware_plugins) by extension 'colcon_pkg'
[0.381s] Level 1:colcon.colcon_core.package_identification:_identify(src/custom_hardware_plugins) by extensions ['colcon_meta']
[0.381s] Level 1:colcon.colcon_core.package_identification:_identify(src/custom_hardware_plugins) by extension 'colcon_meta'
[0.381s] Level 1:colcon.colcon_core.package_identification:_identify(src/custom_hardware_plugins) by extensions ['ros']
[0.382s] Level 1:colcon.colcon_core.package_identification:_identify(src/custom_hardware_plugins) by extension 'ros'
[0.382s] DEBUG:colcon.colcon_core.package_identification:Package 'src/custom_hardware_plugins' with type 'ros.ament_cmake' and name 'custom_hardware_plugins'
[0.383s] Level 1:colcon.colcon_core.package_identification:_identify(src/kortex_bringup) by extensions ['ignore', 'ignore_ament_install']
[0.383s] Level 1:colcon.colcon_core.package_identification:_identify(src/kortex_bringup) by extension 'ignore'
[0.383s] Level 1:colcon.colcon_core.package_identification:_identify(src/kortex_bringup) by extension 'ignore_ament_install'
[0.383s] Level 1:colcon.colcon_core.package_identification:_identify(src/kortex_bringup) by extensions ['colcon_pkg']
[0.383s] Level 1:colcon.colcon_core.package_identification:_identify(src/kortex_bringup) by extension 'colcon_pkg'
[0.383s] Level 1:colcon.colcon_core.package_identification:_identify(src/kortex_bringup) by extensions ['colcon_meta']
[0.383s] Level 1:colcon.colcon_core.package_identification:_identify(src/kortex_bringup) by extension 'colcon_meta'
[0.383s] Level 1:colcon.colcon_core.package_identification:_identify(src/kortex_bringup) by extensions ['ros']
[0.383s] Level 1:colcon.colcon_core.package_identification:_identify(src/kortex_bringup) by extension 'ros'
[0.384s] DEBUG:colcon.colcon_core.package_identification:Package 'src/kortex_bringup' with type 'ros.ament_cmake' and name 'kortex_bringup'
[0.384s] Level 1:colcon.colcon_core.package_identification:_identify(src/kortex_description) by extensions ['ignore', 'ignore_ament_install']
[0.384s] Level 1:colcon.colcon_core.package_identification:_identify(src/kortex_description) by extension 'ignore'
[0.384s] Level 1:colcon.colcon_core.package_identification:_identify(src/kortex_description) by extension 'ignore_ament_install'
[0.384s] Level 1:colcon.colcon_core.package_identification:_identify(src/kortex_description) by extensions ['colcon_pkg']
[0.384s] Level 1:colcon.colcon_core.package_identification:_identify(src/kortex_description) by extension 'colcon_pkg'
[0.385s] Level 1:colcon.colcon_core.package_identification:_identify(src/kortex_description) by extensions ['colcon_meta']
[0.385s] Level 1:colcon.colcon_core.package_identification:_identify(src/kortex_description) by extension 'colcon_meta'
[0.385s] Level 1:colcon.colcon_core.package_identification:_identify(src/kortex_description) by extensions ['ros']
[0.385s] Level 1:colcon.colcon_core.package_identification:_identify(src/kortex_description) by extension 'ros'
[0.385s] DEBUG:colcon.colcon_core.package_identification:Package 'src/kortex_description' with type 'ros.ament_cmake' and name 'kortex_description'
[0.385s] Level 1:colcon.colcon_core.package_discovery:discover_packages(recursive) using defaults
[0.385s] Level 1:colcon.colcon_core.package_discovery:discover_packages(ignore) discover
[0.385s] Level 1:colcon.colcon_core.package_discovery:discover_packages(ignore) using defaults
[0.386s] Level 1:colcon.colcon_core.package_discovery:discover_packages(path) discover
[0.386s] Level 1:colcon.colcon_core.package_discovery:discover_packages(path) using defaults
[0.408s] Level 1:colcon.colcon_core.package_discovery:discover_packages(prefix_path) check parameters
[0.408s] Level 1:colcon.colcon_core.package_discovery:discover_packages(prefix_path) discover
[0.410s] DEBUG:colcon.colcon_installed_package_information.package_discovery:Found 4 installed packages in /home/sanmaster/pim-kinova/install
[0.412s] DEBUG:colcon.colcon_installed_package_information.package_discovery:Found 453 installed packages in /opt/ros/humble
[0.415s] Level 1:colcon.colcon_core.package_discovery:discover_packages(prefix_path) using defaults
[0.481s] Level 5:colcon.colcon_core.verb:set package 'barrier_control' build argument 'cmake_args' from command line to 'None'
[0.482s] Level 5:colcon.colcon_core.verb:set package 'barrier_control' build argument 'cmake_target' from command line to 'None'
[0.482s] Level 5:colcon.colcon_core.verb:set package 'barrier_control' build argument 'cmake_target_skip_unavailable' from command line to 'False'
[0.482s] Level 5:colcon.colcon_core.verb:set package 'barrier_control' build argument 'cmake_clean_cache' from command line to 'False'
[0.482s] Level 5:colcon.colcon_core.verb:set package 'barrier_control' build argument 'cmake_clean_first' from command line to 'False'
[0.482s] Level 5:colcon.colcon_core.verb:set package 'barrier_control' build argument 'cmake_force_configure' from command line to 'False'
[0.482s] Level 5:colcon.colcon_core.verb:set package 'barrier_control' build argument 'ament_cmake_args' from command line to 'None'
[0.482s] Level 5:colcon.colcon_core.verb:set package 'barrier_control' build argument 'catkin_cmake_args' from command line to 'None'
[0.482s] Level 5:colcon.colcon_core.verb:set package 'barrier_control' build argument 'catkin_skip_building_tests' from command line to 'False'
[0.482s] DEBUG:colcon.colcon_core.verb:Building package 'barrier_control' with the following arguments: {'ament_cmake_args': None, 'build_base': '/home/sanmaster/pim-kinova/build/barrier_control', 'catkin_cmake_args': None, 'catkin_skip_building_tests': False, 'cmake_args': None, 'cmake_clean_cache': False, 'cmake_clean_first': False, 'cmake_force_configure': False, 'cmake_target': None, 'cmake_target_skip_unavailable': False, 'install_base': '/home/sanmaster/pim-kinova/install/barrier_control', 'merge_install': False, 'path': '/home/sanmaster/pim-kinova/src/barrier_control', 'symlink_install': True, 'test_result_base': None}
[0.482s] Level 5:colcon.colcon_core.verb:set package 'custom_hardware_plugins' build argument 'cmake_args' from command line to 'None'
[0.482s] Level 5:colcon.colcon_core.verb:set package 'custom_hardware_plugins' build argument 'cmake_target' from command line to 'None'
[0.482s] Level 5:colcon.colcon_core.verb:set package 'custom_hardware_plugins' build argument 'cmake_target_skip_unavailable' from command line to 'False'
[0.482s] Level 5:colcon.colcon_core.verb:set package 'custom_hardware_plugins' build argument 'cmake_clean_cache' from command line to 'False'
[0.482s] Level 5:colcon.colcon_core.verb:set package 'custom_hardware_plugins' build argument 'cmake_clean_first' from command line to 'False'
[0.482s] Level 5:colcon.colcon_core.verb:set package 'custom_hardware_plugins' build argument 'cmake_force_configure' from command line to 'False'
[0.482s] Level 5:colcon.colcon_core.verb:set package 'custom_hardware_plugins' build argument 'ament_cmake_args' from command line to 'None'
[0.483s] Level 5:colcon.colcon_core.verb:set package 'custom_hardware_plugins' build argument 'catkin_cmake_args' from command line to 'None'
[0.483s] Level 5:colcon.colcon_core.verb:set package 'custom_hardware_plugins' build argument 'catkin_skip_building_tests' from command line to 'False'
[0.483s] DEBUG:colcon.colcon_core.verb:Building package 'custom_hardware_plugins' with the following arguments: {'ament_cmake_args': None, 'build_base': '/home/sanmaster/pim-kinova/build/custom_hardware_plugins', 'catkin_cmake_args': None, 'catkin_skip_building_tests': False, 'cmake_args': None, 'cmake_clean_cache': False, 'cmake_clean_first': False, 'cmake_force_configure': False, 'cmake_target': None, 'cmake_target_skip_unavailable': False, 'install_base': '/home/sanmaster/pim-kinova/install/custom_hardware_plugins', 'merge_install': False, 'path': '/home/sanmaster/pim-kinova/src/custom_hardware_plugins', 'symlink_install': True, 'test_result_base': None}
[0.483s] Level 5:colcon.colcon_core.verb:set package 'kortex_description' build argument 'cmake_args' from command line to 'None'
[0.483s] Level 5:colcon.colcon_core.verb:set package 'kortex_description' build argument 'cmake_target' from command line to 'None'
[0.483s] Level 5:colcon.colcon_core.verb:set package 'kortex_description' build argument 'cmake_target_skip_unavailable' from command line to 'False'
[0.483s] Level 5:colcon.colcon_core.verb:set package 'kortex_description' build argument 'cmake_clean_cache' from command line to 'False'
[0.483s] Level 5:colcon.colcon_core.verb:set package 'kortex_description' build argument 'cmake_clean_first' from command line to 'False'
[0.483s] Level 5:colcon.colcon_core.verb:set package 'kortex_description' build argument 'cmake_force_configure' from command line to 'False'
[0.483s] Level 5:colcon.colcon_core.verb:set package 'kortex_description' build argument 'ament_cmake_args' from command line to 'None'
[0.483s] Level 5:colcon.colcon_core.verb:set package 'kortex_description' build argument 'catkin_cmake_args' from command line to 'None'
[0.483s] Level 5:colcon.colcon_core.verb:set package 'kortex_description' build argument 'catkin_skip_building_tests' from command line to 'False'
[0.483s] DEBUG:colcon.colcon_core.verb:Building package 'kortex_description' with the following arguments: {'ament_cmake_args': None, 'build_base': '/home/sanmaster/pim-kinova/build/kortex_description', 'catkin_cmake_args': None, 'catkin_skip_building_tests': False, 'cmake_args': None, 'cmake_clean_cache': False, 'cmake_clean_first': False, 'cmake_force_configure': False, 'cmake_target': None, 'cmake_target_skip_unavailable': False, 'install_base': '/home/sanmaster/pim-kinova/install/kortex_description', 'merge_install': False, 'path': '/home/sanmaster/pim-kinova/src/kortex_description', 'symlink_install': True, 'test_result_base': None}
[0.484s] Level 5:colcon.colcon_core.verb:set package 'kortex_bringup' build argument 'cmake_args' from command line to 'None'
[0.484s] Level 5:colcon.colcon_core.verb:set package 'kortex_bringup' build argument 'cmake_target' from command line to 'None'
[0.484s] Level 5:colcon.colcon_core.verb:set package 'kortex_bringup' build argument 'cmake_target_skip_unavailable' from command line to 'False'
[0.484s] Level 5:colcon.colcon_core.verb:set package 'kortex_bringup' build argument 'cmake_clean_cache' from command line to 'False'
[0.484s] Level 5:colcon.colcon_core.verb:set package 'kortex_bringup' build argument 'cmake_clean_first' from command line to 'False'
[0.484s] Level 5:colcon.colcon_core.verb:set package 'kortex_bringup' build argument 'cmake_force_configure' from command line to 'False'
[0.484s] Level 5:colcon.colcon_core.verb:set package 'kortex_bringup' build argument 'ament_cmake_args' from command line to 'None'
[0.484s] Level 5:colcon.colcon_core.verb:set package 'kortex_bringup' build argument 'catkin_cmake_args' from command line to 'None'
[0.484s] Level 5:colcon.colcon_core.verb:set package 'kortex_bringup' build argument 'catkin_skip_building_tests' from command line to 'False'
[0.484s] DEBUG:colcon.colcon_core.verb:Building package 'kortex_bringup' with the following arguments: {'ament_cmake_args': None, 'build_base': '/home/sanmaster/pim-kinova/build/kortex_bringup', 'catkin_cmake_args': None, 'catkin_skip_building_tests': False, 'cmake_args': None, 'cmake_clean_cache': False, 'cmake_clean_first': False, 'cmake_force_configure': False, 'cmake_target': None, 'cmake_target_skip_unavailable': False, 'install_base': '/home/sanmaster/pim-kinova/install/kortex_bringup', 'merge_install': False, 'path': '/home/sanmaster/pim-kinova/src/kortex_bringup', 'symlink_install': True, 'test_result_base': None}
[0.484s] INFO:colcon.colcon_core.executor:Executing jobs using 'parallel' executor
[0.485s] DEBUG:colcon.colcon_parallel_executor.executor.parallel:run_until_complete
[0.485s] INFO:colcon.colcon_ros.task.ament_cmake.build:Building ROS package in '/home/sanmaster/pim-kinova/src/kortex_description' with build type 'ament_cmake'
[0.486s] INFO:colcon.colcon_cmake.task.cmake.build:Building CMake package in '/home/sanmaster/pim-kinova/src/kortex_description'
[0.488s] INFO:colcon.colcon_core.plugin_system:Skipping extension 'colcon_core.shell.bat': Not used on non-Windows systems
[0.488s] INFO:colcon.colcon_core.shell:Skip shell extension 'powershell' for command environment: Not usable outside of PowerShell
[0.488s] DEBUG:colcon.colcon_core.shell:Skip shell extension 'dsv' for command environment
[0.493s] INFO:colcon.colcon_ros.task.ament_python.build:Building ROS package in '/home/sanmaster/pim-kinova/src/barrier_control' with build type 'ament_python'
[0.494s] Level 1:colcon.colcon_core.shell:create_environment_hook('barrier_control', 'ament_prefix_path')
[0.495s] INFO:colcon.colcon_core.shell:Creating environment hook '/home/sanmaster/pim-kinova/install/barrier_control/share/barrier_control/hook/ament_prefix_path.ps1'
[0.495s] INFO:colcon.colcon_core.shell:Creating environment descriptor '/home/sanmaster/pim-kinova/install/barrier_control/share/barrier_control/hook/ament_prefix_path.dsv'
[0.496s] INFO:colcon.colcon_core.shell:Creating environment hook '/home/sanmaster/pim-kinova/install/barrier_control/share/barrier_control/hook/ament_prefix_path.sh'
[0.496s] INFO:colcon.colcon_core.shell:Skip shell extension 'powershell' for command environment: Not usable outside of PowerShell
[0.496s] DEBUG:colcon.colcon_core.shell:Skip shell extension 'dsv' for command environment
[0.504s] DEBUG:colcon.colcon_core.event_handler.log_command:Invoking command in '/home/sanmaster/pim-kinova/build/kortex_description': CMAKE_PREFIX_PATH=${CMAKE_PREFIX_PATH}:/home/sanmaster/pim-kinova/install/barrier_control:/opt/ros/humble /usr/bin/cmake --build /home/sanmaster/pim-kinova/build/kortex_description -- -j12 -l12
[0.810s] INFO:colcon.colcon_core.task.python.build:Building Python package in '/home/sanmaster/pim-kinova/src/barrier_control'
[0.811s] INFO:colcon.colcon_core.shell:Skip shell extension 'powershell' for command environment: Not usable outside of PowerShell
[0.811s] DEBUG:colcon.colcon_core.shell:Skip shell extension 'dsv' for command environment
[0.816s] DEBUG:colcon.colcon_core.event_handler.log_command:Invoked command in '/home/sanmaster/pim-kinova/build/kortex_description' returned '0': CMAKE_PREFIX_PATH=${CMAKE_PREFIX_PATH}:/home/sanmaster/pim-kinova/install/barrier_control:/opt/ros/humble /usr/bin/cmake --build /home/sanmaster/pim-kinova/build/kortex_description -- -j12 -l12
[0.853s] DEBUG:colcon.colcon_core.event_handler.log_command:Invoking command in '/home/sanmaster/pim-kinova/build/kortex_description': CMAKE_PREFIX_PATH=${CMAKE_PREFIX_PATH}:/home/sanmaster/pim-kinova/install/barrier_control:/opt/ros/humble /usr/bin/cmake --install /home/sanmaster/pim-kinova/build/kortex_description
[0.901s] Level 1:colcon.colcon_core.environment:create_environment_scripts_only(kortex_description)
[0.902s] DEBUG:colcon.colcon_core.event_handler.log_command:Invoked command in '/home/sanmaster/pim-kinova/build/kortex_description' returned '0': CMAKE_PREFIX_PATH=${CMAKE_PREFIX_PATH}:/home/sanmaster/pim-kinova/install/barrier_control:/opt/ros/humble /usr/bin/cmake --install /home/sanmaster/pim-kinova/build/kortex_description
[0.904s] Level 1:colcon.colcon_core.environment:checking '/home/sanmaster/pim-kinova/install/kortex_description' for CMake module files
[0.905s] Level 1:colcon.colcon_core.environment:checking '/home/sanmaster/pim-kinova/install/kortex_description' for CMake config files
[0.906s] Level 1:colcon.colcon_core.shell:create_environment_hook('kortex_description', 'cmake_prefix_path')
[0.907s] INFO:colcon.colcon_core.shell:Creating environment hook '/home/sanmaster/pim-kinova/install/kortex_description/share/kortex_description/hook/cmake_prefix_path.ps1'
[0.907s] INFO:colcon.colcon_core.shell:Creating environment descriptor '/home/sanmaster/pim-kinova/install/kortex_description/share/kortex_description/hook/cmake_prefix_path.dsv'
[0.908s] INFO:colcon.colcon_core.shell:Creating environment hook '/home/sanmaster/pim-kinova/install/kortex_description/share/kortex_description/hook/cmake_prefix_path.sh'
[0.908s] Level 1:colcon.colcon_core.environment:checking '/home/sanmaster/pim-kinova/install/kortex_description/lib'
[0.909s] Level 1:colcon.colcon_core.shell:create_environment_hook('kortex_description', 'ld_library_path_lib')
[0.909s] INFO:colcon.colcon_core.shell:Creating environment hook '/home/sanmaster/pim-kinova/install/kortex_description/share/kortex_description/hook/ld_library_path_lib.ps1'
[0.910s] INFO:colcon.colcon_core.shell:Creating environment descriptor '/home/sanmaster/pim-kinova/install/kortex_description/share/kortex_description/hook/ld_library_path_lib.dsv'
[0.910s] INFO:colcon.colcon_core.shell:Creating environment hook '/home/sanmaster/pim-kinova/install/kortex_description/share/kortex_description/hook/ld_library_path_lib.sh'
[0.910s] Level 1:colcon.colcon_core.environment:checking '/home/sanmaster/pim-kinova/install/kortex_description/bin'
[0.910s] Level 1:colcon.colcon_core.environment:checking '/home/sanmaster/pim-kinova/install/kortex_description/lib/pkgconfig/kortex_description.pc'
[0.911s] Level 1:colcon.colcon_core.environment:checking '/home/sanmaster/pim-kinova/install/kortex_description/lib/python3.10/site-packages'
[0.911s] Level 1:colcon.colcon_core.environment:checking '/home/sanmaster/pim-kinova/install/kortex_description/bin'
[0.912s] INFO:colcon.colcon_core.shell:Creating package script '/home/sanmaster/pim-kinova/install/kortex_description/share/kortex_description/package.ps1'
[0.913s] INFO:colcon.colcon_core.shell:Creating package descriptor '/home/sanmaster/pim-kinova/install/kortex_description/share/kortex_description/package.dsv'
[0.913s] INFO:colcon.colcon_core.shell:Creating package script '/home/sanmaster/pim-kinova/install/kortex_description/share/kortex_description/package.sh'
[0.914s] INFO:colcon.colcon_core.shell:Creating package script '/home/sanmaster/pim-kinova/install/kortex_description/share/kortex_description/package.bash'
[0.915s] INFO:colcon.colcon_core.shell:Creating package script '/home/sanmaster/pim-kinova/install/kortex_description/share/kortex_description/package.zsh'
[0.916s] Level 1:colcon.colcon_core.environment:create_file_with_runtime_dependencies(/home/sanmaster/pim-kinova/install/kortex_description/share/colcon-core/packages/kortex_description)
[0.946s] Level 1:colcon.colcon_core.environment:create_environment_scripts_only(kortex_description)
[0.946s] Level 1:colcon.colcon_core.environment:checking '/home/sanmaster/pim-kinova/install/kortex_description' for CMake module files
[0.946s] Level 1:colcon.colcon_core.environment:checking '/home/sanmaster/pim-kinova/install/kortex_description' for CMake config files
[0.948s] Level 1:colcon.colcon_core.shell:create_environment_hook('kortex_description', 'cmake_prefix_path')
[0.948s] INFO:colcon.colcon_core.shell:Creating environment hook '/home/sanmaster/pim-kinova/install/kortex_description/share/kortex_description/hook/cmake_prefix_path.ps1'
[0.949s] INFO:colcon.colcon_core.shell:Creating environment descriptor '/home/sanmaster/pim-kinova/install/kortex_description/share/kortex_description/hook/cmake_prefix_path.dsv'
[0.949s] INFO:colcon.colcon_core.shell:Creating environment hook '/home/sanmaster/pim-kinova/install/kortex_description/share/kortex_description/hook/cmake_prefix_path.sh'
[0.950s] Level 1:colcon.colcon_core.environment:checking '/home/sanmaster/pim-kinova/install/kortex_description/lib'
[0.950s] Level 1:colcon.colcon_core.shell:create_environment_hook('kortex_description', 'ld_library_path_lib')
[0.950s] INFO:colcon.colcon_core.shell:Creating environment hook '/home/sanmaster/pim-kinova/install/kortex_description/share/kortex_description/hook/ld_library_path_lib.ps1'
[0.950s] INFO:colcon.colcon_core.shell:Creating environment descriptor '/home/sanmaster/pim-kinova/install/kortex_description/share/kortex_description/hook/ld_library_path_lib.dsv'
[0.951s] INFO:colcon.colcon_core.shell:Creating environment hook '/home/sanmaster/pim-kinova/install/kortex_description/share/kortex_description/hook/ld_library_path_lib.sh'
[0.951s] Level 1:colcon.colcon_core.environment:checking '/home/sanmaster/pim-kinova/install/kortex_description/bin'
[0.951s] Level 1:colcon.colcon_core.environment:checking '/home/sanmaster/pim-kinova/install/kortex_description/lib/pkgconfig/kortex_description.pc'
[0.951s] Level 1:colcon.colcon_core.environment:checking '/home/sanmaster/pim-kinova/install/kortex_description/lib/python3.10/site-packages'
[0.952s] Level 1:colcon.colcon_core.environment:checking '/home/sanmaster/pim-kinova/install/kortex_description/bin'
[0.952s] INFO:colcon.colcon_core.shell:Creating package script '/home/sanmaster/pim-kinova/install/kortex_description/share/kortex_description/package.ps1'
[0.953s] INFO:colcon.colcon_core.shell:Creating package descriptor '/home/sanmaster/pim-kinova/install/kortex_description/share/kortex_description/package.dsv'
[0.953s] INFO:colcon.colcon_core.shell:Creating package script '/home/sanmaster/pim-kinova/install/kortex_description/share/kortex_description/package.sh'
[0.954s] INFO:colcon.colcon_core.shell:Creating package script '/home/sanmaster/pim-kinova/install/kortex_description/share/kortex_description/package.bash'
[0.954s] INFO:colcon.colcon_core.shell:Creating package script '/home/sanmaster/pim-kinova/install/kortex_description/share/kortex_description/package.zsh'
[0.955s] Level 1:colcon.colcon_core.environment:create_file_with_runtime_dependencies(/home/sanmaster/pim-kinova/install/kortex_description/share/colcon-core/packages/kortex_description)
[0.955s] INFO:colcon.colcon_ros.task.ament_cmake.build:Building ROS package in '/home/sanmaster/pim-kinova/src/custom_hardware_plugins' with build type 'ament_cmake'
[0.955s] INFO:colcon.colcon_cmake.task.cmake.build:Building CMake package in '/home/sanmaster/pim-kinova/src/custom_hardware_plugins'
[0.955s] INFO:colcon.colcon_core.shell:Skip shell extension 'powershell' for command environment: Not usable outside of PowerShell
[0.955s] DEBUG:colcon.colcon_core.shell:Skip shell extension 'dsv' for command environment
[0.966s] DEBUG:colcon.colcon_core.event_handler.log_command:Invoking command in '/home/sanmaster/pim-kinova/build/custom_hardware_plugins': CMAKE_PREFIX_PATH=${CMAKE_PREFIX_PATH}:/home/sanmaster/pim-kinova/install/barrier_control:/opt/ros/humble /usr/bin/cmake --build /home/sanmaster/pim-kinova/build/custom_hardware_plugins -- -j12 -l12
[1.038s] DEBUG:colcon.colcon_core.event_handler.log_command:Invoked command in '/home/sanmaster/pim-kinova/build/custom_hardware_plugins' returned '0': CMAKE_PREFIX_PATH=${CMAKE_PREFIX_PATH}:/home/sanmaster/pim-kinova/install/barrier_control:/opt/ros/humble /usr/bin/cmake --build /home/sanmaster/pim-kinova/build/custom_hardware_plugins -- -j12 -l12
[1.068s] DEBUG:colcon.colcon_core.event_handler.log_command:Invoking command in '/home/sanmaster/pim-kinova/build/custom_hardware_plugins': CMAKE_PREFIX_PATH=${CMAKE_PREFIX_PATH}:/home/sanmaster/pim-kinova/install/barrier_control:/opt/ros/humble /usr/bin/cmake --install /home/sanmaster/pim-kinova/build/custom_hardware_plugins
[1.094s] Level 1:colcon.colcon_core.environment:create_environment_scripts_only(custom_hardware_plugins)
[1.094s] Level 1:colcon.colcon_core.environment:checking '/home/sanmaster/pim-kinova/install/custom_hardware_plugins' for CMake module files
[1.095s] DEBUG:colcon.colcon_core.event_handler.log_command:Invoked command in '/home/sanmaster/pim-kinova/build/custom_hardware_plugins' returned '0': CMAKE_PREFIX_PATH=${CMAKE_PREFIX_PATH}:/home/sanmaster/pim-kinova/install/barrier_control:/opt/ros/humble /usr/bin/cmake --install /home/sanmaster/pim-kinova/build/custom_hardware_plugins
[1.095s] Level 1:colcon.colcon_core.environment:checking '/home/sanmaster/pim-kinova/install/custom_hardware_plugins' for CMake config files
[1.096s] Level 1:colcon.colcon_core.shell:create_environment_hook('custom_hardware_plugins', 'cmake_prefix_path')
[1.096s] INFO:colcon.colcon_core.shell:Creating environment hook '/home/sanmaster/pim-kinova/install/custom_hardware_plugins/share/custom_hardware_plugins/hook/cmake_prefix_path.ps1'
[1.096s] INFO:colcon.colcon_core.shell:Creating environment descriptor '/home/sanmaster/pim-kinova/install/custom_hardware_plugins/share/custom_hardware_plugins/hook/cmake_prefix_path.dsv'
[1.097s] INFO:colcon.colcon_core.shell:Creating environment hook '/home/sanmaster/pim-kinova/install/custom_hardware_plugins/share/custom_hardware_plugins/hook/cmake_prefix_path.sh'
[1.097s] Level 1:colcon.colcon_core.environment:checking '/home/sanmaster/pim-kinova/install/custom_hardware_plugins/lib'
[1.097s] Level 1:colcon.colcon_core.shell:create_environment_hook('custom_hardware_plugins', 'ld_library_path_lib')
[1.097s] INFO:colcon.colcon_core.shell:Creating environment hook '/home/sanmaster/pim-kinova/install/custom_hardware_plugins/share/custom_hardware_plugins/hook/ld_library_path_lib.ps1'
[1.098s] INFO:colcon.colcon_core.shell:Creating environment descriptor '/home/sanmaster/pim-kinova/install/custom_hardware_plugins/share/custom_hardware_plugins/hook/ld_library_path_lib.dsv'
[1.098s] INFO:colcon.colcon_core.shell:Creating environment hook '/home/sanmaster/pim-kinova/install/custom_hardware_plugins/share/custom_hardware_plugins/hook/ld_library_path_lib.sh'
[1.098s] Level 1:colcon.colcon_core.environment:checking '/home/sanmaster/pim-kinova/install/custom_hardware_plugins/bin'
[1.099s] Level 1:colcon.colcon_core.environment:checking '/home/sanmaster/pim-kinova/install/custom_hardware_plugins/lib/pkgconfig/custom_hardware_plugins.pc'
[1.099s] Level 1:colcon.colcon_core.environment:checking '/home/sanmaster/pim-kinova/install/custom_hardware_plugins/lib/python3.10/site-packages'
[1.099s] Level 1:colcon.colcon_core.environment:checking '/home/sanmaster/pim-kinova/install/custom_hardware_plugins/bin'
[1.099s] INFO:colcon.colcon_core.shell:Creating package script '/home/sanmaster/pim-kinova/install/custom_hardware_plugins/share/custom_hardware_plugins/package.ps1'
[1.100s] INFO:colcon.colcon_core.shell:Creating package descriptor '/home/sanmaster/pim-kinova/install/custom_hardware_plugins/share/custom_hardware_plugins/package.dsv'
[1.100s] INFO:colcon.colcon_core.shell:Creating package script '/home/sanmaster/pim-kinova/install/custom_hardware_plugins/share/custom_hardware_plugins/package.sh'
[1.101s] INFO:colcon.colcon_core.shell:Creating package script '/home/sanmaster/pim-kinova/install/custom_hardware_plugins/share/custom_hardware_plugins/package.bash'
[1.101s] INFO:colcon.colcon_core.shell:Creating package script '/home/sanmaster/pim-kinova/install/custom_hardware_plugins/share/custom_hardware_plugins/package.zsh'
[1.101s] Level 1:colcon.colcon_core.environment:create_file_with_runtime_dependencies(/home/sanmaster/pim-kinova/install/custom_hardware_plugins/share/colcon-core/packages/custom_hardware_plugins)
[1.131s] Level 1:colcon.colcon_core.environment:create_environment_scripts_only(custom_hardware_plugins)
[1.132s] Level 1:colcon.colcon_core.environment:checking '/home/sanmaster/pim-kinova/install/custom_hardware_plugins' for CMake module files
[1.132s] Level 1:colcon.colcon_core.environment:checking '/home/sanmaster/pim-kinova/install/custom_hardware_plugins' for CMake config files
[1.133s] Level 1:colcon.colcon_core.shell:create_environment_hook('custom_hardware_plugins', 'cmake_prefix_path')
[1.133s] INFO:colcon.colcon_core.shell:Creating environment hook '/home/sanmaster/pim-kinova/install/custom_hardware_plugins/share/custom_hardware_plugins/hook/cmake_prefix_path.ps1'
[1.133s] INFO:colcon.colcon_core.shell:Creating environment descriptor '/home/sanmaster/pim-kinova/install/custom_hardware_plugins/share/custom_hardware_plugins/hook/cmake_prefix_path.dsv'
[1.134s] INFO:colcon.colcon_core.shell:Creating environment hook '/home/sanmaster/pim-kinova/install/custom_hardware_plugins/share/custom_hardware_plugins/hook/cmake_prefix_path.sh'
[1.134s] Level 1:colcon.colcon_core.environment:checking '/home/sanmaster/pim-kinova/install/custom_hardware_plugins/lib'
[1.134s] Level 1:colcon.colcon_core.shell:create_environment_hook('custom_hardware_plugins', 'ld_library_path_lib')
[1.134s] INFO:colcon.colcon_core.shell:Creating environment hook '/home/sanmaster/pim-kinova/install/custom_hardware_plugins/share/custom_hardware_plugins/hook/ld_library_path_lib.ps1'
[1.135s] INFO:colcon.colcon_core.shell:Creating environment descriptor '/home/sanmaster/pim-kinova/install/custom_hardware_plugins/share/custom_hardware_plugins/hook/ld_library_path_lib.dsv'
[1.135s] INFO:colcon.colcon_core.shell:Creating environment hook '/home/sanmaster/pim-kinova/install/custom_hardware_plugins/share/custom_hardware_plugins/hook/ld_library_path_lib.sh'
[1.136s] Level 1:colcon.colcon_core.environment:checking '/home/sanmaster/pim-kinova/install/custom_hardware_plugins/bin'
[1.136s] Level 1:colcon.colcon_core.environment:checking '/home/sanmaster/pim-kinova/install/custom_hardware_plugins/lib/pkgconfig/custom_hardware_plugins.pc'
[1.136s] Level 1:colcon.colcon_core.environment:checking '/home/sanmaster/pim-kinova/install/custom_hardware_plugins/lib/python3.10/site-packages'
[1.136s] Level 1:colcon.colcon_core.environment:checking '/home/sanmaster/pim-kinova/install/custom_hardware_plugins/bin'
[1.136s] INFO:colcon.colcon_core.shell:Creating package script '/home/sanmaster/pim-kinova/install/custom_hardware_plugins/share/custom_hardware_plugins/package.ps1'
[1.137s] INFO:colcon.colcon_core.shell:Creating package descriptor '/home/sanmaster/pim-kinova/install/custom_hardware_plugins/share/custom_hardware_plugins/package.dsv'
[1.137s] INFO:colcon.colcon_core.shell:Creating package script '/home/sanmaster/pim-kinova/install/custom_hardware_plugins/share/custom_hardware_plugins/package.sh'
[1.138s] INFO:colcon.colcon_core.shell:Creating package script '/home/sanmaster/pim-kinova/install/custom_hardware_plugins/share/custom_hardware_plugins/package.bash'
[1.138s] INFO:colcon.colcon_core.shell:Creating package script '/home/sanmaster/pim-kinova/install/custom_hardware_plugins/share/custom_hardware_plugins/package.zsh'
[1.139s] Level 1:colcon.colcon_core.environment:create_file_with_runtime_dependencies(/home/sanmaster/pim-kinova/install/custom_hardware_plugins/share/colcon-core/packages/custom_hardware_plugins)
[1.139s] INFO:colcon.colcon_ros.task.ament_cmake.build:Building ROS package in '/home/sanmaster/pim-kinova/src/kortex_bringup' with build type 'ament_cmake'
[1.139s] INFO:colcon.colcon_cmake.task.cmake.build:Building CMake package in '/home/sanmaster/pim-kinova/src/kortex_bringup'
[1.139s] INFO:colcon.colcon_core.shell:Skip shell extension 'powershell' for command environment: Not usable outside of PowerShell
[1.139s] DEBUG:colcon.colcon_core.shell:Skip shell extension 'dsv' for command environment
[1.152s] DEBUG:colcon.colcon_core.event_handler.log_command:Invoking command in '/home/sanmaster/pim-kinova/build/kortex_bringup': CMAKE_PREFIX_PATH=/home/sanmaster/pim-kinova/install/kortex_description:/home/sanmaster/pim-kinova/install/kortex_bringup:/home/sanmaster/pim-kinova/install/custom_hardware_plugins:/home/sanmaster/pim-kinova/install/barrier_control:/opt/ros/humble /usr/bin/cmake --build /home/sanmaster/pim-kinova/build/kortex_bringup -- -j12 -l12
[1.192s] DEBUG:colcon.colcon_core.event_handler.log_command:Invoked command in '/home/sanmaster/pim-kinova/build/kortex_bringup' returned '0': CMAKE_PREFIX_PATH=/home/sanmaster/pim-kinova/install/kortex_description:/home/sanmaster/pim-kinova/install/kortex_bringup:/home/sanmaster/pim-kinova/install/custom_hardware_plugins:/home/sanmaster/pim-kinova/install/barrier_control:/opt/ros/humble /usr/bin/cmake --build /home/sanmaster/pim-kinova/build/kortex_bringup -- -j12 -l12
[1.218s] DEBUG:colcon.colcon_core.event_handler.log_command:Invoking command in '/home/sanmaster/pim-kinova/build/kortex_bringup': CMAKE_PREFIX_PATH=/home/sanmaster/pim-kinova/install/kortex_description:/home/sanmaster/pim-kinova/install/kortex_bringup:/home/sanmaster/pim-kinova/install/custom_hardware_plugins:/home/sanmaster/pim-kinova/install/barrier_control:/opt/ros/humble /usr/bin/cmake --install /home/sanmaster/pim-kinova/build/kortex_bringup
[1.242s] Level 1:colcon.colcon_core.environment:create_environment_scripts_only(kortex_bringup)
[1.242s] Level 1:colcon.colcon_core.environment:checking '/home/sanmaster/pim-kinova/install/kortex_bringup' for CMake module files
[1.243s] DEBUG:colcon.colcon_core.event_handler.log_command:Invoked command in '/home/sanmaster/pim-kinova/build/kortex_bringup' returned '0': CMAKE_PREFIX_PATH=/home/sanmaster/pim-kinova/install/kortex_description:/home/sanmaster/pim-kinova/install/kortex_bringup:/home/sanmaster/pim-kinova/install/custom_hardware_plugins:/home/sanmaster/pim-kinova/install/barrier_control:/opt/ros/humble /usr/bin/cmake --install /home/sanmaster/pim-kinova/build/kortex_bringup
[1.243s] Level 1:colcon.colcon_core.environment:checking '/home/sanmaster/pim-kinova/install/kortex_bringup' for CMake config files
[1.244s] Level 1:colcon.colcon_core.shell:create_environment_hook('kortex_bringup', 'cmake_prefix_path')
[1.244s] INFO:colcon.colcon_core.shell:Creating environment hook '/home/sanmaster/pim-kinova/install/kortex_bringup/share/kortex_bringup/hook/cmake_prefix_path.ps1'
[1.244s] INFO:colcon.colcon_core.shell:Creating environment descriptor '/home/sanmaster/pim-kinova/install/kortex_bringup/share/kortex_bringup/hook/cmake_prefix_path.dsv'
[1.245s] INFO:colcon.colcon_core.shell:Creating environment hook '/home/sanmaster/pim-kinova/install/kortex_bringup/share/kortex_bringup/hook/cmake_prefix_path.sh'
[1.245s] Level 1:colcon.colcon_core.environment:checking '/home/sanmaster/pim-kinova/install/kortex_bringup/lib'
[1.245s] Level 1:colcon.colcon_core.environment:checking '/home/sanmaster/pim-kinova/install/kortex_bringup/bin'
[1.245s] Level 1:colcon.colcon_core.environment:checking '/home/sanmaster/pim-kinova/install/kortex_bringup/lib/pkgconfig/kortex_bringup.pc'
[1.246s] Level 1:colcon.colcon_core.environment:checking '/home/sanmaster/pim-kinova/install/kortex_bringup/lib/python3.10/site-packages'
[1.246s] Level 1:colcon.colcon_core.environment:checking '/home/sanmaster/pim-kinova/install/kortex_bringup/bin'
[1.246s] INFO:colcon.colcon_core.shell:Creating package script '/home/sanmaster/pim-kinova/install/kortex_bringup/share/kortex_bringup/package.ps1'
[1.247s] INFO:colcon.colcon_core.shell:Creating package descriptor '/home/sanmaster/pim-kinova/install/kortex_bringup/share/kortex_bringup/package.dsv'
[1.247s] INFO:colcon.colcon_core.shell:Creating package script '/home/sanmaster/pim-kinova/install/kortex_bringup/share/kortex_bringup/package.sh'
[1.248s] INFO:colcon.colcon_core.shell:Creating package script '/home/sanmaster/pim-kinova/install/kortex_bringup/share/kortex_bringup/package.bash'
[1.248s] INFO:colcon.colcon_core.shell:Creating package script '/home/sanmaster/pim-kinova/install/kortex_bringup/share/kortex_bringup/package.zsh'
[1.248s] Level 1:colcon.colcon_core.environment:create_file_with_runtime_dependencies(/home/sanmaster/pim-kinova/install/kortex_bringup/share/colcon-core/packages/kortex_bringup)
[1.259s] DEBUG:colcon.colcon_core.event_handler.log_command:Invoking command in '/home/sanmaster/pim-kinova/build/barrier_control': PYTHONPATH=/home/sanmaster/pim-kinova/build/barrier_control/prefix_override:/usr/lib/python3/dist-packages/colcon_core/task/python/colcon_distutils_commands:/home/sanmaster/pim-kinova/install/barrier_control/lib/python3.10/site-packages:${PYTHONPATH} /usr/bin/python3 -W ignore:setup.py install is deprecated setup.py develop --editable --build-directory /home/sanmaster/pim-kinova/build/barrier_control/build --no-deps symlink_data
[1.271s] Level 1:colcon.colcon_core.environment:create_environment_scripts_only(kortex_bringup)
[1.271s] Level 1:colcon.colcon_core.environment:checking '/home/sanmaster/pim-kinova/install/kortex_bringup' for CMake module files
[1.271s] Level 1:colcon.colcon_core.environment:checking '/home/sanmaster/pim-kinova/install/kortex_bringup' for CMake config files
[1.272s] Level 1:colcon.colcon_core.shell:create_environment_hook('kortex_bringup', 'cmake_prefix_path')
[1.272s] INFO:colcon.colcon_core.shell:Creating environment hook '/home/sanmaster/pim-kinova/install/kortex_bringup/share/kortex_bringup/hook/cmake_prefix_path.ps1'
[1.272s] INFO:colcon.colcon_core.shell:Creating environment descriptor '/home/sanmaster/pim-kinova/install/kortex_bringup/share/kortex_bringup/hook/cmake_prefix_path.dsv'
[1.273s] INFO:colcon.colcon_core.shell:Creating environment hook '/home/sanmaster/pim-kinova/install/kortex_bringup/share/kortex_bringup/hook/cmake_prefix_path.sh'
[1.273s] Level 1:colcon.colcon_core.environment:checking '/home/sanmaster/pim-kinova/install/kortex_bringup/lib'
[1.273s] Level 1:colcon.colcon_core.environment:checking '/home/sanmaster/pim-kinova/install/kortex_bringup/bin'
[1.273s] Level 1:colcon.colcon_core.environment:checking '/home/sanmaster/pim-kinova/install/kortex_bringup/lib/pkgconfig/kortex_bringup.pc'
[1.274s] Level 1:colcon.colcon_core.environment:checking '/home/sanmaster/pim-kinova/install/kortex_bringup/lib/python3.10/site-packages'
[1.274s] Level 1:colcon.colcon_core.environment:checking '/home/sanmaster/pim-kinova/install/kortex_bringup/bin'
[1.274s] INFO:colcon.colcon_core.shell:Creating package script '/home/sanmaster/pim-kinova/install/kortex_bringup/share/kortex_bringup/package.ps1'
[1.274s] INFO:colcon.colcon_core.shell:Creating package descriptor '/home/sanmaster/pim-kinova/install/kortex_bringup/share/kortex_bringup/package.dsv'
[1.275s] INFO:colcon.colcon_core.shell:Creating package script '/home/sanmaster/pim-kinova/install/kortex_bringup/share/kortex_bringup/package.sh'
[1.275s] INFO:colcon.colcon_core.shell:Creating package script '/home/sanmaster/pim-kinova/install/kortex_bringup/share/kortex_bringup/package.bash'
[1.276s] INFO:colcon.colcon_core.shell:Creating package script '/home/sanmaster/pim-kinova/install/kortex_bringup/share/kortex_bringup/package.zsh'
[1.276s] Level 1:colcon.colcon_core.environment:create_file_with_runtime_dependencies(/home/sanmaster/pim-kinova/install/kortex_bringup/share/colcon-core/packages/kortex_bringup)
[1.880s] Level 1:colcon.colcon_core.shell:create_environment_hook('barrier_control', 'pythonpath_develop')
[1.880s] INFO:colcon.colcon_core.shell:Creating environment hook '/home/sanmaster/pim-kinova/build/barrier_control/share/barrier_control/hook/pythonpath_develop.ps1'
[1.880s] DEBUG:colcon.colcon_core.event_handler.log_command:Invoked command in '/home/sanmaster/pim-kinova/build/barrier_control' returned '0': PYTHONPATH=/home/sanmaster/pim-kinova/build/barrier_control/prefix_override:/usr/lib/python3/dist-packages/colcon_core/task/python/colcon_distutils_commands:/home/sanmaster/pim-kinova/install/barrier_control/lib/python3.10/site-packages:${PYTHONPATH} /usr/bin/python3 -W ignore:setup.py install is deprecated setup.py develop --editable --build-directory /home/sanmaster/pim-kinova/build/barrier_control/build --no-deps symlink_data
[1.881s] INFO:colcon.colcon_core.shell:Creating environment descriptor '/home/sanmaster/pim-kinova/build/barrier_control/share/barrier_control/hook/pythonpath_develop.dsv'
[1.881s] INFO:colcon.colcon_core.shell:Creating environment hook '/home/sanmaster/pim-kinova/build/barrier_control/share/barrier_control/hook/pythonpath_develop.sh'
[1.882s] Level 1:colcon.colcon_core.environment:checking '/home/sanmaster/pim-kinova/install/barrier_control' for CMake module files
[1.882s] Level 1:colcon.colcon_core.environment:checking '/home/sanmaster/pim-kinova/install/barrier_control' for CMake config files
[1.883s] Level 1:colcon.colcon_core.environment:checking '/home/sanmaster/pim-kinova/install/barrier_control/lib'
[1.883s] Level 1:colcon.colcon_core.environment:checking '/home/sanmaster/pim-kinova/install/barrier_control/bin'
[1.883s] Level 1:colcon.colcon_core.environment:checking '/home/sanmaster/pim-kinova/install/barrier_control/lib/pkgconfig/barrier_control.pc'
[1.883s] Level 1:colcon.colcon_core.environment:checking '/home/sanmaster/pim-kinova/install/barrier_control/lib/python3.10/site-packages'
[1.883s] Level 1:colcon.colcon_core.shell:create_environment_hook('barrier_control', 'pythonpath')
[1.884s] INFO:colcon.colcon_core.shell:Creating environment hook '/home/sanmaster/pim-kinova/install/barrier_control/share/barrier_control/hook/pythonpath.ps1'
[1.884s] INFO:colcon.colcon_core.shell:Creating environment descriptor '/home/sanmaster/pim-kinova/install/barrier_control/share/barrier_control/hook/pythonpath.dsv'
[1.884s] INFO:colcon.colcon_core.shell:Creating environment hook '/home/sanmaster/pim-kinova/install/barrier_control/share/barrier_control/hook/pythonpath.sh'
[1.885s] Level 1:colcon.colcon_core.environment:checking '/home/sanmaster/pim-kinova/install/barrier_control/bin'
[1.885s] Level 1:colcon.colcon_core.environment:create_environment_scripts_only(barrier_control)
[1.885s] INFO:colcon.colcon_core.shell:Creating package script '/home/sanmaster/pim-kinova/install/barrier_control/share/barrier_control/package.ps1'
[1.886s] INFO:colcon.colcon_core.shell:Creating package descriptor '/home/sanmaster/pim-kinova/install/barrier_control/share/barrier_control/package.dsv'
[1.886s] INFO:colcon.colcon_core.shell:Creating package script '/home/sanmaster/pim-kinova/install/barrier_control/share/barrier_control/package.sh'
[1.887s] INFO:colcon.colcon_core.shell:Creating package script '/home/sanmaster/pim-kinova/install/barrier_control/share/barrier_control/package.bash'
[1.887s] INFO:colcon.colcon_core.shell:Creating package script '/home/sanmaster/pim-kinova/install/barrier_control/share/barrier_control/package.zsh'
[1.888s] Level 1:colcon.colcon_core.environment:create_file_with_runtime_dependencies(/home/sanmaster/pim-kinova/install/barrier_control/share/colcon-core/packages/barrier_control)
[1.888s] DEBUG:colcon.colcon_parallel_executor.executor.parallel:closing loop
[1.889s] DEBUG:colcon.colcon_parallel_executor.executor.parallel:loop closed
[1.889s] DEBUG:colcon.colcon_parallel_executor.executor.parallel:run_until_complete finished with '0'
[1.889s] DEBUG:colcon.colcon_core.event_reactor:joining thread
[1.893s] INFO:colcon.colcon_core.plugin_system:Skipping extension 'colcon_notification.desktop_notification.terminal_notifier': Not used on non-Darwin systems
[1.893s] INFO:colcon.colcon_core.plugin_system:Skipping extension 'colcon_notification.desktop_notification.win32': Not used on non-Windows systems
[1.893s] INFO:colcon.colcon_notification.desktop_notification:Sending desktop notification using 'notify2'
[1.902s] DEBUG:colcon.colcon_core.event_reactor:joined thread
[1.903s] INFO:colcon.colcon_core.shell:Creating prefix script '/home/sanmaster/pim-kinova/install/local_setup.ps1'
[1.904s] INFO:colcon.colcon_core.shell:Creating prefix util module '/home/sanmaster/pim-kinova/install/_local_setup_util_ps1.py'
[1.905s] INFO:colcon.colcon_core.shell:Creating prefix chain script '/home/sanmaster/pim-kinova/install/setup.ps1'
[1.906s] INFO:colcon.colcon_core.shell:Creating prefix script '/home/sanmaster/pim-kinova/install/local_setup.sh'
[1.906s] INFO:colcon.colcon_core.shell:Creating prefix util module '/home/sanmaster/pim-kinova/install/_local_setup_util_sh.py'
[1.907s] INFO:colcon.colcon_core.shell:Creating prefix chain script '/home/sanmaster/pim-kinova/install/setup.sh'
[1.908s] INFO:colcon.colcon_core.shell:Creating prefix script '/home/sanmaster/pim-kinova/install/local_setup.bash'
[1.908s] INFO:colcon.colcon_core.shell:Creating prefix chain script '/home/sanmaster/pim-kinova/install/setup.bash'
[1.910s] INFO:colcon.colcon_core.shell:Creating prefix script '/home/sanmaster/pim-kinova/install/local_setup.zsh'
[1.910s] INFO:colcon.colcon_core.shell:Creating prefix chain script '/home/sanmaster/pim-kinova/install/setup.zsh'
