[0.012s] Invoking command in '/home/sanmaster/pim-kinova/build/kortex_description': CMAKE_PREFIX_PATH=${CMAKE_PREFIX_PATH}:/opt/ros/humble /usr/bin/cmake --build /home/sanmaster/pim-kinova/build/kortex_description -- -j12 -l12
[0.034s] -- Found ament_cmake: 1.3.10 (/opt/ros/humble/share/ament_cmake/cmake)
[0.141s] -- Override CMake install command with custom implementation using symlinks instead of copying resources
[0.148s] -- Found pluginlib: 5.1.0 (/opt/ros/humble/share/pluginlib/cmake)
[0.179s] -- Found hardware_interface: 2.43.0 (/opt/ros/humble/share/hardware_interface/cmake)
[0.195s] -- Found rosidl_generator_c: 3.1.5 (/opt/ros/humble/share/rosidl_generator_c/cmake)
[0.198s] -- Found rosidl_adapter: 3.1.5 (/opt/ros/humble/share/rosidl_adapter/cmake)
[0.203s] -- Found rosidl_generator_cpp: 3.1.5 (/opt/ros/humble/share/rosidl_generator_cpp/cmake)
[0.212s] -- Using all available rosidl_typesupport_c: rosidl_typesupport_fastrtps_c;rosidl_typesupport_introspection_c
[0.222s] -- Using all available rosidl_typesupport_cpp: rosidl_typesupport_fastrtps_cpp;rosidl_typesupport_introspection_cpp
[0.382s] -- Found rmw_implementation_cmake: 6.1.2 (/opt/ros/humble/share/rmw_implementation_cmake/cmake)
[0.383s] -- Found rmw_fastrtps_cpp: 6.2.7 (/opt/ros/humble/share/rmw_fastrtps_cpp/cmake)
[0.402s] -- Found TinyXML2 via Config file: TinyXML2_DIR-NOTFOUND
[0.410s] -- Found TinyXML2 via Config file: TinyXML2_DIR-NOTFOUND
[0.426s] -- Found TinyXML2 via Config file: TinyXML2_DIR-NOTFOUND
[0.434s] -- Found TinyXML2 via Config file: TinyXML2_DIR-NOTFOUND
[0.443s] -- Using RMW implementation 'rmw_fastrtps_cpp' as default
[0.489s] -- Found kdl_parser: 2.6.4 (/opt/ros/humble/share/kdl_parser/cmake)
[0.491s] -- Found eigen3_cmake_module: 0.1.1 (/opt/ros/humble/share/eigen3_cmake_module/cmake)
[0.492s] -- Ensuring Eigen3 include directory is part of orocos-kdl CMake target
[0.494s] -- Found controller_interface: 2.43.0 (/opt/ros/humble/share/controller_interface/cmake)
[0.499s] -- Found realtime_tools: 2.12.0 (/opt/ros/humble/share/realtime_tools/cmake)
[0.584s] -- Configuring done
[0.614s] -- Generating done
[0.616s] -- Build files have been written to: /home/sanmaster/pim-kinova/build/kortex_description
[0.641s] [35m[1mConsolidate compiler generated dependencies of target kortex_description[0m
[0.655s] [ 50%] [32m[1mLinking CXX shared library libkortex_description.so[0m
[0.819s] [100%] Built target kortex_description
[0.830s] Invoked command in '/home/sanmaster/pim-kinova/build/kortex_description' returned '0': CMAKE_PREFIX_PATH=${CMAKE_PREFIX_PATH}:/opt/ros/humble /usr/bin/cmake --build /home/sanmaster/pim-kinova/build/kortex_description -- -j12 -l12
[0.862s] Invoking command in '/home/sanmaster/pim-kinova/build/kortex_description': CMAKE_PREFIX_PATH=${CMAKE_PREFIX_PATH}:/opt/ros/humble /usr/bin/cmake --install /home/sanmaster/pim-kinova/build/kortex_description
[0.869s] -- Install configuration: ""
[0.869s] -- Execute custom install script
[0.869s] -- Symlinking: /home/sanmaster/pim-kinova/install/kortex_description/share/kortex_description//kortex_description.xml
[0.878s] -- Up-to-date symlink: /home/sanmaster/pim-kinova/install/kortex_description/share/kortex_description/arms/gen3/6dof/config/gazebo_initial_joint_positions.yaml
[0.878s] -- Up-to-date symlink: /home/sanmaster/pim-kinova/install/kortex_description/share/kortex_description/arms/gen3/6dof/config/joint_limits.yaml
[0.878s] -- Up-to-date symlink: /home/sanmaster/pim-kinova/install/kortex_description/share/kortex_description/arms/gen3/6dof/config/ros2_controllers.yaml
[0.878s] -- Up-to-date symlink: /home/sanmaster/pim-kinova/install/kortex_description/share/kortex_description/arms/gen3/6dof/config/twist_limits.yaml
[0.879s] -- Up-to-date symlink: /home/sanmaster/pim-kinova/install/kortex_description/share/kortex_description/arms/gen3/6dof/meshes/base_link.STL
[0.879s] -- Up-to-date symlink: /home/sanmaster/pim-kinova/install/kortex_description/share/kortex_description/arms/gen3/6dof/meshes/bicep_link.STL
[0.879s] -- Up-to-date symlink: /home/sanmaster/pim-kinova/install/kortex_description/share/kortex_description/arms/gen3/6dof/meshes/bracelet_no_vision_link.STL
[0.879s] -- Up-to-date symlink: /home/sanmaster/pim-kinova/install/kortex_description/share/kortex_description/arms/gen3/6dof/meshes/bracelet_with_vision_link.STL
[0.879s] -- Up-to-date symlink: /home/sanmaster/pim-kinova/install/kortex_description/share/kortex_description/arms/gen3/6dof/meshes/forearm_link.STL
[0.879s] -- Up-to-date symlink: /home/sanmaster/pim-kinova/install/kortex_description/share/kortex_description/arms/gen3/6dof/meshes/shoulder_link.STL
[0.879s] -- Up-to-date symlink: /home/sanmaster/pim-kinova/install/kortex_description/share/kortex_description/arms/gen3/6dof/meshes/spherical_wrist_1_link.STL
[0.880s] -- Up-to-date symlink: /home/sanmaster/pim-kinova/install/kortex_description/share/kortex_description/arms/gen3/6dof/meshes/spherical_wrist_2_link.STL
[0.880s] -- Up-to-date symlink: /home/sanmaster/pim-kinova/install/kortex_description/share/kortex_description/arms/gen3/6dof/urdf/gen3_macro.xacro
[0.880s] -- Up-to-date symlink: /home/sanmaster/pim-kinova/install/kortex_description/share/kortex_description/arms/gen3/6dof/urdf/gen3_transmission_macro.xacro
[0.880s] -- Up-to-date symlink: /home/sanmaster/pim-kinova/install/kortex_description/share/kortex_description/arms/gen3/6dof/urdf/kortex.ros2_control.xacro
[0.880s] -- Up-to-date symlink: /home/sanmaster/pim-kinova/install/kortex_description/share/kortex_description/arms/gen3/7dof/config/gazebo_initial_joint_positions.yaml
[0.880s] -- Up-to-date symlink: /home/sanmaster/pim-kinova/install/kortex_description/share/kortex_description/arms/gen3/7dof/config/joint_limits.yaml
[0.880s] -- Up-to-date symlink: /home/sanmaster/pim-kinova/install/kortex_description/share/kortex_description/arms/gen3/7dof/config/ros2_controllers.yaml
[0.881s] -- Up-to-date symlink: /home/sanmaster/pim-kinova/install/kortex_description/share/kortex_description/arms/gen3/7dof/config/twist_limits.yaml
[0.881s] -- Up-to-date symlink: /home/sanmaster/pim-kinova/install/kortex_description/share/kortex_description/arms/gen3/7dof/meshes/base_link.STL
[0.881s] -- Up-to-date symlink: /home/sanmaster/pim-kinova/install/kortex_description/share/kortex_description/arms/gen3/7dof/meshes/base_link.dae
[0.881s] -- Up-to-date symlink: /home/sanmaster/pim-kinova/install/kortex_description/share/kortex_description/arms/gen3/7dof/meshes/bracelet_no_vision_link.STL
[0.881s] -- Up-to-date symlink: /home/sanmaster/pim-kinova/install/kortex_description/share/kortex_description/arms/gen3/7dof/meshes/bracelet_no_vision_link.dae
[0.881s] -- Up-to-date symlink: /home/sanmaster/pim-kinova/install/kortex_description/share/kortex_description/arms/gen3/7dof/meshes/bracelet_with_vision_link.STL
[0.881s] -- Up-to-date symlink: /home/sanmaster/pim-kinova/install/kortex_description/share/kortex_description/arms/gen3/7dof/meshes/bracelet_with_vision_link.dae
[0.882s] -- Up-to-date symlink: /home/sanmaster/pim-kinova/install/kortex_description/share/kortex_description/arms/gen3/7dof/meshes/end_effector_link.STL
[0.882s] -- Up-to-date symlink: /home/sanmaster/pim-kinova/install/kortex_description/share/kortex_description/arms/gen3/7dof/meshes/forearm_link.STL
[0.882s] -- Up-to-date symlink: /home/sanmaster/pim-kinova/install/kortex_description/share/kortex_description/arms/gen3/7dof/meshes/forearm_link.dae
[0.882s] -- Up-to-date symlink: /home/sanmaster/pim-kinova/install/kortex_description/share/kortex_description/arms/gen3/7dof/meshes/half_arm_1_link.STL
[0.882s] -- Up-to-date symlink: /home/sanmaster/pim-kinova/install/kortex_description/share/kortex_description/arms/gen3/7dof/meshes/half_arm_1_link.dae
[0.882s] -- Up-to-date symlink: /home/sanmaster/pim-kinova/install/kortex_description/share/kortex_description/arms/gen3/7dof/meshes/half_arm_2_link.STL
[0.883s] -- Up-to-date symlink: /home/sanmaster/pim-kinova/install/kortex_description/share/kortex_description/arms/gen3/7dof/meshes/half_arm_2_link.dae
[0.883s] -- Up-to-date symlink: /home/sanmaster/pim-kinova/install/kortex_description/share/kortex_description/arms/gen3/7dof/meshes/shoulder_link.STL
[0.883s] -- Up-to-date symlink: /home/sanmaster/pim-kinova/install/kortex_description/share/kortex_description/arms/gen3/7dof/meshes/shoulder_link.dae
[0.883s] -- Up-to-date symlink: /home/sanmaster/pim-kinova/install/kortex_description/share/kortex_description/arms/gen3/7dof/meshes/spherical_wrist_1_link.STL
[0.883s] -- Up-to-date symlink: /home/sanmaster/pim-kinova/install/kortex_description/share/kortex_description/arms/gen3/7dof/meshes/spherical_wrist_1_link.dae
[0.883s] -- Up-to-date symlink: /home/sanmaster/pim-kinova/install/kortex_description/share/kortex_description/arms/gen3/7dof/meshes/spherical_wrist_2_link.STL
[0.883s] -- Up-to-date symlink: /home/sanmaster/pim-kinova/install/kortex_description/share/kortex_description/arms/gen3/7dof/meshes/spherical_wrist_2_link.dae
[0.884s] -- Up-to-date symlink: /home/sanmaster/pim-kinova/install/kortex_description/share/kortex_description/arms/gen3/7dof/urdf/gen3_macro.xacro
[0.884s] -- Up-to-date symlink: /home/sanmaster/pim-kinova/install/kortex_description/share/kortex_description/arms/gen3/7dof/urdf/gen3_transmission_macro.xacro
[0.884s] -- Up-to-date symlink: /home/sanmaster/pim-kinova/install/kortex_description/share/kortex_description/arms/gen3/7dof/urdf/kortex.ros2_control.xacro
[0.884s] -- Up-to-date symlink: /home/sanmaster/pim-kinova/install/kortex_description/share/kortex_description/arms/gen3_lite/6dof/config/joint_limits.yaml
[0.884s] -- Up-to-date symlink: /home/sanmaster/pim-kinova/install/kortex_description/share/kortex_description/arms/gen3_lite/6dof/config/ros2_controllers.yaml
[0.884s] -- Up-to-date symlink: /home/sanmaster/pim-kinova/install/kortex_description/share/kortex_description/arms/gen3_lite/6dof/config/twist_limits.yaml
[0.885s] -- Up-to-date symlink: /home/sanmaster/pim-kinova/install/kortex_description/share/kortex_description/arms/gen3_lite/6dof/meshes/arm_link.STL
[0.885s] -- Up-to-date symlink: /home/sanmaster/pim-kinova/install/kortex_description/share/kortex_description/arms/gen3_lite/6dof/meshes/base_link.STL
[0.885s] -- Up-to-date symlink: /home/sanmaster/pim-kinova/install/kortex_description/share/kortex_description/arms/gen3_lite/6dof/meshes/forearm_link.STL
[0.885s] -- Up-to-date symlink: /home/sanmaster/pim-kinova/install/kortex_description/share/kortex_description/arms/gen3_lite/6dof/meshes/lower_wrist_link.STL
[0.885s] -- Up-to-date symlink: /home/sanmaster/pim-kinova/install/kortex_description/share/kortex_description/arms/gen3_lite/6dof/meshes/shoulder_link.STL
[0.885s] -- Up-to-date symlink: /home/sanmaster/pim-kinova/install/kortex_description/share/kortex_description/arms/gen3_lite/6dof/meshes/upper_wrist_link.STL
[0.885s] -- Up-to-date symlink: /home/sanmaster/pim-kinova/install/kortex_description/share/kortex_description/arms/gen3_lite/6dof/urdf/gen3_lite_macro.xacro
[0.886s] -- Up-to-date symlink: /home/sanmaster/pim-kinova/install/kortex_description/share/kortex_description/arms/gen3_lite/6dof/urdf/gen3_lite_transmission_macro.xacro
[0.886s] -- Up-to-date symlink: /home/sanmaster/pim-kinova/install/kortex_description/share/kortex_description/arms/gen3_lite/6dof/urdf/kortex.ros2_control.xacro
[0.886s] -- Up-to-date symlink: /home/sanmaster/pim-kinova/install/kortex_description/share/kortex_description/grippers/gen3_lite_2f/config/joint_limits.yaml
[0.887s] -- Up-to-date symlink: /home/sanmaster/pim-kinova/install/kortex_description/share/kortex_description/grippers/gen3_lite_2f/meshes/gripper_base_link.STL
[0.887s] -- Up-to-date symlink: /home/sanmaster/pim-kinova/install/kortex_description/share/kortex_description/grippers/gen3_lite_2f/meshes/left_finger_dist_link.STL
[0.887s] -- Up-to-date symlink: /home/sanmaster/pim-kinova/install/kortex_description/share/kortex_description/grippers/gen3_lite_2f/meshes/left_finger_prox_link.STL
[0.887s] -- Up-to-date symlink: /home/sanmaster/pim-kinova/install/kortex_description/share/kortex_description/grippers/gen3_lite_2f/meshes/right_finger_dist_link.STL
[0.887s] -- Up-to-date symlink: /home/sanmaster/pim-kinova/install/kortex_description/share/kortex_description/grippers/gen3_lite_2f/meshes/right_finger_prox_link.STL
[0.887s] -- Up-to-date symlink: /home/sanmaster/pim-kinova/install/kortex_description/share/kortex_description/grippers/gen3_lite_2f/urdf/GEN3-LITE-GRIPPER_URDF_SIMPLIFIED_V2.urdf
[0.887s] -- Up-to-date symlink: /home/sanmaster/pim-kinova/install/kortex_description/share/kortex_description/grippers/gen3_lite_2f/urdf/gen3_lite_2f.ros2_control.xacro
[0.888s] -- Up-to-date symlink: /home/sanmaster/pim-kinova/install/kortex_description/share/kortex_description/grippers/gen3_lite_2f/urdf/gen3_lite_2f_macro.xacro
[0.888s] -- Up-to-date symlink: /home/sanmaster/pim-kinova/install/kortex_description/share/kortex_description/grippers/gen3_lite_2f/urdf/gen3_lite_2f_transmission_macro.xacro
[0.888s] -- Up-to-date symlink: /home/sanmaster/pim-kinova/install/kortex_description/share/kortex_description/grippers/robotiq_2f_140/LICENSE
[0.888s] -- Up-to-date symlink: /home/sanmaster/pim-kinova/install/kortex_description/share/kortex_description/grippers/robotiq_2f_140/README.md
[0.888s] -- Up-to-date symlink: /home/sanmaster/pim-kinova/install/kortex_description/share/kortex_description/grippers/robotiq_2f_140/urdf/robotiq_2f_140_macro.xacro
[0.888s] -- Up-to-date symlink: /home/sanmaster/pim-kinova/install/kortex_description/share/kortex_description/grippers/robotiq_2f_85/LICENSE
[0.889s] -- Up-to-date symlink: /home/sanmaster/pim-kinova/install/kortex_description/share/kortex_description/grippers/robotiq_2f_85/README.md
[0.889s] -- Up-to-date symlink: /home/sanmaster/pim-kinova/install/kortex_description/share/kortex_description/grippers/robotiq_2f_85/urdf/robotiq_2f_85_macro.xacro
[0.889s] -- Up-to-date symlink: /home/sanmaster/pim-kinova/install/kortex_description/share/kortex_description/launch/view_robot.launch.py
[0.889s] -- Up-to-date symlink: /home/sanmaster/pim-kinova/install/kortex_description/share/kortex_description/multiple_robots/kortex_dual_robots.xacro
[0.889s] -- Up-to-date symlink: /home/sanmaster/pim-kinova/install/kortex_description/share/kortex_description/robots/gen3.xacro
[0.890s] -- Up-to-date symlink: /home/sanmaster/pim-kinova/install/kortex_description/share/kortex_description/robots/gen3_2f85.urdf
[0.890s] -- Up-to-date symlink: /home/sanmaster/pim-kinova/install/kortex_description/share/kortex_description/robots/gen3_lite.urdf
[0.890s] -- Up-to-date symlink: /home/sanmaster/pim-kinova/install/kortex_description/share/kortex_description/robots/gen3_lite_gen3_lite_2f.xacro
[0.890s] -- Up-to-date symlink: /home/sanmaster/pim-kinova/install/kortex_description/share/kortex_description/robots/gen3_robotiq_2f_140.xacro
[0.890s] -- Up-to-date symlink: /home/sanmaster/pim-kinova/install/kortex_description/share/kortex_description/robots/gen3_robotiq_2f_85.xacro
[0.890s] -- Up-to-date symlink: /home/sanmaster/pim-kinova/install/kortex_description/share/kortex_description/robots/kinova.urdf.xacro
[0.890s] -- Up-to-date symlink: /home/sanmaster/pim-kinova/install/kortex_description/share/kortex_description/robots/kortex_robot.xacro
[0.891s] -- Up-to-date symlink: /home/sanmaster/pim-kinova/install/kortex_description/share/kortex_description/rviz/view_robot.rviz
[0.891s] -- Up-to-date symlink: /home/sanmaster/pim-kinova/install/kortex_description/share/kortex_description/config/initial_positions.yaml
[0.891s] -- Symlinking: /home/sanmaster/pim-kinova/install/kortex_description/share/kortex_description/hardware/include/kortex_description/r6bot_hardware.hpp
[0.899s] -- Symlinking: /home/sanmaster/pim-kinova/install/kortex_description/share/kortex_description/hardware/r6bot_hardware.cpp
[0.909s] -- Symlinking: /home/sanmaster/pim-kinova/install/kortex_description/include/kortex_description/kortex_description/r6bot_hardware.hpp
[0.916s] -- Symlinking: /home/sanmaster/pim-kinova/install/kortex_description/share/kortex_description/environment/library_path.sh
[0.924s] -- Symlinking: /home/sanmaster/pim-kinova/install/kortex_description/share/kortex_description/environment/library_path.dsv
[0.932s] -- Up-to-date symlink: /home/sanmaster/pim-kinova/install/kortex_description/share/ament_index/resource_index/package_run_dependencies/kortex_description
[0.933s] -- Up-to-date symlink: /home/sanmaster/pim-kinova/install/kortex_description/share/ament_index/resource_index/parent_prefix_path/kortex_description
[0.933s] -- Up-to-date symlink: /home/sanmaster/pim-kinova/install/kortex_description/share/kortex_description/environment/ament_prefix_path.sh
[0.933s] -- Up-to-date symlink: /home/sanmaster/pim-kinova/install/kortex_description/share/kortex_description/environment/ament_prefix_path.dsv
[0.933s] -- Up-to-date symlink: /home/sanmaster/pim-kinova/install/kortex_description/share/kortex_description/environment/path.sh
[0.933s] -- Up-to-date symlink: /home/sanmaster/pim-kinova/install/kortex_description/share/kortex_description/environment/path.dsv
[0.933s] -- Up-to-date symlink: /home/sanmaster/pim-kinova/install/kortex_description/share/kortex_description/local_setup.bash
[0.934s] -- Up-to-date symlink: /home/sanmaster/pim-kinova/install/kortex_description/share/kortex_description/local_setup.sh
[0.934s] -- Up-to-date symlink: /home/sanmaster/pim-kinova/install/kortex_description/share/kortex_description/local_setup.zsh
[0.934s] -- Up-to-date symlink: /home/sanmaster/pim-kinova/install/kortex_description/share/kortex_description/local_setup.dsv
[0.934s] -- Symlinking: /home/sanmaster/pim-kinova/install/kortex_description/share/kortex_description/package.dsv
[0.943s] -- Up-to-date symlink: /home/sanmaster/pim-kinova/install/kortex_description/share/ament_index/resource_index/packages/kortex_description
[0.943s] -- Symlinking: /home/sanmaster/pim-kinova/install/kortex_description/share/ament_index/resource_index/hardware_interface__pluginlib__plugin/kortex_description
[0.951s] -- Symlinking: /home/sanmaster/pim-kinova/install/kortex_description/share/kortex_description/cmake/ament_cmake_export_targets-extras.cmake
[0.958s] -- Symlinking: /home/sanmaster/pim-kinova/install/kortex_description/share/kortex_description/cmake/ament_cmake_export_dependencies-extras.cmake
[0.966s] -- Up-to-date symlink: /home/sanmaster/pim-kinova/install/kortex_description/share/kortex_description/cmake/kortex_descriptionConfig.cmake
[0.966s] -- Up-to-date symlink: /home/sanmaster/pim-kinova/install/kortex_description/share/kortex_description/cmake/kortex_descriptionConfig-version.cmake
[0.967s] -- Up-to-date symlink: /home/sanmaster/pim-kinova/install/kortex_description/share/kortex_description/package.xml
[0.967s] -- Installing: /home/sanmaster/pim-kinova/install/kortex_description/lib/libkortex_description.so
[0.968s] -- Set runtime path of "/home/sanmaster/pim-kinova/install/kortex_description/lib/libkortex_description.so" to ""
[0.968s] -- Installing: /home/sanmaster/pim-kinova/install/kortex_description/share/kortex_description/cmake/kortex_descriptionExport.cmake
[0.968s] -- Installing: /home/sanmaster/pim-kinova/install/kortex_description/share/kortex_description/cmake/kortex_descriptionExport-noconfig.cmake
[0.970s] Invoked command in '/home/sanmaster/pim-kinova/build/kortex_description' returned '0': CMAKE_PREFIX_PATH=${CMAKE_PREFIX_PATH}:/opt/ros/humble /usr/bin/cmake --install /home/sanmaster/pim-kinova/build/kortex_description
