[35m[1mConsolidate compiler generated dependencies of target custom_hardware_plugins[0m
[100%] Built target custom_hardware_plugins
-- Install configuration: ""
-- Execute custom install script
-- Up-to-date symlink: /home/sanmaster/pim-kinova/install/custom_hardware_plugins/share/custom_hardware_plugins//plugins.xml
-- Up-to-date symlink: /home/sanmaster/pim-kinova/install/custom_hardware_plugins/share/custom_hardware_plugins/plugins.xml
-- Up-to-date symlink: /home/sanmaster/pim-kinova/install/custom_hardware_plugins/share/custom_hardware_plugins/environment/library_path.sh
-- Up-to-date symlink: /home/sanmaster/pim-kinova/install/custom_hardware_plugins/share/custom_hardware_plugins/environment/library_path.dsv
-- Up-to-date symlink: /home/sanmaster/pim-kinova/install/custom_hardware_plugins/share/ament_index/resource_index/package_run_dependencies/custom_hardware_plugins
-- Up-to-date symlink: /home/sanmaster/pim-kinova/install/custom_hardware_plugins/share/ament_index/resource_index/parent_prefix_path/custom_hardware_plugins
-- Up-to-date symlink: /home/sanmaster/pim-kinova/install/custom_hardware_plugins/share/custom_hardware_plugins/environment/ament_prefix_path.sh
-- Up-to-date symlink: /home/sanmaster/pim-kinova/install/custom_hardware_plugins/share/custom_hardware_plugins/environment/ament_prefix_path.dsv
-- Up-to-date symlink: /home/sanmaster/pim-kinova/install/custom_hardware_plugins/share/custom_hardware_plugins/environment/path.sh
-- Up-to-date symlink: /home/sanmaster/pim-kinova/install/custom_hardware_plugins/share/custom_hardware_plugins/environment/path.dsv
-- Up-to-date symlink: /home/sanmaster/pim-kinova/install/custom_hardware_plugins/share/custom_hardware_plugins/local_setup.bash
-- Up-to-date symlink: /home/sanmaster/pim-kinova/install/custom_hardware_plugins/share/custom_hardware_plugins/local_setup.sh
-- Up-to-date symlink: /home/sanmaster/pim-kinova/install/custom_hardware_plugins/share/custom_hardware_plugins/local_setup.zsh
-- Up-to-date symlink: /home/sanmaster/pim-kinova/install/custom_hardware_plugins/share/custom_hardware_plugins/local_setup.dsv
-- Symlinking: /home/sanmaster/pim-kinova/install/custom_hardware_plugins/share/custom_hardware_plugins/package.dsv
-- Up-to-date symlink: /home/sanmaster/pim-kinova/install/custom_hardware_plugins/share/ament_index/resource_index/packages/custom_hardware_plugins
-- Up-to-date symlink: /home/sanmaster/pim-kinova/install/custom_hardware_plugins/share/ament_index/resource_index/custom_hardware_plugins__pluginlib__plugin/custom_hardware_plugins
-- Up-to-date symlink: /home/sanmaster/pim-kinova/install/custom_hardware_plugins/share/custom_hardware_plugins/cmake/ament_cmake_export_dependencies-extras.cmake
-- Up-to-date symlink: /home/sanmaster/pim-kinova/install/custom_hardware_plugins/share/custom_hardware_plugins/cmake/ament_cmake_export_targets-extras.cmake
-- Up-to-date symlink: /home/sanmaster/pim-kinova/install/custom_hardware_plugins/share/custom_hardware_plugins/cmake/custom_hardware_pluginsConfig.cmake
-- Up-to-date symlink: /home/sanmaster/pim-kinova/install/custom_hardware_plugins/share/custom_hardware_plugins/cmake/custom_hardware_pluginsConfig-version.cmake
-- Up-to-date symlink: /home/sanmaster/pim-kinova/install/custom_hardware_plugins/share/custom_hardware_plugins/package.xml
-- Up-to-date: /home/sanmaster/pim-kinova/install/custom_hardware_plugins/lib/libcustom_hardware_plugins.so
-- Up-to-date: /home/sanmaster/pim-kinova/install/custom_hardware_plugins/share/custom_hardware_plugins/cmake/custom_hardware_pluginsExport.cmake
-- Up-to-date: /home/sanmaster/pim-kinova/install/custom_hardware_plugins/share/custom_hardware_plugins/cmake/custom_hardware_pluginsExport-noconfig.cmake
