[0.008s] Invoking command in '/home/sanmaster/pim-kinova/build/kortex_bringup': AMENT_PREFIX_PATH=/home/sanmaster/pim-kinova/install/kortex_description:${AMENT_PREFIX_PATH} CMAKE_PREFIX_PATH=/home/sanmaster/pim-kinova/install/kortex_description:/opt/ros/humble /usr/bin/cmake /home/sanmaster/pim-kinova/src/kortex_bringup -DAMENT_CMAKE_SYMLINK_INSTALL=1 -DCMAKE_INSTALL_PREFIX=/home/sanmaster/pim-kinova/install/kortex_bringup
[0.061s] -- The C compiler identification is GNU 11.4.0
[0.118s] -- The CXX compiler identification is GNU 11.4.0
[0.126s] -- Detecting C compiler ABI info
[0.199s] -- Detecting C compiler ABI info - done
[0.211s] -- Check for working C compiler: /usr/bin/cc - skipped
[0.211s] -- Detecting C compile features
[0.212s] -- Detecting C compile features - done
[0.215s] -- Detecting CXX compiler ABI info
[0.302s] -- Detecting CXX compiler ABI info - done
[0.318s] -- Check for working CXX compiler: /usr/bin/c++ - skipped
[0.318s] -- Detecting CXX compile features
[0.319s] -- Detecting CXX compile features - done
[0.322s] -- Found ament_cmake: 1.3.10 (/opt/ros/humble/share/ament_cmake/cmake)
[0.494s] -- Found Python3: /usr/bin/python3 (found version "3.10.12") found components: Interpreter 
[0.561s] -- Override CMake install command with custom implementation using symlinks instead of copying resources
[0.663s] -- Configuring done
[0.667s] -- Generating done
[0.668s] -- Build files have been written to: /home/sanmaster/pim-kinova/build/kortex_bringup
[0.672s] Invoked command in '/home/sanmaster/pim-kinova/build/kortex_bringup' returned '0': AMENT_PREFIX_PATH=/home/sanmaster/pim-kinova/install/kortex_description:${AMENT_PREFIX_PATH} CMAKE_PREFIX_PATH=/home/sanmaster/pim-kinova/install/kortex_description:/opt/ros/humble /usr/bin/cmake /home/sanmaster/pim-kinova/src/kortex_bringup -DAMENT_CMAKE_SYMLINK_INSTALL=1 -DCMAKE_INSTALL_PREFIX=/home/sanmaster/pim-kinova/install/kortex_bringup
[0.674s] Invoking command in '/home/sanmaster/pim-kinova/build/kortex_bringup': AMENT_PREFIX_PATH=/home/sanmaster/pim-kinova/install/kortex_description:${AMENT_PREFIX_PATH} CMAKE_PREFIX_PATH=/home/sanmaster/pim-kinova/install/kortex_description:/opt/ros/humble /usr/bin/cmake --build /home/sanmaster/pim-kinova/build/kortex_bringup -- -j12 -l12
[0.712s] Invoked command in '/home/sanmaster/pim-kinova/build/kortex_bringup' returned '0': AMENT_PREFIX_PATH=/home/sanmaster/pim-kinova/install/kortex_description:${AMENT_PREFIX_PATH} CMAKE_PREFIX_PATH=/home/sanmaster/pim-kinova/install/kortex_description:/opt/ros/humble /usr/bin/cmake --build /home/sanmaster/pim-kinova/build/kortex_bringup -- -j12 -l12
[0.734s] Invoking command in '/home/sanmaster/pim-kinova/build/kortex_bringup': AMENT_PREFIX_PATH=/home/sanmaster/pim-kinova/install/kortex_description:${AMENT_PREFIX_PATH} CMAKE_PREFIX_PATH=/home/sanmaster/pim-kinova/install/kortex_description:/opt/ros/humble /usr/bin/cmake --install /home/sanmaster/pim-kinova/build/kortex_bringup
[0.742s] -- Install configuration: ""
[0.743s] -- Execute custom install script
[0.743s] -- Symlinking: /home/sanmaster/pim-kinova/install/kortex_bringup/lib/kortex_bringup/test_huge_joint_space_jump.py
[0.752s] -- Symlinking: /home/sanmaster/pim-kinova/install/kortex_bringup/share/kortex_bringup/config/servo.yaml
[0.760s] -- Symlinking: /home/sanmaster/pim-kinova/install/kortex_bringup/share/kortex_bringup/config/test_huge_joint_space_jump_config.yaml
[0.769s] -- Symlinking: /home/sanmaster/pim-kinova/install/kortex_bringup/share/kortex_bringup/config/test_trajectory_goal_publishers_config.yaml
[0.777s] -- Symlinking: /home/sanmaster/pim-kinova/install/kortex_bringup/share/kortex_bringup/launch/gen3.launch.py
[0.786s] -- Symlinking: /home/sanmaster/pim-kinova/install/kortex_bringup/share/kortex_bringup/launch/gen3_lite.launch.py
[0.794s] -- Symlinking: /home/sanmaster/pim-kinova/install/kortex_bringup/share/kortex_bringup/launch/kortex_control.launch.py
[0.803s] -- Symlinking: /home/sanmaster/pim-kinova/install/kortex_bringup/share/kortex_bringup/launch/kortex_sim_control.launch.py
[0.812s] -- Symlinking: /home/sanmaster/pim-kinova/install/kortex_bringup/share/kortex_bringup/launch/test_huge_joint_space_jump.launch.py
[0.821s] -- Symlinking: /home/sanmaster/pim-kinova/install/kortex_bringup/share/kortex_bringup/launch/test_joint_trajectory_controller.launch.py
[0.829s] -- Symlinking: /home/sanmaster/pim-kinova/install/kortex_bringup/share/ament_index/resource_index/package_run_dependencies/kortex_bringup
[0.838s] -- Symlinking: /home/sanmaster/pim-kinova/install/kortex_bringup/share/ament_index/resource_index/parent_prefix_path/kortex_bringup
[0.847s] -- Symlinking: /home/sanmaster/pim-kinova/install/kortex_bringup/share/kortex_bringup/environment/ament_prefix_path.sh
[0.855s] -- Symlinking: /home/sanmaster/pim-kinova/install/kortex_bringup/share/kortex_bringup/environment/ament_prefix_path.dsv
[0.864s] -- Symlinking: /home/sanmaster/pim-kinova/install/kortex_bringup/share/kortex_bringup/environment/path.sh
[0.873s] -- Symlinking: /home/sanmaster/pim-kinova/install/kortex_bringup/share/kortex_bringup/environment/path.dsv
[0.881s] -- Symlinking: /home/sanmaster/pim-kinova/install/kortex_bringup/share/kortex_bringup/local_setup.bash
[0.890s] -- Symlinking: /home/sanmaster/pim-kinova/install/kortex_bringup/share/kortex_bringup/local_setup.sh
[0.898s] -- Symlinking: /home/sanmaster/pim-kinova/install/kortex_bringup/share/kortex_bringup/local_setup.zsh
[0.907s] -- Symlinking: /home/sanmaster/pim-kinova/install/kortex_bringup/share/kortex_bringup/local_setup.dsv
[0.916s] -- Symlinking: /home/sanmaster/pim-kinova/install/kortex_bringup/share/kortex_bringup/package.dsv
[0.924s] -- Symlinking: /home/sanmaster/pim-kinova/install/kortex_bringup/share/ament_index/resource_index/packages/kortex_bringup
[0.933s] -- Symlinking: /home/sanmaster/pim-kinova/install/kortex_bringup/share/kortex_bringup/cmake/kortex_bringupConfig.cmake
[0.942s] -- Symlinking: /home/sanmaster/pim-kinova/install/kortex_bringup/share/kortex_bringup/cmake/kortex_bringupConfig-version.cmake
[0.950s] -- Symlinking: /home/sanmaster/pim-kinova/install/kortex_bringup/share/kortex_bringup/package.xml
[0.961s] Invoked command in '/home/sanmaster/pim-kinova/build/kortex_bringup' returned '0': AMENT_PREFIX_PATH=/home/sanmaster/pim-kinova/install/kortex_description:${AMENT_PREFIX_PATH} CMAKE_PREFIX_PATH=/home/sanmaster/pim-kinova/install/kortex_description:/opt/ros/humble /usr/bin/cmake --install /home/sanmaster/pim-kinova/build/kortex_bringup
