[1.206s] Invoking command in '/home/sanmaster/pim-kinova/build/barrier_control': PYTHONPATH=/home/sanmaster/pim-kinova/build/barrier_control/prefix_override:/usr/lib/python3/dist-packages/colcon_core/task/python/colcon_distutils_commands:/home/sanmaster/pim-kinova/install/barrier_control/lib/python3.10/site-packages:${PYTHONPATH} /usr/bin/python3 -W ignore:setup.py install is deprecated setup.py develop --editable --build-directory /home/sanmaster/pim-kinova/build/barrier_control/build --no-deps symlink_data
[1.699s] running develop
[1.701s] /usr/lib/python3/dist-packages/setuptools/command/easy_install.py:158: EasyInstallDeprecationWarning: easy_install command is deprecated. Use build and pip and other standards-based tools.
[1.701s]   warnings.warn(
[2.076s] running egg_info
[2.077s] writing barrier_control.egg-info/PKG-INFO
[2.077s] writing dependency_links to barrier_control.egg-info/dependency_links.txt
[2.078s] writing entry points to barrier_control.egg-info/entry_points.txt
[2.078s] writing requirements to barrier_control.egg-info/requires.txt
[2.078s] writing top-level names to barrier_control.egg-info/top_level.txt
[2.080s] reading manifest file 'barrier_control.egg-info/SOURCES.txt'
[2.082s] writing manifest file 'barrier_control.egg-info/SOURCES.txt'
[2.085s] running build_ext
[2.087s] Creating /home/sanmaster/pim-kinova/install/barrier_control/lib/python3.10/site-packages/barrier-control.egg-link (link to .)
[2.088s] Installing pose_listener script to /home/sanmaster/pim-kinova/install/barrier_control/lib/barrier_control
[2.089s] Installing rigid_body_dynamics_controller script to /home/sanmaster/pim-kinova/install/barrier_control/lib/barrier_control
[2.089s] Installing state_listener script to /home/sanmaster/pim-kinova/install/barrier_control/lib/barrier_control
[2.089s] 
[2.089s] Installed /home/sanmaster/pim-kinova/build/barrier_control
[2.089s] running symlink_data
[2.127s] Invoked command in '/home/sanmaster/pim-kinova/build/barrier_control' returned '0': PYTHONPATH=/home/sanmaster/pim-kinova/build/barrier_control/prefix_override:/usr/lib/python3/dist-packages/colcon_core/task/python/colcon_distutils_commands:/home/sanmaster/pim-kinova/install/barrier_control/lib/python3.10/site-packages:${PYTHONPATH} /usr/bin/python3 -W ignore:setup.py install is deprecated setup.py develop --editable --build-directory /home/sanmaster/pim-kinova/build/barrier_control/build --no-deps symlink_data
