[0.009s] Invoking command in '/home/sanmaster/pim-kinova/build/custom_hardware_plugins': CMAKE_PREFIX_PATH=/opt/ros/humble /usr/bin/cmake /home/sanmaster/pim-kinova/src/custom_hardware_plugins -DAMENT_CMAKE_SYMLINK_INSTALL=1 -DCMAKE_INSTALL_PREFIX=/home/sanmaster/pim-kinova/install/custom_hardware_plugins
[0.068s] -- The C compiler identification is GNU 11.4.0
[0.127s] -- The CXX compiler identification is GNU 11.4.0
[0.138s] -- Detecting C compiler ABI info
[0.206s] -- Detecting C compiler ABI info - done
[0.214s] -- Check for working C compiler: /usr/bin/cc - skipped
[0.214s] -- Detecting C compile features
[0.215s] -- Detecting C compile features - done
[0.218s] -- Detecting CXX compiler ABI info
[0.301s] -- Detecting CXX compiler ABI info - done
[0.310s] -- Check for working CXX compiler: /usr/bin/c++ - skipped
[0.310s] -- Detecting CXX compile features
[0.311s] -- Detecting CXX compile features - done
[0.318s] -- Found ament_cmake: 1.3.10 (/opt/ros/humble/share/ament_cmake/cmake)
[0.478s] -- Found Python3: /usr/bin/python3 (found version "3.10.12") found components: Interpreter 
[0.546s] -- Override CMake install command with custom implementation using symlinks instead of copying resources
[0.589s] -- Found hardware_interface: 2.43.0 (/opt/ros/humble/share/hardware_interface/cmake)
[0.655s] -- Found rosidl_generator_c: 3.1.5 (/opt/ros/humble/share/rosidl_generator_c/cmake)
[0.663s] -- Found rosidl_adapter: 3.1.5 (/opt/ros/humble/share/rosidl_adapter/cmake)
[0.677s] -- Found rosidl_generator_cpp: 3.1.5 (/opt/ros/humble/share/rosidl_generator_cpp/cmake)
[0.697s] -- Using all available rosidl_typesupport_c: rosidl_typesupport_fastrtps_c;rosidl_typesupport_introspection_c
[0.727s] -- Using all available rosidl_typesupport_cpp: rosidl_typesupport_fastrtps_cpp;rosidl_typesupport_introspection_cpp
[1.037s] -- Found rmw_implementation_cmake: 6.1.2 (/opt/ros/humble/share/rmw_implementation_cmake/cmake)
[1.042s] -- Found rmw_fastrtps_cpp: 6.2.7 (/opt/ros/humble/share/rmw_fastrtps_cpp/cmake)
[1.081s] -- Found TinyXML2 via Config file: TinyXML2_DIR-NOTFOUND
[1.136s] -- Found OpenSSL: /usr/lib/x86_64-linux-gnu/libcrypto.so (found version "3.0.2")  
[1.141s] -- Found TinyXML2 via Config file: TinyXML2_DIR-NOTFOUND
[1.158s] -- Found FastRTPS: /opt/ros/humble/include  
[1.161s] -- Found TinyXML2 via Config file: TinyXML2_DIR-NOTFOUND
[1.171s] -- Found TinyXML2 via Config file: TinyXML2_DIR-NOTFOUND
[1.181s] -- Using RMW implementation 'rmw_fastrtps_cpp' as default
[1.195s] -- Looking for pthread.h
[1.268s] -- Looking for pthread.h - found
[1.268s] -- Performing Test CMAKE_HAVE_LIBC_PTHREAD
[1.346s] -- Performing Test CMAKE_HAVE_LIBC_PTHREAD - Success
[1.347s] -- Found Threads: TRUE  
[1.489s] -- Configuring done
[1.548s] -- Generating done
[1.550s] -- Build files have been written to: /home/sanmaster/pim-kinova/build/custom_hardware_plugins
[1.561s] Invoked command in '/home/sanmaster/pim-kinova/build/custom_hardware_plugins' returned '0': CMAKE_PREFIX_PATH=/opt/ros/humble /usr/bin/cmake /home/sanmaster/pim-kinova/src/custom_hardware_plugins -DAMENT_CMAKE_SYMLINK_INSTALL=1 -DCMAKE_INSTALL_PREFIX=/home/sanmaster/pim-kinova/install/custom_hardware_plugins
[1.562s] Invoking command in '/home/sanmaster/pim-kinova/build/custom_hardware_plugins': CMAKE_PREFIX_PATH=/opt/ros/humble /usr/bin/cmake --build /home/sanmaster/pim-kinova/build/custom_hardware_plugins -- -j12 -l12
[1.612s] [ 50%] [32mBuilding CXX object CMakeFiles/velocity_integrator_hardware.dir/src/velocity_integrator_hardware.cpp.o[0m
[3.058s] [100%] [32m[1mLinking CXX shared library libvelocity_integrator_hardware.so[0m
[3.222s] [100%] Built target velocity_integrator_hardware
[3.232s] Invoked command in '/home/sanmaster/pim-kinova/build/custom_hardware_plugins' returned '0': CMAKE_PREFIX_PATH=/opt/ros/humble /usr/bin/cmake --build /home/sanmaster/pim-kinova/build/custom_hardware_plugins -- -j12 -l12
[3.257s] Invoking command in '/home/sanmaster/pim-kinova/build/custom_hardware_plugins': CMAKE_PREFIX_PATH=/opt/ros/humble /usr/bin/cmake --install /home/sanmaster/pim-kinova/build/custom_hardware_plugins
[3.264s] -- Install configuration: ""
[3.264s] -- Execute custom install script
[3.265s] -- Symlinking: /home/sanmaster/pim-kinova/install/custom_hardware_plugins/lib/libvelocity_integrator_hardware.so
[3.273s] -- Symlinking: /home/sanmaster/pim-kinova/install/custom_hardware_plugins/share/custom_hardware_plugins/plugins.xml
[3.281s] -- Symlinking: /home/sanmaster/pim-kinova/install/custom_hardware_plugins/share/custom_hardware_plugins/environment/library_path.sh
[3.289s] -- Symlinking: /home/sanmaster/pim-kinova/install/custom_hardware_plugins/share/custom_hardware_plugins/environment/library_path.dsv
[3.297s] -- Symlinking: /home/sanmaster/pim-kinova/install/custom_hardware_plugins/share/ament_index/resource_index/package_run_dependencies/custom_hardware_plugins
[3.306s] -- Symlinking: /home/sanmaster/pim-kinova/install/custom_hardware_plugins/share/ament_index/resource_index/parent_prefix_path/custom_hardware_plugins
[3.314s] -- Symlinking: /home/sanmaster/pim-kinova/install/custom_hardware_plugins/share/custom_hardware_plugins/environment/ament_prefix_path.sh
[3.322s] -- Symlinking: /home/sanmaster/pim-kinova/install/custom_hardware_plugins/share/custom_hardware_plugins/environment/ament_prefix_path.dsv
[3.330s] -- Symlinking: /home/sanmaster/pim-kinova/install/custom_hardware_plugins/share/custom_hardware_plugins/environment/path.sh
[3.338s] -- Symlinking: /home/sanmaster/pim-kinova/install/custom_hardware_plugins/share/custom_hardware_plugins/environment/path.dsv
[3.346s] -- Symlinking: /home/sanmaster/pim-kinova/install/custom_hardware_plugins/share/custom_hardware_plugins/local_setup.bash
[3.354s] -- Symlinking: /home/sanmaster/pim-kinova/install/custom_hardware_plugins/share/custom_hardware_plugins/local_setup.sh
[3.362s] -- Symlinking: /home/sanmaster/pim-kinova/install/custom_hardware_plugins/share/custom_hardware_plugins/local_setup.zsh
[3.370s] -- Symlinking: /home/sanmaster/pim-kinova/install/custom_hardware_plugins/share/custom_hardware_plugins/local_setup.dsv
[3.378s] -- Symlinking: /home/sanmaster/pim-kinova/install/custom_hardware_plugins/share/custom_hardware_plugins/package.dsv
[3.386s] -- Symlinking: /home/sanmaster/pim-kinova/install/custom_hardware_plugins/share/ament_index/resource_index/packages/custom_hardware_plugins
[3.394s] -- Symlinking: /home/sanmaster/pim-kinova/install/custom_hardware_plugins/share/custom_hardware_plugins/cmake/ament_cmake_export_dependencies-extras.cmake
[3.403s] -- Symlinking: /home/sanmaster/pim-kinova/install/custom_hardware_plugins/share/custom_hardware_plugins/cmake/ament_cmake_export_libraries-extras.cmake
[3.411s] -- Symlinking: /home/sanmaster/pim-kinova/install/custom_hardware_plugins/share/custom_hardware_plugins/cmake/custom_hardware_pluginsConfig.cmake
[3.418s] -- Symlinking: /home/sanmaster/pim-kinova/install/custom_hardware_plugins/share/custom_hardware_plugins/cmake/custom_hardware_pluginsConfig-version.cmake
[3.427s] -- Symlinking: /home/sanmaster/pim-kinova/install/custom_hardware_plugins/share/custom_hardware_plugins/package.xml
[3.437s] Invoked command in '/home/sanmaster/pim-kinova/build/custom_hardware_plugins' returned '0': CMAKE_PREFIX_PATH=/opt/ros/humble /usr/bin/cmake --install /home/sanmaster/pim-kinova/build/custom_hardware_plugins
